Archive member included to satisfy reference by file (symbol)

.\CortexM0\ARM_GCC_541\Debug\GATT Notification - Data Outgoing.a(BLE.o)
                              .\CortexM0\ARM_GCC_541\Debug\main.o (symbol from plugin) (CyBle_Start)
.\CortexM0\ARM_GCC_541\Debug\GATT Notification - Data Outgoing.a(BLE_gatt.o)
                              .\CortexM0\ARM_GCC_541\Debug\main.o (symbol from plugin) (cyBle_state)
.\CortexM0\ARM_GCC_541\Debug\GATT Notification - Data Outgoing.a(BLE_eventHandler.o)
                              BLE.o (symbol from plugin) (CyBle_EventHandler)
.\CortexM0\ARM_GCC_541\Debug\GATT Notification - Data Outgoing.a(BLE_custom.o)
                              BLE.o (symbol from plugin) (CyBle_CustomInit)
.\CortexM0\ARM_GCC_541\Debug\GATT Notification - Data Outgoing.a(UART.o)
                              .\CortexM0\ARM_GCC_541\Debug\main.o (symbol from plugin) (UART_Start)
.\CortexM0\ARM_GCC_541\Debug\GATT Notification - Data Outgoing.a(UART_SPI_UART.o)
                              .\CortexM0\ARM_GCC_541\Debug\main.o (symbol from plugin) (UART_SpiUartWriteTxData)
.\CortexM0\ARM_GCC_541\Debug\GATT Notification - Data Outgoing.a(UART_UART.o)
                              UART.o (symbol from plugin) (UART_UartInit)
.\CortexM0\ARM_GCC_541\Debug\GATT Notification - Data Outgoing.a(CyLib.o)
                              .\CortexM0\ARM_GCC_541\Debug\cyfitter_cfg.o (symbol from plugin) (CySysClkWriteImoFreq)
.\CortexM0\ARM_GCC_541\Debug\GATT Notification - Data Outgoing.a(CyLFClk.o)
                              .\CortexM0\ARM_GCC_541\Debug\cyfitter_cfg.o (symbol from plugin) (CySysClkWcoStart)
.\CortexM0\ARM_GCC_541\Debug\GATT Notification - Data Outgoing.a(CyBootAsmGnu.o)
                              .\CortexM0\ARM_GCC_541\Debug\cyfitter_cfg.o (symbol from plugin) (CyDelayCycles)
..\..\..\..\Documents\PSoC Creator\4.1\Downloads ( 4.1).cylib\BLE_v3_40\Library\gccCyBLEStack_BLE_SOC_PERIPHERAL.a(CyBle.o)
                              .\CortexM0\ARM_GCC_541\Debug\main.o (symbol from plugin) (CyBle_ProcessEvents)
..\..\..\..\Documents\PSoC Creator\4.1\Downloads ( 4.1).cylib\BLE_v3_40\Library\gccCyBLEStack_BLE_SOC_PERIPHERAL.a(CyBleStackMgrIP_Interface.o)
                              ..\..\..\..\Documents\PSoC Creator\4.1\Downloads ( 4.1).cylib\BLE_v3_40\Library\gccCyBLEStack_BLE_SOC_PERIPHERAL.a(CyBle.o) (CyBleStackMgr_Init)
..\..\..\..\Documents\PSoC Creator\4.1\Downloads ( 4.1).cylib\BLE_v3_40\Library\gccCyBLEStack_BLE_SOC_PERIPHERAL.a(BT_os.o)
                              ..\..\..\..\Documents\PSoC Creator\4.1\Downloads ( 4.1).cylib\BLE_v3_40\Library\gccCyBLEStack_BLE_SOC_PERIPHERAL.a(CyBleStackMgrIP_Interface.o) (cyBleStackMemoryConfig)
..\..\..\..\Documents\PSoC Creator\4.1\Downloads ( 4.1).cylib\BLE_v3_40\Library\gccCyBLEStack_BLE_SOC_PERIPHERAL.a(BT_timer.o)
                              ..\..\..\..\Documents\PSoC Creator\4.1\Downloads ( 4.1).cylib\BLE_v3_40\Library\gccCyBLEStack_BLE_SOC_PERIPHERAL.a(CyBleStackMgrIP_Interface.o) (timer_init)
..\..\..\..\Documents\PSoC Creator\4.1\Downloads ( 4.1).cylib\BLE_v3_40\Library\gccCyBLEStack_BLE_SOC_PERIPHERAL.a(CyBleStackMgr_StackTaskHandler.o)
                              ..\..\..\..\Documents\PSoC Creator\4.1\Downloads ( 4.1).cylib\BLE_v3_40\Library\gccCyBLEStack_BLE_SOC_PERIPHERAL.a(BT_timer.o) (BLE_STACK_TASK_EVT)
..\..\..\..\Documents\PSoC Creator\4.1\Downloads ( 4.1).cylib\BLE_v3_40\Library\gccCyBLEStack_BLE_SOC_PERIPHERAL.a(transport_sf.o)
                              ..\..\..\..\Documents\PSoC Creator\4.1\Downloads ( 4.1).cylib\BLE_v3_40\Library\gccCyBLEStack_BLE_SOC_PERIPHERAL.a(CyBleStackMgr_StackTaskHandler.o) (hci_soft_transport_notify_data_received)
..\..\..\..\Documents\PSoC Creator\4.1\Downloads ( 4.1).cylib\BLE_v3_40\Library\gccCyBLEStack_BLE_SOC_PERIPHERAL.a(CyBleStackMgr_PSoCHal.o)
                              ..\..\..\..\Documents\PSoC Creator\4.1\Downloads ( 4.1).cylib\BLE_v3_40\Library\gccCyBLEStack_BLE_SOC_PERIPHERAL.a(BT_timer.o) (CyBleStackMgr_GetTime)
..\..\..\..\Documents\PSoC Creator\4.1\Downloads ( 4.1).cylib\BLE_v3_40\Library\gccCyBLEStack_BLE_SOC_PERIPHERAL.a(CyBleStackMgr_BleSSDriver.o)
                              ..\..\..\..\Documents\PSoC Creator\4.1\Downloads ( 4.1).cylib\BLE_v3_40\Library\gccCyBLEStack_BLE_SOC_PERIPHERAL.a(CyBleStackMgrIP_Interface.o) (CyBleStackMgr_BleSSInit)
..\..\..\..\Documents\PSoC Creator\4.1\Downloads ( 4.1).cylib\BLE_v3_40\Library\gccCyBLEStack_BLE_SOC_PERIPHERAL.a(config_bin.o)
                              ..\..\..\..\Documents\PSoC Creator\4.1\Downloads ( 4.1).cylib\BLE_v3_40\Library\gccCyBLEStack_BLE_SOC_PERIPHERAL.a(CyBleStackMgr_PSoCHal.o) (bt_cfg_pdata)
..\..\..\..\Documents\PSoC Creator\4.1\Downloads ( 4.1).cylib\BLE_v3_40\Library\gccCyBLEStack_BLE_SOC_PERIPHERAL.a(storage_pl.o)
                              ..\..\..\..\Documents\PSoC Creator\4.1\Downloads ( 4.1).cylib\BLE_v3_40\Library\gccCyBLEStack_BLE_SOC_PERIPHERAL.a(CyBle.o) (storage_register_flash_pointer)
[...]
Memory Configuration

Name             Origin             Length             Attributes
rom              0x00000000         0x00020000         xr
ram              0x20000000         0x00004000         xrw
*default*        0x00000000         0xffffffff

Linker script and memory map

LOAD c:/program files (x86)/cypress/psoc creator/4.1/psoc creator/import/gnu/arm/5.4.1/bin/../lib/gcc/arm-none-eabi/5.4.1/armv6-m/crti.o
LOAD c:/program files (x86)/cypress/psoc creator/4.1/psoc creator/import/gnu/arm/5.4.1/bin/../lib/gcc/arm-none-eabi/5.4.1/armv6-m/crtbegin.o
LOAD c:/program files (x86)/cypress/psoc creator/4.1/psoc creator/import/gnu/arm/5.4.1/bin/../lib/gcc/arm-none-eabi/5.4.1/../../../../arm-none-eabi/lib/armv6-m/crt0.o
START GROUP
LOAD .\CortexM0\ARM_GCC_541\Debug\main.o
LOAD C:\Users\Daniela\AppData\Local\Temp\ccoqkeCH.ltrans0.ltrans.o
LOAD .\CortexM0\ARM_GCC_541\Debug\common.o
LOAD .\CortexM0\ARM_GCC_541\Debug\cyfitter_cfg.o
LOAD .\CortexM0\ARM_GCC_541\Debug\cymetadata.o
LOAD .\CortexM0\ARM_GCC_541\Debug\Cm0Start.o
LOAD .\CortexM0\ARM_GCC_541\Debug\GATT Notification - Data Outgoing.a
LOAD ..\..\..\..\Documents\PSoC Creator\4.1\Downloads ( 4.1).cylib\BLE_v3_40\Library\gccCyBLEStack_BLE_SOC_PERIPHERAL.a
LOAD C:\Program Files (x86)\Cypress\PSoC Creator\4.1\PSoC Creator\psoc\content\cycomponentlibrary\CyComponentLibrary.cylib\CortexM0\ARM_GCC_541\Debug\CyComponentLibrary.a
END GROUP
START GROUP
LOAD c:/program files (x86)/cypress/psoc creator/4.1/psoc creator/import/gnu/arm/5.4.1/bin/../lib/gcc/arm-none-eabi/5.4.1/armv6-m\libgcc.a
LOAD c:/program files (x86)/cypress/psoc creator/4.1/psoc creator/import/gnu/arm/5.4.1/bin/../lib/gcc/arm-none-eabi/5.4.1/../../../../arm-none-eabi/lib/armv6-m\libg_nano.a
LOAD c:/program files (x86)/cypress/psoc creator/4.1/psoc creator/import/gnu/arm/5.4.1/bin/../lib/gcc/arm-none-eabi/5.4.1/../../../../arm-none-eabi/lib/armv6-m\libc_nano.a
END GROUP
START GROUP
LOAD c:/program files (x86)/cypress/psoc creator/4.1/psoc creator/import/gnu/arm/5.4.1/bin/../lib/gcc/arm-none-eabi/5.4.1/armv6-m\libgcc.a
LOAD c:/program files (x86)/cypress/psoc creator/4.1/psoc creator/import/gnu/arm/5.4.1/bin/../lib/gcc/arm-none-eabi/5.4.1/../../../../arm-none-eabi/lib/armv6-m\libc_nano.a
END GROUP
LOAD c:/program files (x86)/cypress/psoc creator/4.1/psoc creator/import/gnu/arm/5.4.1/bin/../lib/gcc/arm-none-eabi/5.4.1/armv6-m/crtend.o
LOAD c:/program files (x86)/cypress/psoc creator/4.1/psoc creator/import/gnu/arm/5.4.1/bin/../lib/gcc/arm-none-eabi/5.4.1/armv6-m/crtn.o
START GROUP
LOAD c:/program files (x86)/cypress/psoc creator/4.1/psoc creator/import/gnu/arm/5.4.1/bin/../lib/gcc/arm-none-eabi/5.4.1/armv6-m\libgcc.a
LOAD c:/program files (x86)/cypress/psoc creator/4.1/psoc creator/import/gnu/arm/5.4.1/bin/../lib/gcc/arm-none-eabi/5.4.1/../../../../arm-none-eabi/lib/armv6-m\libc.a
LOAD c:/program files (x86)/cypress/psoc creator/4.1/psoc creator/import/gnu/arm/5.4.1/bin/../lib/gcc/arm-none-eabi/5.4.1/../../../../arm-none-eabi/lib/armv6-m\libnosys.a
END GROUP
                0x00000000                CY_APPL_ORIGIN = 0x0
                0x00000080                CY_FLASH_ROW_SIZE = 0x80
                0x00000001                CY_APPL_NUM = 0x1
                0x00000001                CY_APPL_MAX = 0x1
                0x00000040                CY_METADATA_SIZE = 0x40
                0x00000000                CY_APPL_LOADABLE = 0x0
                0x00000000                CY_CHECKSUM_EXCLUDE_SIZE = ALIGN (0x0, CY_FLASH_ROW_SIZE)
                0x00000000                CY_APP_FOR_STACK_AND_COPIER = 0x0
                [!provide]                PROVIDE (__cy_heap_start, _end)
                0x00000001                PROVIDE (__cy_region_num, ((__cy_regions_end - __cy_regions) / 0x10))
                0x20004000                PROVIDE (__cy_stack, (ORIGIN (ram) + LENGTH (ram)))
                [!provide]                PROVIDE (__cy_heap_end, (__cy_stack - 0x800))

.cybootloader   0x00000000        0x0
 *(.cybootloader)
                0x00000000                appl1_start = CY_APPL_ORIGIN?CY_APPL_ORIGIN:ALIGN (CY_FLASH_ROW_SIZE)
                0x0000ff80                appl2_start = (appl1_start + ALIGN ((((LENGTH (rom) - appl1_start) - (0x2 * CY_FLASH_ROW_SIZE)) / 0x2), CY_FLASH_ROW_SIZE))
                0x00000000                appl_start = (CY_APPL_NUM == 0x1)?appl1_start:appl2_start
                0x00000001                cy_project_type_bootloader = (appl_start == 0x0)?0x1:0x0
                0x00000000                cy_project_type_app_for_stack_and_copier = (CY_APP_FOR_STACK_AND_COPIER == 0x1)?0x1:0x0

.text           0x00000000     0x11c4
 CREATE_OBJECT_SYMBOLS
                0x00000000                PROVIDE (__cy_interrupt_vector, RomVectors)
 *(.romvectors)
 .romvectors    0x00000000       0x10 C:\Users\Daniela\AppData\Local\Temp\ccoqkeCH.ltrans0.ltrans.o
                0x00000000                RomVectors
                0x00000001                ASSERT ((. != __cy_interrupt_vector), No interrupt vector)
                0x00000001                ASSERT (CY_APPL_ORIGIN?(SIZEOF (.cybootloader) <= CY_APPL_ORIGIN):0x1, Wrong image location)
                0x00000010                PROVIDE (__cy_reset, Reset)
 *(.text.Reset)
 .text.Reset    0x00000010        0x8 C:\Users\Daniela\AppData\Local\Temp\ccoqkeCH.ltrans0.ltrans.o
                0x00000010                Reset
                0x00000001                ASSERT ((. != __cy_reset), No reset code)
 *(.psocinit)
                0x00000100                . = MAX (., 0x100)
 *fill*         0x00000018       0xe8 
 *(.text .text.* .gnu.linkonce.t.*)
 .text          0x00000100       0x60 c:/program files (x86)/cypress/psoc creator/4.1/psoc creator/import/gnu/arm/5.4.1/bin/../lib/gcc/arm-none-eabi/5.4.1/armv6-m/crtbegin.o
 .text.CyBLE_Bless_Interrupt
                0x00000160        0x8 C:\Users\Daniela\AppData\Local\Temp\ccoqkeCH.ltrans0.ltrans.o
 .text.CyBle_EventHandler
                0x00000168      0x2bc C:\Users\Daniela\AppData\Local\Temp\ccoqkeCH.ltrans0.ltrans.o
 .text.IntDefaultHandler
                0x00000424       0x10 C:\Users\Daniela\AppData\Local\Temp\ccoqkeCH.ltrans0.ltrans.o
 .text.StackEventHandler
                0x00000434      0x274 C:\Users\Daniela\AppData\Local\Temp\ccoqkeCH.ltrans0.ltrans.o
 .text.CySysPmSleep
                0x000006a8       0x1c C:\Users\Daniela\AppData\Local\Temp\ccoqkeCH.ltrans0.ltrans.o
                0x000006a8                CySysPmSleep
 .text.CyBle_Hal_EccPointMult
                0x000006c4        0x4 C:\Users\Daniela\AppData\Local\Temp\ccoqkeCH.ltrans0.ltrans.o
                0x000006c4                CyBle_Hal_EccPointMult
 .text.CyBle_Hal_se_smp_sc_user_passkey_handler
                0x000006c8        0x4 C:\Users\Daniela\AppData\Local\Temp\ccoqkeCH.ltrans0.ltrans.o
                0x000006c8                CyBle_Hal_se_smp_sc_user_passkey_handler
 .text.CyBle_Hal_pairing_sc_tbx_generate_local_P256_public_key
                0x000006cc        0x4 C:\Users\Daniela\AppData\Local\Temp\ccoqkeCH.ltrans0.ltrans.o
                0x000006cc                CyBle_Hal_pairing_sc_tbx_generate_local_P256_public_key
 .text.CyBle_Hal_pairing_sc_tbx_local_pubkey_generate_complete
                0x000006d0        0x4 C:\Users\Daniela\AppData\Local\Temp\ccoqkeCH.ltrans0.ltrans.o
                0x000006d0                CyBle_Hal_pairing_sc_tbx_local_pubkey_generate_complete
 .text.CyBle_Hal_pairing_local_public_key_handler
                0x000006d4        0x4 C:\Users\Daniela\AppData\Local\Temp\ccoqkeCH.ltrans0.ltrans.o
                0x000006d4                CyBle_Hal_pairing_local_public_key_handler
 .text.CyBle_Hal_pairing_lr_confirming_handler
                0x000006d8        0x4 C:\Users\Daniela\AppData\Local\Temp\ccoqkeCH.ltrans0.ltrans.o
                0x000006d8                CyBle_Hal_pairing_lr_confirming_handler
 .text.CyBle_Hal_pairing_confirm_handler
                0x000006dc        0x4 C:\Users\Daniela\AppData\Local\Temp\ccoqkeCH.ltrans0.ltrans.o
                0x000006dc                CyBle_Hal_pairing_confirm_handler
 .text.CyBle_Hal_pairing_rand_handler
                0x000006e0        0x4 C:\Users\Daniela\AppData\Local\Temp\ccoqkeCH.ltrans0.ltrans.o
                0x000006e0                CyBle_Hal_pairing_rand_handler
 .text.CyBle_Hal_pairing_keypress_notification_handler
                0x000006e4        0x4 C:\Users\Daniela\AppData\Local\Temp\ccoqkeCH.ltrans0.ltrans.o
                0x000006e4                CyBle_Hal_pairing_keypress_notification_handler
 .text.CyBle_Hal_pairing_dhkey_check_handler
                0x000006e8        0x4 C:\Users\Daniela\AppData\Local\Temp\ccoqkeCH.ltrans0.ltrans.o
                0x000006e8                CyBle_Hal_pairing_dhkey_check_handler
 .text.CyBle_Hal_pairing_dhkey_handler
                0x000006ec        0x4 C:\Users\Daniela\AppData\Local\Temp\ccoqkeCH.ltrans0.ltrans.o
                0x000006ec                CyBle_Hal_pairing_dhkey_handler
 .text.CyBle_Hal_pairing_remote_key_handler
                0x000006f0        0x4 C:\Users\Daniela\AppData\Local\Temp\ccoqkeCH.ltrans0.ltrans.o
                0x000006f0                CyBle_Hal_pairing_remote_key_handler
 .text.CyBLE_GetIpBlockVersion
                0x000006f4        0x8 C:\Users\Daniela\AppData\Local\Temp\ccoqkeCH.ltrans0.ltrans.o
                0x000006f4                CyBLE_GetIpBlockVersion
 .text.CYBLE_BlessStart
                0x000006fc       0x40 C:\Users\Daniela\AppData\Local\Temp\ccoqkeCH.ltrans0.ltrans.o
                0x000006fc                CYBLE_BlessStart
 .text.CyBle_HalInit
                0x0000073c       0x38 C:\Users\Daniela\AppData\Local\Temp\ccoqkeCH.ltrans0.ltrans.o
                0x0000073c                CyBle_HalInit
 .text.CyBleHal_DisableGlobalInterrupts
                0x00000774       0x10 C:\Users\Daniela\AppData\Local\Temp\ccoqkeCH.ltrans0.ltrans.o
                0x00000774                CyBleHal_DisableGlobalInterrupts
 .text.CyBleHal_EnableGlobalInterrupts
                0x00000784       0x10 C:\Users\Daniela\AppData\Local\Temp\ccoqkeCH.ltrans0.ltrans.o
                0x00000784                CyBleHal_EnableGlobalInterrupts
 .text.CyBleHal_DelayMs
                0x00000794       0x44 C:\Users\Daniela\AppData\Local\Temp\ccoqkeCH.ltrans0.ltrans.o
                0x00000794                CyBleHal_DelayMs
 .text.CyBleHal_DelayUs
                0x000007d8       0x10 C:\Users\Daniela\AppData\Local\Temp\ccoqkeCH.ltrans0.ltrans.o
                0x000007d8                CyBleHal_DelayUs
 .text.CyBLE_BlessDeviceConfig
                0x000007e8      0x134 C:\Users\Daniela\AppData\Local\Temp\ccoqkeCH.ltrans0.ltrans.o
                0x000007e8                CyBLE_BlessDeviceConfig
 .text.CyBLE_Bless_RfRegWrite
                0x0000091c        0x4 C:\Users\Daniela\AppData\Local\Temp\ccoqkeCH.ltrans0.ltrans.o
                0x0000091c                CyBLE_Bless_RfRegWrite
 .text.CyBLE_Bless_LlRegWrite
                0x00000920        0x4 C:\Users\Daniela\AppData\Local\Temp\ccoqkeCH.ltrans0.ltrans.o
                0x00000920                CyBLE_Bless_LlRegWrite
 .text.startup.initialize_psoc
                0x00000924      0x2b4 C:\Users\Daniela\AppData\Local\Temp\ccoqkeCH.ltrans0.ltrans.o
 .text.startup.main
                0x00000bd8      0x1fc C:\Users\Daniela\AppData\Local\Temp\ccoqkeCH.ltrans0.ltrans.o
                0x00000bd8                main
 .text.Start_c  0x00000dd4       0x4c C:\Users\Daniela\AppData\Local\Temp\ccoqkeCH.ltrans0.ltrans.o
 .text          0x00000e20       0x20 .\CortexM0\ARM_GCC_541\Debug\GATT Notification - Data Outgoing.a(CyBootAsmGnu.o)
                0x00000e20                CyDelayCycles
                0x00000e32                CyEnterCriticalSection
                0x00000e3a                CyExitCriticalSection
 .text          0x00000e40      0x114 c:/program files (x86)/cypress/psoc creator/4.1/psoc creator/import/gnu/arm/5.4.1/bin/../lib/gcc/arm-none-eabi/5.4.1/armv6-m\libgcc.a(_udivsi3.o)
                0x00000e40                __aeabi_uidiv
                0x00000e40                __udivsi3
                0x00000f4c                __aeabi_uidivmod
 .text          0x00000f54      0x1d4 c:/program files (x86)/cypress/psoc creator/4.1/psoc creator/import/gnu/arm/5.4.1/bin/../lib/gcc/arm-none-eabi/5.4.1/armv6-m\libgcc.a(_divsi3.o)
                0x00000f54                __divsi3
                0x00000f54                __aeabi_idiv
                0x00001120                __aeabi_idivmod
 .text          0x00001128        0x4 c:/program files (x86)/cypress/psoc creator/4.1/psoc creator/import/gnu/arm/5.4.1/bin/../lib/gcc/arm-none-eabi/5.4.1/armv6-m\libgcc.a(_dvmd_tls.o)
                0x00001128                __aeabi_idiv0
                0x00001128                __aeabi_ldiv0
 .text.__errno  0x0000112c        0xc c:/program files (x86)/cypress/psoc creator/4.1/psoc creator/import/gnu/arm/5.4.1/bin/../lib/gcc/arm-none-eabi/5.4.1/../../../../arm-none-eabi/lib/armv6-m\libg_nano.a(lib_a-errno.o)
                0x0000112c                __errno
 .text.__libc_init_array
                0x00001138       0x4c c:/program files (x86)/cypress/psoc creator/4.1/psoc creator/import/gnu/arm/5.4.1/bin/../lib/gcc/arm-none-eabi/5.4.1/../../../../arm-none-eabi/lib/armv6-m\libg_nano.a(lib_a-init.o)
                0x00001138                __libc_init_array
 .text.memcmp   0x00001184       0x1e c:/program files (x86)/cypress/psoc creator/4.1/psoc creator/import/gnu/arm/5.4.1/bin/../lib/gcc/arm-none-eabi/5.4.1/../../../../arm-none-eabi/lib/armv6-m\libg_nano.a(lib_a-memcmp.o)
                0x00001184                memcmp
 .text.memcpy   0x000011a2       0x12 c:/program files (x86)/cypress/psoc creator/4.1/psoc creator/import/gnu/arm/5.4.1/bin/../lib/gcc/arm-none-eabi/5.4.1/../../../../arm-none-eabi/lib/armv6-m\libg_nano.a(lib_a-memcpy-stub.o)
                0x000011a2                memcpy
 .text.memset   0x000011b4       0x10 c:/program files (x86)/cypress/psoc creator/4.1/psoc creator/import/gnu/arm/5.4.1/bin/../lib/gcc/arm-none-eabi/5.4.1/../../../../arm-none-eabi/lib/armv6-m\libg_nano.a(lib_a-memset.o)
                0x000011b4                memset
 *(.plt)
 *(.gnu.warning)
 *(.glue_7t)
 .glue_7t       0x000011c4        0x0 linker stubs
 *(.glue_7)
 .glue_7        0x000011c4        0x0 linker stubs
 *(.vfp11_veneer)
 .vfp11_veneer  0x000011c4        0x0 linker stubs
 *(.bootloader)
 *(.ARM.extab* .gnu.linkonce.armextab.*)
 *(.gcc_except_table)

.v4_bx          0x000011c4        0x0
 .v4_bx         0x000011c4        0x0 linker stubs

.iplt           0x000011c4        0x0
 .iplt          0x000011c4        0x0 c:/program files (x86)/cypress/psoc creator/4.1/psoc creator/import/gnu/arm/5.4.1/bin/../lib/gcc/arm-none-eabi/5.4.1/armv6-m/crtbegin.o

i.CyBle_ControllerGetFeatureHeapReq
                0x000011c4       0x58
 i.CyBle_ControllerGetFeatureHeapReq
                0x000011c4       0x58 ..\..\..\..\Documents\PSoC Creator\4.1\Downloads ( 4.1).cylib\BLE_v3_40\Library\gccCyBLEStack_BLE_SOC_PERIPHERAL.a(CyBle.o)
                0x000011c4                CyBle_ControllerGetFeatureHeapReq

i.CyBle_ExitLPM
                0x0000121c        0x8
 i.CyBle_ExitLPM
                0x0000121c        0x8 ..\..\..\..\Documents\PSoC Creator\4.1\Downloads ( 4.1).cylib\BLE_v3_40\Library\gccCyBLEStack_BLE_SOC_PERIPHERAL.a(CyBle.o)
                0x0000121c                CyBle_ExitLPM

i.CyBle_ProcessEvents
                0x00001224        0x8
 i.CyBle_ProcessEvents
                0x00001224        0x8 ..\..\..\..\Documents\PSoC Creator\4.1\Downloads ( 4.1).cylib\BLE_v3_40\Library\gccCyBLEStack_BLE_SOC_PERIPHERAL.a(CyBle.o)
                0x00001224                CyBle_ProcessEvents

i.CyBle_SetDeviceAddress
                0x0000122c       0x24
 i.CyBle_SetDeviceAddress
                0x0000122c       0x24 ..\..\..\..\Documents\PSoC Creator\4.1\Downloads ( 4.1).cylib\BLE_v3_40\Library\gccCyBLEStack_BLE_SOC_PERIPHERAL.a(CyBle.o)
                0x0000122c                CyBle_SetDeviceAddress

i.CyBle_StackGetFeatureConfig
                0x00001250       0x38
 i.CyBle_StackGetFeatureConfig
                0x00001250       0x38 ..\..\..\..\Documents\PSoC Creator\4.1\Downloads ( 4.1).cylib\BLE_v3_40\Library\gccCyBLEStack_BLE_SOC_PERIPHERAL.a(CyBle.o)
                0x00001250                CyBle_StackGetFeatureConfig

i.CyBle_StackInit
                0x00001288      0x154
 i.CyBle_StackInit
                0x00001288      0x154 ..\..\..\..\Documents\PSoC Creator\4.1\Downloads ( 4.1).cylib\BLE_v3_40\Library\gccCyBLEStack_BLE_SOC_PERIPHERAL.a(CyBle.o)
                0x00001288                CyBle_StackInit

i.CyBle_StackSetFeatureConfig
                0x000013dc       0xe8
 i.CyBle_StackSetFeatureConfig
                0x000013dc       0xe8 ..\..\..\..\Documents\PSoC Creator\4.1\Downloads ( 4.1).cylib\BLE_v3_40\Library\gccCyBLEStack_BLE_SOC_PERIPHERAL.a(CyBle.o)
                0x000013dc                CyBle_StackSetFeatureConfig

i.CyBle_StackValidateInputParams
                0x000014c4       0xf4
 i.CyBle_StackValidateInputParams
                0x000014c4       0xf4 ..\..\..\..\Documents\PSoC Creator\4.1\Downloads ( 4.1).cylib\BLE_v3_40\Library\gccCyBLEStack_BLE_SOC_PERIPHERAL.a(CyBle.o)

i.__ARM_common_switch8
                0x000015b8       0x1a
 i.__ARM_common_switch8
                0x000015b8       0x1a ..\..\..\..\Documents\PSoC Creator\4.1\Downloads ( 4.1).cylib\BLE_v3_40\Library\gccCyBLEStack_BLE_SOC_PERIPHERAL.a(CyBle.o)
                0x000015b8                __ARM_common_switch8

i.CyBleStackMgr_Init
                0x000015d4      0x10c
 i.CyBleStackMgr_Init
                0x000015d4      0x10c ..\..\..\..\Documents\PSoC Creator\4.1\Downloads ( 4.1).cylib\BLE_v3_40\Library\gccCyBLEStack_BLE_SOC_PERIPHERAL.a(CyBleStackMgrIP_Interface.o)
                0x000015d4                CyBleStackMgr_Init

i.CyBleStackMgr_ProcessBleEvents
                0x000016e0       0x14
 i.CyBleStackMgr_ProcessBleEvents
                0x000016e0       0x14 ..\..\..\..\Documents\PSoC Creator\4.1\Downloads ( 4.1).cylib\BLE_v3_40\Library\gccCyBLEStack_BLE_SOC_PERIPHERAL.a(CyBleStackMgrIP_Interface.o)
                0x000016e0                CyBleStackMgr_ProcessBleEvents

i.CyBle_GetHeapMemory
                0x000016f4       0x28
 i.CyBle_GetHeapMemory
                0x000016f4       0x28 ..\..\..\..\Documents\PSoC Creator\4.1\Downloads ( 4.1).cylib\BLE_v3_40\Library\gccCyBLEStack_BLE_SOC_PERIPHERAL.a(CyBleStackMgrIP_Interface.o)
                0x000016f4                CyBle_GetHeapMemory

i.CyBle_GetNumAppBufferPools
                0x0000171c        0xc
 i.CyBle_GetNumAppBufferPools
                0x0000171c        0xc ..\..\..\..\Documents\PSoC Creator\4.1\Downloads ( 4.1).cylib\BLE_v3_40\Library\gccCyBLEStack_BLE_SOC_PERIPHERAL.a(CyBleStackMgrIP_Interface.o)
                0x0000171c                CyBle_GetNumAppBufferPools

i.CyBle_HostStackBufferPoolInit
                0x00001728       0xec
 i.CyBle_HostStackBufferPoolInit
                0x00001728       0xec ..\..\..\..\Documents\PSoC Creator\4.1\Downloads ( 4.1).cylib\BLE_v3_40\Library\gccCyBLEStack_BLE_SOC_PERIPHERAL.a(CyBleStackMgrIP_Interface.o)

i.ble_stack_idle_task_callback
                0x00001814        0x2
 i.ble_stack_idle_task_callback
                0x00001814        0x2 ..\..\..\..\Documents\PSoC Creator\4.1\Downloads ( 4.1).cylib\BLE_v3_40\Library\gccCyBLEStack_BLE_SOC_PERIPHERAL.a(CyBleStackMgrIP_Interface.o)
                0x00001814                ble_stack_idle_task_callback

i.BT_OSFreeBuf  0x00001818       0x20
 i.BT_OSFreeBuf
                0x00001818       0x20 ..\..\..\..\Documents\PSoC Creator\4.1\Downloads ( 4.1).cylib\BLE_v3_40\Library\gccCyBLEStack_BLE_SOC_PERIPHERAL.a(BT_os.o)
                0x00001818                BT_OSFreeBuf

i.BT_OSGetBuF   0x00001838       0x34
 i.BT_OSGetBuF  0x00001838       0x34 ..\..\..\..\Documents\PSoC Creator\4.1\Downloads ( 4.1).cylib\BLE_v3_40\Library\gccCyBLEStack_BLE_SOC_PERIPHERAL.a(BT_os.o)
                0x00001838                BT_OSGetBuF

i.BT_OSMemCreate
                0x0000186c       0x3c
 i.BT_OSMemCreate
                0x0000186c       0x3c ..\..\..\..\Documents\PSoC Creator\4.1\Downloads ( 4.1).cylib\BLE_v3_40\Library\gccCyBLEStack_BLE_SOC_PERIPHERAL.a(BT_os.o)
                0x0000186c                BT_OSMemCreate

i.BT_alloc_mem_ext
                0x000018a8       0x3c
 i.BT_alloc_mem_ext
                0x000018a8       0x3c ..\..\..\..\Documents\PSoC Creator\4.1\Downloads ( 4.1).cylib\BLE_v3_40\Library\gccCyBLEStack_BLE_SOC_PERIPHERAL.a(BT_os.o)
                0x000018a8                BT_alloc_mem_ext

i.BT_free_mem   0x000018e4        0xc
 i.BT_free_mem  0x000018e4        0xc ..\..\..\..\Documents\PSoC Creator\4.1\Downloads ( 4.1).cylib\BLE_v3_40\Library\gccCyBLEStack_BLE_SOC_PERIPHERAL.a(BT_os.o)
                0x000018e4                BT_free_mem

i.bt_stack_create_buffer_pool
                0x000018f0       0x30
 i.bt_stack_create_buffer_pool
                0x000018f0       0x30 ..\..\..\..\Documents\PSoC Creator\4.1\Downloads ( 4.1).cylib\BLE_v3_40\Library\gccCyBLEStack_BLE_SOC_PERIPHERAL.a(BT_os.o)
                0x000018f0                bt_stack_create_buffer_pool

i.BT_start_timer
                0x00001920       0xa8
 i.BT_start_timer
                0x00001920       0xa8 ..\..\..\..\Documents\PSoC Creator\4.1\Downloads ( 4.1).cylib\BLE_v3_40\Library\gccCyBLEStack_BLE_SOC_PERIPHERAL.a(BT_timer.o)
                0x00001920                BT_start_timer

i.BT_stop_timer
                0x000019c8       0x64
 i.BT_stop_timer
                0x000019c8       0x64 ..\..\..\..\Documents\PSoC Creator\4.1\Downloads ( 4.1).cylib\BLE_v3_40\Library\gccCyBLEStack_BLE_SOC_PERIPHERAL.a(BT_timer.o)
                0x000019c8                BT_stop_timer

i.BT_timer_process_signals
                0x00001a2c       0xa4
 i.BT_timer_process_signals
                0x00001a2c       0xa4 ..\..\..\..\Documents\PSoC Creator\4.1\Downloads ( 4.1).cylib\BLE_v3_40\Library\gccCyBLEStack_BLE_SOC_PERIPHERAL.a(BT_timer.o)
                0x00001a2c                BT_timer_process_signals

i.pf_timer_handle_callback
                0x00001ad0       0x20
 i.pf_timer_handle_callback
                0x00001ad0       0x20 ..\..\..\..\Documents\PSoC Creator\4.1\Downloads ( 4.1).cylib\BLE_v3_40\Library\gccCyBLEStack_BLE_SOC_PERIPHERAL.a(BT_timer.o)
                0x00001ad0                pf_timer_handle_callback

i.timer_active_entity
                0x00001af0       0x24
 i.timer_active_entity
                0x00001af0       0x24 ..\..\..\..\Documents\PSoC Creator\4.1\Downloads ( 4.1).cylib\BLE_v3_40\Library\gccCyBLEStack_BLE_SOC_PERIPHERAL.a(BT_timer.o)
                0x00001af0                timer_active_entity

i.timer_alloc_entity
                0x00001b14       0x1c
 i.timer_alloc_entity
                0x00001b14       0x1c ..\..\..\..\Documents\PSoC Creator\4.1\Downloads ( 4.1).cylib\BLE_v3_40\Library\gccCyBLEStack_BLE_SOC_PERIPHERAL.a(BT_timer.o)
                0x00001b14                timer_alloc_entity

i.timer_allocated_entity
                0x00001b30       0x34
 i.timer_allocated_entity
                0x00001b30       0x34 ..\..\..\..\Documents\PSoC Creator\4.1\Downloads ( 4.1).cylib\BLE_v3_40\Library\gccCyBLEStack_BLE_SOC_PERIPHERAL.a(BT_timer.o)
                0x00001b30                timer_allocated_entity

i.timer_bt_init
                0x00001b64        0x2
 i.timer_bt_init
                0x00001b64        0x2 ..\..\..\..\Documents\PSoC Creator\4.1\Downloads ( 4.1).cylib\BLE_v3_40\Library\gccCyBLEStack_BLE_SOC_PERIPHERAL.a(BT_timer.o)
                0x00001b64                timer_bt_init

i.timer_init    0x00001b68       0x28
 i.timer_init   0x00001b68       0x28 ..\..\..\..\Documents\PSoC Creator\4.1\Downloads ( 4.1).cylib\BLE_v3_40\Library\gccCyBLEStack_BLE_SOC_PERIPHERAL.a(BT_timer.o)
                0x00001b68                timer_init

i.timer_update_offsets
                0x00001b90       0x2c
 i.timer_update_offsets
                0x00001b90       0x2c ..\..\..\..\Documents\PSoC Creator\4.1\Downloads ( 4.1).cylib\BLE_v3_40\Library\gccCyBLEStack_BLE_SOC_PERIPHERAL.a(BT_timer.o)

i.CyBle_CheckBleStackTaskStatus
                0x00001bbc        0x4
 i.CyBle_CheckBleStackTaskStatus
                0x00001bbc        0x4 ..\..\..\..\Documents\PSoC Creator\4.1\Downloads ( 4.1).cylib\BLE_v3_40\Library\gccCyBLEStack_BLE_SOC_PERIPHERAL.a(CyBleStackMgr_StackTaskHandler.o)
                0x00001bbc                CyBle_CheckBleStackTaskStatus

i.CyBle_CreateBleStackTask
                0x00001bc0       0x2c
 i.CyBle_CreateBleStackTask
                0x00001bc0       0x2c ..\..\..\..\Documents\PSoC Creator\4.1\Downloads ( 4.1).cylib\BLE_v3_40\Library\gccCyBLEStack_BLE_SOC_PERIPHERAL.a(CyBleStackMgr_StackTaskHandler.o)
                0x00001bc0                CyBle_CreateBleStackTask

i.CyBle_SignalBleStackTask
                0x00001bec       0x50
 i.CyBle_SignalBleStackTask
                0x00001bec       0x50 ..\..\..\..\Documents\PSoC Creator\4.1\Downloads ( 4.1).cylib\BLE_v3_40\Library\gccCyBLEStack_BLE_SOC_PERIPHERAL.a(CyBleStackMgr_StackTaskHandler.o)
                0x00001bec                CyBle_SignalBleStackTask

i.CyBle_StackTaskHandler
                0x00001c3c       0x64
 i.CyBle_StackTaskHandler
                0x00001c3c       0x64 ..\..\..\..\Documents\PSoC Creator\4.1\Downloads ( 4.1).cylib\BLE_v3_40\Library\gccCyBLEStack_BLE_SOC_PERIPHERAL.a(CyBleStackMgr_StackTaskHandler.o)
                0x00001c3c                CyBle_StackTaskHandler

i.hci_soft_transport_notify_data_received
                0x00001ca0        0xc
 i.hci_soft_transport_notify_data_received
                0x00001ca0        0xc ..\..\..\..\Documents\PSoC Creator\4.1\Downloads ( 4.1).cylib\BLE_v3_40\Library\gccCyBLEStack_BLE_SOC_PERIPHERAL.a(transport_sf.o)
                0x00001ca0                hci_soft_transport_notify_data_received

i.hci_soft_transport_rx_data
                0x00001cac       0x40
 i.hci_soft_transport_rx_data
                0x00001cac       0x40 ..\..\..\..\Documents\PSoC Creator\4.1\Downloads ( 4.1).cylib\BLE_v3_40\Library\gccCyBLEStack_BLE_SOC_PERIPHERAL.a(transport_sf.o)
                0x00001cac                hci_soft_transport_rx_data

i.hci_transport_bt_init
                0x00001cec        0x2
 i.hci_transport_bt_init
                0x00001cec        0x2 ..\..\..\..\Documents\PSoC Creator\4.1\Downloads ( 4.1).cylib\BLE_v3_40\Library\gccCyBLEStack_BLE_SOC_PERIPHERAL.a(transport_sf.o)
                0x00001cec                hci_transport_bt_init

i.hci_transport_init
                0x00001cf0       0x10
 i.hci_transport_init
                0x00001cf0       0x10 ..\..\..\..\Documents\PSoC Creator\4.1\Downloads ( 4.1).cylib\BLE_v3_40\Library\gccCyBLEStack_BLE_SOC_PERIPHERAL.a(transport_sf.o)
                0x00001cf0                hci_transport_init

i.hci_transport_write_data
                0x00001d00       0xd4
 i.hci_transport_write_data
                0x00001d00       0xd4 ..\..\..\..\Documents\PSoC Creator\4.1\Downloads ( 4.1).cylib\BLE_v3_40\Library\gccCyBLEStack_BLE_SOC_PERIPHERAL.a(transport_sf.o)
                0x00001d00                hci_transport_write_data

i.pf_hci_soft_transport_write
                0x00001dd4       0x44
 i.pf_hci_soft_transport_write
                0x00001dd4       0x44 ..\..\..\..\Documents\PSoC Creator\4.1\Downloads ( 4.1).cylib\BLE_v3_40\Library\gccCyBLEStack_BLE_SOC_PERIPHERAL.a(transport_sf.o)
                0x00001dd4                pf_hci_soft_transport_write

i.pf_soft_hci_transport_init
                0x00001e18        0xc
 i.pf_soft_hci_transport_init
                0x00001e18        0xc ..\..\..\..\Documents\PSoC Creator\4.1\Downloads ( 4.1).cylib\BLE_v3_40\Library\gccCyBLEStack_BLE_SOC_PERIPHERAL.a(transport_sf.o)
                0x00001e18                pf_soft_hci_transport_init

i.CyBleStackMgr_GetTime
                0x00001e24       0x14
 i.CyBleStackMgr_GetTime
                0x00001e24       0x14 ..\..\..\..\Documents\PSoC Creator\4.1\Downloads ( 4.1).cylib\BLE_v3_40\Library\gccCyBLEStack_BLE_SOC_PERIPHERAL.a(CyBleStackMgr_PSoCHal.o)
                0x00001e24                CyBleStackMgr_GetTime

i.CyBleStackMgr_HalInit
                0x00001e38       0x24
 i.CyBleStackMgr_HalInit
                0x00001e38       0x24 ..\..\..\..\Documents\PSoC Creator\4.1\Downloads ( 4.1).cylib\BLE_v3_40\Library\gccCyBLEStack_BLE_SOC_PERIPHERAL.a(CyBleStackMgr_PSoCHal.o)
                0x00001e38                CyBleStackMgr_HalInit

i.CyBleStackMgr_HalIntrEnable
                0x00001e5c        0x8
 i.CyBleStackMgr_HalIntrEnable
                0x00001e5c        0x8 ..\..\..\..\Documents\PSoC Creator\4.1\Downloads ( 4.1).cylib\BLE_v3_40\Library\gccCyBLEStack_BLE_SOC_PERIPHERAL.a(CyBleStackMgr_PSoCHal.o)
                0x00001e5c                CyBleStackMgr_HalIntrEnable

i.CyBleStackMgr_HandleLinkLayerTick
                0x00001e64       0x5c
 i.CyBleStackMgr_HandleLinkLayerTick
                0x00001e64       0x5c ..\..\..\..\Documents\PSoC Creator\4.1\Downloads ( 4.1).cylib\BLE_v3_40\Library\gccCyBLEStack_BLE_SOC_PERIPHERAL.a(CyBleStackMgr_PSoCHal.o)
                0x00001e64                CyBleStackMgr_HandleLinkLayerTick

i.CyBleStackMgr_HciPortInit
                0x00001ec0        0xc
 i.CyBleStackMgr_HciPortInit
                0x00001ec0        0xc ..\..\..\..\Documents\PSoC Creator\4.1\Downloads ( 4.1).cylib\BLE_v3_40\Library\gccCyBLEStack_BLE_SOC_PERIPHERAL.a(CyBleStackMgr_PSoCHal.o)
                0x00001ec0                CyBleStackMgr_HciPortInit

i.CyBleStackMgr_HciPortReset
                0x00001ecc        0x2
 i.CyBleStackMgr_HciPortReset
                0x00001ecc        0x2 ..\..\..\..\Documents\PSoC Creator\4.1\Downloads ( 4.1).cylib\BLE_v3_40\Library\gccCyBLEStack_BLE_SOC_PERIPHERAL.a(CyBleStackMgr_PSoCHal.o)
                0x00001ecc                CyBleStackMgr_HciPortReset

i.CyBleStackMgr_HciPortWrite
                0x00001ece        0x8
 i.CyBleStackMgr_HciPortWrite
                0x00001ece        0x8 ..\..\..\..\Documents\PSoC Creator\4.1\Downloads ( 4.1).cylib\BLE_v3_40\Library\gccCyBLEStack_BLE_SOC_PERIPHERAL.a(CyBleStackMgr_PSoCHal.o)
                0x00001ece                CyBleStackMgr_HciPortWrite

i.CyBleStackMgr_ResetLinkLayerTimerEntity
                0x00001ed8       0x14
 i.CyBleStackMgr_ResetLinkLayerTimerEntity
                0x00001ed8       0x14 ..\..\..\..\Documents\PSoC Creator\4.1\Downloads ( 4.1).cylib\BLE_v3_40\Library\gccCyBLEStack_BLE_SOC_PERIPHERAL.a(CyBleStackMgr_PSoCHal.o)
                0x00001ed8                CyBleStackMgr_ResetLinkLayerTimerEntity

i.CyBleStackMgr_TimerStart
                0x00001eec       0x2c
 i.CyBleStackMgr_TimerStart
                0x00001eec       0x2c ..\..\..\..\Documents\PSoC Creator\4.1\Downloads ( 4.1).cylib\BLE_v3_40\Library\gccCyBLEStack_BLE_SOC_PERIPHERAL.a(CyBleStackMgr_PSoCHal.o)
                0x00001eec                CyBleStackMgr_TimerStart

i.CyBleStackMgr_TimerStop
                0x00001f18       0x18
 i.CyBleStackMgr_TimerStop
                0x00001f18       0x18 ..\..\..\..\Documents\PSoC Creator\4.1\Downloads ( 4.1).cylib\BLE_v3_40\Library\gccCyBLEStack_BLE_SOC_PERIPHERAL.a(CyBleStackMgr_PSoCHal.o)
                0x00001f18                CyBleStackMgr_TimerStop

i.CyBleStackMgr_isTimerRunning
                0x00001f30       0x10
 i.CyBleStackMgr_isTimerRunning
                0x00001f30       0x10 ..\..\..\..\Documents\PSoC Creator\4.1\Downloads ( 4.1).cylib\BLE_v3_40\Library\gccCyBLEStack_BLE_SOC_PERIPHERAL.a(CyBleStackMgr_PSoCHal.o)
                0x00001f30                CyBleStackMgr_isTimerRunning

i.CyBleAtlantisRadioInit
                0x00001f40      0x168
 i.CyBleAtlantisRadioInit
                0x00001f40      0x168 ..\..\..\..\Documents\PSoC Creator\4.1\Downloads ( 4.1).cylib\BLE_v3_40\Library\gccCyBLEStack_BLE_SOC_PERIPHERAL.a(CyBleStackMgr_BleSSDriver.o)

i.CyBleStackMgr_BleSSFifoRead
                0x000020a8       0x38
 i.CyBleStackMgr_BleSSFifoRead
                0x000020a8       0x38 ..\..\..\..\Documents\PSoC Creator\4.1\Downloads ( 4.1).cylib\BLE_v3_40\Library\gccCyBLEStack_BLE_SOC_PERIPHERAL.a(CyBleStackMgr_BleSSDriver.o)
                0x000020a8                CyBleStackMgr_BleSSFifoRead

i.CyBleStackMgr_BleSSFifoWrite
                0x000020e0       0x30
 i.CyBleStackMgr_BleSSFifoWrite
                0x000020e0       0x30 ..\..\..\..\Documents\PSoC Creator\4.1\Downloads ( 4.1).cylib\BLE_v3_40\Library\gccCyBLEStack_BLE_SOC_PERIPHERAL.a(CyBleStackMgr_BleSSDriver.o)
                0x000020e0                CyBleStackMgr_BleSSFifoWrite

i.CyBleStackMgr_BleSSInit
                0x00002110       0x50
 i.CyBleStackMgr_BleSSInit
                0x00002110       0x50 ..\..\..\..\Documents\PSoC Creator\4.1\Downloads ( 4.1).cylib\BLE_v3_40\Library\gccCyBLEStack_BLE_SOC_PERIPHERAL.a(CyBleStackMgr_BleSSDriver.o)
                0x00002110                CyBleStackMgr_BleSSInit

i.CyBleStackMgr_BleSSMemRead
                0x00002160       0x32
 i.CyBleStackMgr_BleSSMemRead
                0x00002160       0x32 ..\..\..\..\Documents\PSoC Creator\4.1\Downloads ( 4.1).cylib\BLE_v3_40\Library\gccCyBLEStack_BLE_SOC_PERIPHERAL.a(CyBleStackMgr_BleSSDriver.o)
                0x00002160                CyBleStackMgr_BleSSMemRead

i.CyBleStackMgr_BleSSMemWrite
                0x00002194       0x34
 i.CyBleStackMgr_BleSSMemWrite
                0x00002194       0x34 ..\..\..\..\Documents\PSoC Creator\4.1\Downloads ( 4.1).cylib\BLE_v3_40\Library\gccCyBLEStack_BLE_SOC_PERIPHERAL.a(CyBleStackMgr_BleSSDriver.o)
                0x00002194                CyBleStackMgr_BleSSMemWrite

i.CyBleStackMgr_BleSSMemWriteFields
                0x000021c8       0x78
 i.CyBleStackMgr_BleSSMemWriteFields
                0x000021c8       0x78 ..\..\..\..\Documents\PSoC Creator\4.1\Downloads ( 4.1).cylib\BLE_v3_40\Library\gccCyBLEStack_BLE_SOC_PERIPHERAL.a(CyBleStackMgr_BleSSDriver.o)
                0x000021c8                CyBleStackMgr_BleSSMemWriteFields

i.CyBleStackMgr_BleSSRegRead
                0x00002240        0xc
 i.CyBleStackMgr_BleSSRegRead
                0x00002240        0xc ..\..\..\..\Documents\PSoC Creator\4.1\Downloads ( 4.1).cylib\BLE_v3_40\Library\gccCyBLEStack_BLE_SOC_PERIPHERAL.a(CyBleStackMgr_BleSSDriver.o)
                0x00002240                CyBleStackMgr_BleSSRegRead

i.CyBleStackMgr_BleSSReset
                0x0000224c       0x38
 i.CyBleStackMgr_BleSSReset
                0x0000224c       0x38 ..\..\..\..\Documents\PSoC Creator\4.1\Downloads ( 4.1).cylib\BLE_v3_40\Library\gccCyBLEStack_BLE_SOC_PERIPHERAL.a(CyBleStackMgr_BleSSDriver.o)
                0x0000224c                CyBleStackMgr_BleSSReset

i.CyBleStackMgr_GenericIface
                0x00002284       0x3c
 i.CyBleStackMgr_GenericIface
                0x00002284       0x3c ..\..\..\..\Documents\PSoC Creator\4.1\Downloads ( 4.1).cylib\BLE_v3_40\Library\gccCyBLEStack_BLE_SOC_PERIPHERAL.a(CyBleStackMgr_BleSSDriver.o)
                0x00002284                CyBleStackMgr_GenericIface

i.CyBleStackMgr_HandleBleSSIntr
                0x000022c0       0xa0
 i.CyBleStackMgr_HandleBleSSIntr
                0x000022c0       0xa0 ..\..\..\..\Documents\PSoC Creator\4.1\Downloads ( 4.1).cylib\BLE_v3_40\Library\gccCyBLEStack_BLE_SOC_PERIPHERAL.a(CyBleStackMgr_BleSSDriver.o)
                0x000022c0                CyBleStackMgr_HandleBleSSIntr

i.CyBleStackMgr_SetClockParam
                0x00002360       0xb4
 i.CyBleStackMgr_SetClockParam
                0x00002360       0xb4 ..\..\..\..\Documents\PSoC Creator\4.1\Downloads ( 4.1).cylib\BLE_v3_40\Library\gccCyBLEStack_BLE_SOC_PERIPHERAL.a(CyBleStackMgr_BleSSDriver.o)

i.CyBle_ExitDsmMode
                0x00002414       0x2c
 i.CyBle_ExitDsmMode
                0x00002414       0x2c ..\..\..\..\Documents\PSoC Creator\4.1\Downloads ( 4.1).cylib\BLE_v3_40\Library\gccCyBLEStack_BLE_SOC_PERIPHERAL.a(CyBleStackMgr_BleSSDriver.o)
                0x00002414                CyBle_ExitDsmMode

i.CyBle_GetBleSsOperationalMode
                0x00002440        0xc
 i.CyBle_GetBleSsOperationalMode
                0x00002440        0xc ..\..\..\..\Documents\PSoC Creator\4.1\Downloads ( 4.1).cylib\BLE_v3_40\Library\gccCyBLEStack_BLE_SOC_PERIPHERAL.a(CyBleStackMgr_BleSSDriver.o)
                0x00002440                CyBle_GetBleSsOperationalMode

i.CyBle_GetLpMode
                0x0000244c       0x26
 i.CyBle_GetLpMode
                0x0000244c       0x26 ..\..\..\..\Documents\PSoC Creator\4.1\Downloads ( 4.1).cylib\BLE_v3_40\Library\gccCyBLEStack_BLE_SOC_PERIPHERAL.a(CyBleStackMgr_BleSSDriver.o)
                0x0000244c                CyBle_GetLpMode

i.CyBle_GetTxGainMode
                0x00002474       0x2c
 i.CyBle_GetTxGainMode
                0x00002474       0x2c ..\..\..\..\Documents\PSoC Creator\4.1\Downloads ( 4.1).cylib\BLE_v3_40\Library\gccCyBLEStack_BLE_SOC_PERIPHERAL.a(CyBleStackMgr_BleSSDriver.o)
                0x00002474                CyBle_GetTxGainMode

i.CyBle_SetBleSsOperationalMode
                0x000024a0       0x20
 i.CyBle_SetBleSsOperationalMode
                0x000024a0       0x20 ..\..\..\..\Documents\PSoC Creator\4.1\Downloads ( 4.1).cylib\BLE_v3_40\Library\gccCyBLEStack_BLE_SOC_PERIPHERAL.a(CyBleStackMgr_BleSSDriver.o)
                0x000024a0                CyBle_SetBleSsOperationalMode

i.CyBle_SetEventCloseState
                0x000024c0        0xc
 i.CyBle_SetEventCloseState
                0x000024c0        0xc ..\..\..\..\Documents\PSoC Creator\4.1\Downloads ( 4.1).cylib\BLE_v3_40\Library\gccCyBLEStack_BLE_SOC_PERIPHERAL.a(CyBleStackMgr_BleSSDriver.o)
                0x000024c0                CyBle_SetEventCloseState

i.CyBle_SetRxGainMode
                0x000024cc       0x20
 i.CyBle_SetRxGainMode
                0x000024cc       0x20 ..\..\..\..\Documents\PSoC Creator\4.1\Downloads ( 4.1).cylib\BLE_v3_40\Library\gccCyBLEStack_BLE_SOC_PERIPHERAL.a(CyBleStackMgr_BleSSDriver.o)
                0x000024cc                CyBle_SetRxGainMode

i.CyBle_SetTxGainMode
                0x000024ec       0x38
 i.CyBle_SetTxGainMode
                0x000024ec       0x38 ..\..\..\..\Documents\PSoC Creator\4.1\Downloads ( 4.1).cylib\BLE_v3_40\Library\gccCyBLEStack_BLE_SOC_PERIPHERAL.a(CyBleStackMgr_BleSSDriver.o)
                0x000024ec                CyBle_SetTxGainMode

i.pf_rf_get_abs_rssi
                0x00002524       0x50
 i.pf_rf_get_abs_rssi
                0x00002524       0x50 ..\..\..\..\Documents\PSoC Creator\4.1\Downloads ( 4.1).cylib\BLE_v3_40\Library\gccCyBLEStack_BLE_SOC_PERIPHERAL.a(CyBleStackMgr_BleSSDriver.o)
                0x00002524                pf_rf_get_abs_rssi

i.BleStackFlashStorageInit
                0x00002574       0x84
 i.BleStackFlashStorageInit
                0x00002574       0x84 ..\..\..\..\Documents\PSoC Creator\4.1\Downloads ( 4.1).cylib\BLE_v3_40\Library\gccCyBLEStack_BLE_SOC_PERIPHERAL.a(storage_pl.o)
                0x00002574                BleStackFlashStorageInit

i.BleStackIsFlashCorrupted
                0x000025f8       0x3c
 i.BleStackIsFlashCorrupted
                0x000025f8       0x3c ..\..\..\..\Documents\PSoC Creator\4.1\Downloads ( 4.1).cylib\BLE_v3_40\Library\gccCyBLEStack_BLE_SOC_PERIPHERAL.a(storage_pl.o)
                0x000025f8                BleStackIsFlashCorrupted

i.BleStackWriteToFlashPending
                0x00002634       0x24
 i.BleStackWriteToFlashPending
                0x00002634       0x24 ..\..\..\..\Documents\PSoC Creator\4.1\Downloads ( 4.1).cylib\BLE_v3_40\Library\gccCyBLEStack_BLE_SOC_PERIPHERAL.a(storage_pl.o)
                0x00002634                BleStackWriteToFlashPending

i.BleStackWriteToFlashRam
                0x00002658       0x78
 i.BleStackWriteToFlashRam
                0x00002658       0x78 ..\..\..\..\Documents\PSoC Creator\4.1\Downloads ( 4.1).cylib\BLE_v3_40\Library\gccCyBLEStack_BLE_SOC_PERIPHERAL.a(storage_pl.o)
                0x00002658                BleStackWriteToFlashRam

i.calc_checksum
                0x000026d0       0x1a
 i.calc_checksum
                0x000026d0       0x1a ..\..\..\..\Documents\PSoC Creator\4.1\Downloads ( 4.1).cylib\BLE_v3_40\Library\gccCyBLEStack_BLE_SOC_PERIPHERAL.a(storage_pl.o)
                0x000026d0                calc_checksum

i.storage_bt_init_pl
                0x000026ec       0x30
 i.storage_bt_init_pl
                0x000026ec       0x30 ..\..\..\..\Documents\PSoC Creator\4.1\Downloads ( 4.1).cylib\BLE_v3_40\Library\gccCyBLEStack_BLE_SOC_PERIPHERAL.a(storage_pl.o)
                0x000026ec                storage_bt_init_pl

i.storage_close_pl
                0x0000271c        0x4
 i.storage_close_pl
                0x0000271c        0x4 ..\..\..\..\Documents\PSoC Creator\4.1\Downloads ( 4.1).cylib\BLE_v3_40\Library\gccCyBLEStack_BLE_SOC_PERIPHERAL.a(storage_pl.o)
                0x0000271c                storage_close_pl

i.storage_open_pl
                0x00002720       0x1c
 i.storage_open_pl
                0x00002720       0x1c ..\..\..\..\Documents\PSoC Creator\4.1\Downloads ( 4.1).cylib\BLE_v3_40\Library\gccCyBLEStack_BLE_SOC_PERIPHERAL.a(storage_pl.o)
                0x00002720                storage_open_pl

i.storage_read_pl
                0x0000273c       0x28
 i.storage_read_pl
                0x0000273c       0x28 ..\..\..\..\Documents\PSoC Creator\4.1\Downloads ( 4.1).cylib\BLE_v3_40\Library\gccCyBLEStack_BLE_SOC_PERIPHERAL.a(storage_pl.o)
                0x0000273c                storage_read_pl

i.storage_read_signature_pl
                0x00002764       0x2c
 i.storage_read_signature_pl
                0x00002764       0x2c ..\..\..\..\Documents\PSoC Creator\4.1\Downloads ( 4.1).cylib\BLE_v3_40\Library\gccCyBLEStack_BLE_SOC_PERIPHERAL.a(storage_pl.o)
                0x00002764                storage_read_signature_pl

i.storage_register_flash_pointer
                0x00002790       0x20
 i.storage_register_flash_pointer
                0x00002790       0x20 ..\..\..\..\Documents\PSoC Creator\4.1\Downloads ( 4.1).cylib\BLE_v3_40\Library\gccCyBLEStack_BLE_SOC_PERIPHERAL.a(storage_pl.o)
                0x00002790                storage_register_flash_pointer

i.storage_reset_storage_offset
                0x000027b0       0x10
 i.storage_reset_storage_offset
                0x000027b0       0x10 ..\..\..\..\Documents\PSoC Creator\4.1\Downloads ( 4.1).cylib\BLE_v3_40\Library\gccCyBLEStack_BLE_SOC_PERIPHERAL.a(storage_pl.o)

i.storage_write_pl
                0x000027c0       0x24
 i.storage_write_pl
                0x000027c0       0x24 ..\..\..\..\Documents\PSoC Creator\4.1\Downloads ( 4.1).cylib\BLE_v3_40\Library\gccCyBLEStack_BLE_SOC_PERIPHERAL.a(storage_pl.o)
                0x000027c0                storage_write_pl

i.storage_write_signature_pl
                0x000027e4       0x14
 i.storage_write_signature_pl
                0x000027e4       0x14 ..\..\..\..\Documents\PSoC Creator\4.1\Downloads ( 4.1).cylib\BLE_v3_40\Library\gccCyBLEStack_BLE_SOC_PERIPHERAL.a(storage_pl.o)
                0x000027e4                storage_write_signature_pl

i.OS_init       0x000027f8       0x64
 i.OS_init      0x000027f8       0x64 ..\..\..\..\Documents\PSoC Creator\4.1\Downloads ( 4.1).cylib\BLE_v3_40\Library\gccCyBLEStack_BLE_SOC_PERIPHERAL.a(mint_os.o)
                0x000027f8                OS_init

i.mintos_malloc
                0x0000285c       0x34
 i.mintos_malloc
                0x0000285c       0x34 ..\..\..\..\Documents\PSoC Creator\4.1\Downloads ( 4.1).cylib\BLE_v3_40\Library\gccCyBLEStack_BLE_SOC_PERIPHERAL.a(mint_os.o)
                0x0000285c                mintos_malloc

i.OS_create_queue
                0x00002890       0x64
 i.OS_create_queue
                0x00002890       0x64 ..\..\..\..\Documents\PSoC Creator\4.1\Downloads ( 4.1).cylib\BLE_v3_40\Library\gccCyBLEStack_BLE_SOC_PERIPHERAL.a(mint_os_queue.o)
                0x00002890                OS_create_queue

i.OS_enqueue_item
                0x000028f4       0x8c
 i.OS_enqueue_item
                0x000028f4       0x8c ..\..\..\..\Documents\PSoC Creator\4.1\Downloads ( 4.1).cylib\BLE_v3_40\Library\gccCyBLEStack_BLE_SOC_PERIPHERAL.a(mint_os_queue.o)
                0x000028f4                OS_enqueue_item

i.OS_queue_get_num_of_items
                0x00002980       0x28
 i.OS_queue_get_num_of_items
                0x00002980       0x28 ..\..\..\..\Documents\PSoC Creator\4.1\Downloads ( 4.1).cylib\BLE_v3_40\Library\gccCyBLEStack_BLE_SOC_PERIPHERAL.a(mint_os_queue.o)
                0x00002980                OS_queue_get_num_of_items

i.OS_queue_mgmt_init
                0x000029a8       0x40
 i.OS_queue_mgmt_init
                0x000029a8       0x40 ..\..\..\..\Documents\PSoC Creator\4.1\Downloads ( 4.1).cylib\BLE_v3_40\Library\gccCyBLEStack_BLE_SOC_PERIPHERAL.a(mint_os_queue.o)
                0x000029a8                OS_queue_mgmt_init

i.OS_remove_item
                0x000029e8       0xa0
 i.OS_remove_item
                0x000029e8       0xa0 ..\..\..\..\Documents\PSoC Creator\4.1\Downloads ( 4.1).cylib\BLE_v3_40\Library\gccCyBLEStack_BLE_SOC_PERIPHERAL.a(mint_os_queue.o)
                0x000029e8                OS_remove_item

i.OS_create_task
                0x00002a88       0x88
 i.OS_create_task
                0x00002a88       0x88 ..\..\..\..\Documents\PSoC Creator\4.1\Downloads ( 4.1).cylib\BLE_v3_40\Library\gccCyBLEStack_BLE_SOC_PERIPHERAL.a(mint_os_task.o)
                0x00002a88                OS_create_task

i.OS_isr_send_signal_to_task
                0x00002b10        0xc
 i.OS_isr_send_signal_to_task
                0x00002b10        0xc ..\..\..\..\Documents\PSoC Creator\4.1\Downloads ( 4.1).cylib\BLE_v3_40\Library\gccCyBLEStack_BLE_SOC_PERIPHERAL.a(mint_os_task.o)
                0x00002b10                OS_isr_send_signal_to_task

i.OS_scheduler  0x00002b1c       0x64
 i.OS_scheduler
                0x00002b1c       0x64 ..\..\..\..\Documents\PSoC Creator\4.1\Downloads ( 4.1).cylib\BLE_v3_40\Library\gccCyBLEStack_BLE_SOC_PERIPHERAL.a(mint_os_task.o)
                0x00002b1c                OS_scheduler

i.OS_send_signal_to_task
                0x00002b80        0xc
 i.OS_send_signal_to_task
                0x00002b80        0xc ..\..\..\..\Documents\PSoC Creator\4.1\Downloads ( 4.1).cylib\BLE_v3_40\Library\gccCyBLEStack_BLE_SOC_PERIPHERAL.a(mint_os_task.o)
                0x00002b80                OS_send_signal_to_task

i.OS_send_signal_to_task_context
                0x00002b8c       0x3c
 i.OS_send_signal_to_task_context
                0x00002b8c       0x3c ..\..\..\..\Documents\PSoC Creator\4.1\Downloads ( 4.1).cylib\BLE_v3_40\Library\gccCyBLEStack_BLE_SOC_PERIPHERAL.a(mint_os_task.o)

i.OS_task_mgmt_init
                0x00002bc8       0x50
 i.OS_task_mgmt_init
                0x00002bc8       0x50 ..\..\..\..\Documents\PSoC Creator\4.1\Downloads ( 4.1).cylib\BLE_v3_40\Library\gccCyBLEStack_BLE_SOC_PERIPHERAL.a(mint_os_task.o)
                0x00002bc8                OS_task_mgmt_init

i.mint_buf_mgmt_allocate_buffer
                0x00002c18       0x4c
 i.mint_buf_mgmt_allocate_buffer
                0x00002c18       0x4c ..\..\..\..\Documents\PSoC Creator\4.1\Downloads ( 4.1).cylib\BLE_v3_40\Library\gccCyBLEStack_BLE_SOC_PERIPHERAL.a(mint_buf_mgmt.o)
                0x00002c18                mint_buf_mgmt_allocate_buffer

i.mint_buf_mgmt_create_pool
                0x00002c64       0xd0
 i.mint_buf_mgmt_create_pool
                0x00002c64       0xd0 ..\..\..\..\Documents\PSoC Creator\4.1\Downloads ( 4.1).cylib\BLE_v3_40\Library\gccCyBLEStack_BLE_SOC_PERIPHERAL.a(mint_buf_mgmt.o)
                0x00002c64                mint_buf_mgmt_create_pool

i.mint_buf_mgmt_free_buffer
                0x00002d34       0xa4
 i.mint_buf_mgmt_free_buffer
                0x00002d34       0xa4 ..\..\..\..\Documents\PSoC Creator\4.1\Downloads ( 4.1).cylib\BLE_v3_40\Library\gccCyBLEStack_BLE_SOC_PERIPHERAL.a(mint_buf_mgmt.o)
                0x00002d34                mint_buf_mgmt_free_buffer

i.mint_buf_mgmt_init
                0x00002dd8       0x44
 i.mint_buf_mgmt_init
                0x00002dd8       0x44 ..\..\..\..\Documents\PSoC Creator\4.1\Downloads ( 4.1).cylib\BLE_v3_40\Library\gccCyBLEStack_BLE_SOC_PERIPHERAL.a(mint_buf_mgmt.o)
                0x00002dd8                mint_buf_mgmt_init

i.mint_buf_mgmt_malloc
                0x00002e1c       0x28
 i.mint_buf_mgmt_malloc
                0x00002e1c       0x28 ..\..\..\..\Documents\PSoC Creator\4.1\Downloads ( 4.1).cylib\BLE_v3_40\Library\gccCyBLEStack_BLE_SOC_PERIPHERAL.a(mint_buf_mgmt.o)
                0x00002e1c                mint_buf_mgmt_malloc

i.mint_buf_mgmt_pl_init
                0x00002e44       0x48
 i.mint_buf_mgmt_pl_init
                0x00002e44       0x48 ..\..\..\..\Documents\PSoC Creator\4.1\Downloads ( 4.1).cylib\BLE_v3_40\Library\gccCyBLEStack_BLE_SOC_PERIPHERAL.a(mint_buf_mgmt.o)
                0x00002e44                mint_buf_mgmt_pl_init

i.mint_buf_mgmt_reset_pool
                0x00002e8c       0x70
 i.mint_buf_mgmt_reset_pool
                0x00002e8c       0x70 ..\..\..\..\Documents\PSoC Creator\4.1\Downloads ( 4.1).cylib\BLE_v3_40\Library\gccCyBLEStack_BLE_SOC_PERIPHERAL.a(mint_buf_mgmt.o)
                0x00002e8c                mint_buf_mgmt_reset_pool

i.mint_buf_mgmt_stack_init
                0x00002efc       0x24
 i.mint_buf_mgmt_stack_init
                0x00002efc       0x24 ..\..\..\..\Documents\PSoC Creator\4.1\Downloads ( 4.1).cylib\BLE_v3_40\Library\gccCyBLEStack_BLE_SOC_PERIPHERAL.a(mint_buf_mgmt.o)
                0x00002efc                mint_buf_mgmt_stack_init

i.mint_buf_mgmt_stack_pop
                0x00002f20       0x36
 i.mint_buf_mgmt_stack_pop
                0x00002f20       0x36 ..\..\..\..\Documents\PSoC Creator\4.1\Downloads ( 4.1).cylib\BLE_v3_40\Library\gccCyBLEStack_BLE_SOC_PERIPHERAL.a(mint_buf_mgmt.o)
                0x00002f20                mint_buf_mgmt_stack_pop

i.mint_buf_mgmt_stack_push
                0x00002f56       0x36
 i.mint_buf_mgmt_stack_push
                0x00002f56       0x36 ..\..\..\..\Documents\PSoC Creator\4.1\Downloads ( 4.1).cylib\BLE_v3_40\Library\gccCyBLEStack_BLE_SOC_PERIPHERAL.a(mint_buf_mgmt.o)
                0x00002f56                mint_buf_mgmt_stack_push

i.mint_buf_mgmt_stack_reset
                0x00002f8c       0x1e
 i.mint_buf_mgmt_stack_reset
                0x00002f8c       0x1e ..\..\..\..\Documents\PSoC Creator\4.1\Downloads ( 4.1).cylib\BLE_v3_40\Library\gccCyBLEStack_BLE_SOC_PERIPHERAL.a(mint_buf_mgmt.o)
                0x00002f8c                mint_buf_mgmt_stack_reset

i.mint_buf_mgmt_stack_search_item
                0x00002faa       0x30
 i.mint_buf_mgmt_stack_search_item
                0x00002faa       0x30 ..\..\..\..\Documents\PSoC Creator\4.1\Downloads ( 4.1).cylib\BLE_v3_40\Library\gccCyBLEStack_BLE_SOC_PERIPHERAL.a(mint_buf_mgmt.o)
                0x00002faa                mint_buf_mgmt_stack_search_item

i.CyBleControllerIP_GetPingState
                0x00002fdc        0xc
 i.CyBleControllerIP_GetPingState
                0x00002fdc        0xc ..\..\..\..\Documents\PSoC Creator\4.1\Downloads ( 4.1).cylib\BLE_v3_40\Library\gccCyBLEStack_BLE_SOC_PERIPHERAL.a(CyBleControllerIP_Interface.o)
                0x00002fdc                CyBleControllerIP_GetPingState

i.CyBleController_AddDeviceToWhiteList
                0x00002fe8       0x48
 i.CyBleController_AddDeviceToWhiteList
                0x00002fe8       0x48 ..\..\..\..\Documents\PSoC Creator\4.1\Downloads ( 4.1).cylib\BLE_v3_40\Library\gccCyBLEStack_BLE_SOC_PERIPHERAL.a(CyBleControllerIP_Interface.o)
                0x00002fe8                CyBleController_AddDeviceToWhiteList

i.CyBleController_ExitLowPowerMode
                0x00003030       0x10
 i.CyBleController_ExitLowPowerMode
                0x00003030       0x10 ..\..\..\..\Documents\PSoC Creator\4.1\Downloads ( 4.1).cylib\BLE_v3_40\Library\gccCyBLEStack_BLE_SOC_PERIPHERAL.a(CyBleControllerIP_Interface.o)
                0x00003030                CyBleController_ExitLowPowerMode

i.CyBleController_GetDeviceAddress
                0x00003040       0x22
 i.CyBleController_GetDeviceAddress
                0x00003040       0x22 ..\..\..\..\Documents\PSoC Creator\4.1\Downloads ( 4.1).cylib\BLE_v3_40\Library\gccCyBLEStack_BLE_SOC_PERIPHERAL.a(CyBleControllerIP_Interface.o)
                0x00003040                CyBleController_GetDeviceAddress

i.CyBleController_GetDleHeapMemory
                0x00003062       0x10
 i.CyBleController_GetDleHeapMemory
                0x00003062       0x10 ..\..\..\..\Documents\PSoC Creator\4.1\Downloads ( 4.1).cylib\BLE_v3_40\Library\gccCyBLEStack_BLE_SOC_PERIPHERAL.a(CyBleControllerIP_Interface.o)
                0x00003062                CyBleController_GetDleHeapMemory

i.CyBleController_GetPrivacyHeapMemory
                0x00003074       0x1c
 i.CyBleController_GetPrivacyHeapMemory
                0x00003074       0x1c ..\..\..\..\Documents\PSoC Creator\4.1\Downloads ( 4.1).cylib\BLE_v3_40\Library\gccCyBLEStack_BLE_SOC_PERIPHERAL.a(CyBleControllerIP_Interface.o)
                0x00003074                CyBleController_GetPrivacyHeapMemory

i.CyBleController_Init
                0x00003090       0x40
 i.CyBleController_Init
                0x00003090       0x40 ..\..\..\..\Documents\PSoC Creator\4.1\Downloads ( 4.1).cylib\BLE_v3_40\Library\gccCyBLEStack_BLE_SOC_PERIPHERAL.a(CyBleControllerIP_Interface.o)
                0x00003090                CyBleController_Init

i.CyBleController_SetDeviceAddress
                0x000030d0       0x2e
 i.CyBleController_SetDeviceAddress
                0x000030d0       0x2e ..\..\..\..\Documents\PSoC Creator\4.1\Downloads ( 4.1).cylib\BLE_v3_40\Library\gccCyBLEStack_BLE_SOC_PERIPHERAL.a(CyBleControllerIP_Interface.o)
                0x000030d0                CyBleController_SetDeviceAddress

i.CyBleController_SetDleParams
                0x00003100       0x1c
 i.CyBleController_SetDleParams
                0x00003100       0x1c ..\..\..\..\Documents\PSoC Creator\4.1\Downloads ( 4.1).cylib\BLE_v3_40\Library\gccCyBLEStack_BLE_SOC_PERIPHERAL.a(CyBleControllerIP_Interface.o)
                0x00003100                CyBleController_SetDleParams

i.CyBleController_SetLePrivacyParams
                0x0000311c       0x18
 i.CyBleController_SetLePrivacyParams
                0x0000311c       0x18 ..\..\..\..\Documents\PSoC Creator\4.1\Downloads ( 4.1).cylib\BLE_v3_40\Library\gccCyBLEStack_BLE_SOC_PERIPHERAL.a(CyBleControllerIP_Interface.o)
                0x0000311c                CyBleController_SetLePrivacyParams

i.CyBle_GetFirmwareProgrammedDSM
                0x00003134        0xc
 i.CyBle_GetFirmwareProgrammedDSM
                0x00003134        0xc ..\..\..\..\Documents\PSoC Creator\4.1\Downloads ( 4.1).cylib\BLE_v3_40\Library\gccCyBLEStack_BLE_SOC_PERIPHERAL.a(CyBleControllerIP_Interface.o)
                0x00003134                CyBle_GetFirmwareProgrammedDSM

i.CyBle_GetTxPowerLevel
                0x00003140       0x54
 i.CyBle_GetTxPowerLevel
                0x00003140       0x54 ..\..\..\..\Documents\PSoC Creator\4.1\Downloads ( 4.1).cylib\BLE_v3_40\Library\gccCyBLEStack_BLE_SOC_PERIPHERAL.a(CyBleControllerIP_Interface.o)
                0x00003140                CyBle_GetTxPowerLevel

i.CyBle_SendBlessEvtoAPP
                0x00003194        0xc
 i.CyBle_SendBlessEvtoAPP
                0x00003194        0xc ..\..\..\..\Documents\PSoC Creator\4.1\Downloads ( 4.1).cylib\BLE_v3_40\Library\gccCyBLEStack_BLE_SOC_PERIPHERAL.a(CyBleControllerIP_Interface.o)
                0x00003194                CyBle_SendBlessEvtoAPP

i.CyBle_SendEventToApp
                0x000031a0       0x38
 i.CyBle_SendEventToApp
                0x000031a0       0x38 ..\..\..\..\Documents\PSoC Creator\4.1\Downloads ( 4.1).cylib\BLE_v3_40\Library\gccCyBLEStack_BLE_SOC_PERIPHERAL.a(CyBleControllerIP_Interface.o)
                0x000031a0                CyBle_SendEventToApp

i.CyBle_SetFirmwareProgrammedDSM
                0x000031d8        0xc
 i.CyBle_SetFirmwareProgrammedDSM
                0x000031d8        0xc ..\..\..\..\Documents\PSoC Creator\4.1\Downloads ( 4.1).cylib\BLE_v3_40\Library\gccCyBLEStack_BLE_SOC_PERIPHERAL.a(CyBleControllerIP_Interface.o)
                0x000031d8                CyBle_SetFirmwareProgrammedDSM

i.CyBle_SetTxPowerLevel
                0x000031e4       0x88
 i.CyBle_SetTxPowerLevel
                0x000031e4       0x88 ..\..\..\..\Documents\PSoC Creator\4.1\Downloads ( 4.1).cylib\BLE_v3_40\Library\gccCyBLEStack_BLE_SOC_PERIPHERAL.a(CyBleControllerIP_Interface.o)
                0x000031e4                CyBle_SetTxPowerLevel

i.ll_check_and_mark_packet_ready_for_transmission
                0x0000326c       0x44
 i.ll_check_and_mark_packet_ready_for_transmission
                0x0000326c       0x44 ..\..\..\..\Documents\PSoC Creator\4.1\Downloads ( 4.1).cylib\BLE_v3_40\Library\gccCyBLEStack_BLE_SOC_PERIPHERAL.a(ll.o)
                0x0000326c                ll_check_and_mark_packet_ready_for_transmission

i.ll_cleanup_pending_data_pdu
                0x000032b0       0x44
 i.ll_cleanup_pending_data_pdu
                0x000032b0       0x44 ..\..\..\..\Documents\PSoC Creator\4.1\Downloads ( 4.1).cylib\BLE_v3_40\Library\gccCyBLEStack_BLE_SOC_PERIPHERAL.a(ll.o)
                0x000032b0                ll_cleanup_pending_data_pdu

i.ll_exit_low_power_mode
                0x000032f4       0x84
 i.ll_exit_low_power_mode
                0x000032f4       0x84 ..\..\..\..\Documents\PSoC Creator\4.1\Downloads ( 4.1).cylib\BLE_v3_40\Library\gccCyBLEStack_BLE_SOC_PERIPHERAL.a(ll.o)
                0x000032f4                ll_exit_low_power_mode

i.ll_get_ack_status
                0x00003378       0x44
 i.ll_get_ack_status
                0x00003378       0x44 ..\..\..\..\Documents\PSoC Creator\4.1\Downloads ( 4.1).cylib\BLE_v3_40\Library\gccCyBLEStack_BLE_SOC_PERIPHERAL.a(ll.o)
                0x00003378                ll_get_ack_status

i.ll_get_adv_ch_tx_power
                0x000033bc       0x20
 i.ll_get_adv_ch_tx_power
                0x000033bc       0x20 ..\..\..\..\Documents\PSoC Creator\4.1\Downloads ( 4.1).cylib\BLE_v3_40\Library\gccCyBLEStack_BLE_SOC_PERIPHERAL.a(ll.o)
                0x000033bc                ll_get_adv_ch_tx_power

i.ll_get_data_channel_map
                0x000033dc       0x28
 i.ll_get_data_channel_map
                0x000033dc       0x28 ..\..\..\..\Documents\PSoC Creator\4.1\Downloads ( 4.1).cylib\BLE_v3_40\Library\gccCyBLEStack_BLE_SOC_PERIPHERAL.a(ll.o)
                0x000033dc                ll_get_data_channel_map

i.ll_get_max_white_list_size
                0x00003404        0xc
 i.ll_get_max_white_list_size
                0x00003404        0xc ..\..\..\..\Documents\PSoC Creator\4.1\Downloads ( 4.1).cylib\BLE_v3_40\Library\gccCyBLEStack_BLE_SOC_PERIPHERAL.a(ll.o)
                0x00003404                ll_get_max_white_list_size

i.ll_get_my_role
                0x00003410        0xc
 i.ll_get_my_role
                0x00003410        0xc ..\..\..\..\Documents\PSoC Creator\4.1\Downloads ( 4.1).cylib\BLE_v3_40\Library\gccCyBLEStack_BLE_SOC_PERIPHERAL.a(ll.o)
                0x00003410                ll_get_my_role

i.ll_get_next_available_fifo_for_data_pdu
                0x0000341c        0x8
 i.ll_get_next_available_fifo_for_data_pdu
                0x0000341c        0x8 ..\..\..\..\Documents\PSoC Creator\4.1\Downloads ( 4.1).cylib\BLE_v3_40\Library\gccCyBLEStack_BLE_SOC_PERIPHERAL.a(ll.o)
                0x0000341c                ll_get_next_available_fifo_for_data_pdu

i.ll_get_next_available_fifo_for_ll_pdu
                0x00003424       0x2c
 i.ll_get_next_available_fifo_for_ll_pdu
                0x00003424       0x2c ..\..\..\..\Documents\PSoC Creator\4.1\Downloads ( 4.1).cylib\BLE_v3_40\Library\gccCyBLEStack_BLE_SOC_PERIPHERAL.a(ll.o)
                0x00003424                ll_get_next_available_fifo_for_ll_pdu

i.ll_get_rssi_value
                0x00003450       0x26
 i.ll_get_rssi_value
                0x00003450       0x26 ..\..\..\..\Documents\PSoC Creator\4.1\Downloads ( 4.1).cylib\BLE_v3_40\Library\gccCyBLEStack_BLE_SOC_PERIPHERAL.a(ll.o)
                0x00003450                ll_get_rssi_value

i.ll_get_transmit_power_level
                0x00003478       0x2c
 i.ll_get_transmit_power_level
                0x00003478       0x2c ..\..\..\..\Documents\PSoC Creator\4.1\Downloads ( 4.1).cylib\BLE_v3_40\Library\gccCyBLEStack_BLE_SOC_PERIPHERAL.a(ll.o)
                0x00003478                ll_get_transmit_power_level

i.ll_handle_ack_received
                0x000034a4       0x74
 i.ll_handle_ack_received
                0x000034a4       0x74 ..\..\..\..\Documents\PSoC Creator\4.1\Downloads ( 4.1).cylib\BLE_v3_40\Library\gccCyBLEStack_BLE_SOC_PERIPHERAL.a(ll.o)
                0x000034a4                ll_handle_ack_received

i.ll_handle_add_device_in_whitelist
                0x00003518       0x50
 i.ll_handle_add_device_in_whitelist
                0x00003518       0x50 ..\..\..\..\Documents\PSoC Creator\4.1\Downloads ( 4.1).cylib\BLE_v3_40\Library\gccCyBLEStack_BLE_SOC_PERIPHERAL.a(ll.o)
                0x00003518                ll_handle_add_device_in_whitelist

i.ll_handle_clear_whitelist
                0x00003568       0x24
 i.ll_handle_clear_whitelist
                0x00003568       0x24 ..\..\..\..\Documents\PSoC Creator\4.1\Downloads ( 4.1).cylib\BLE_v3_40\Library\gccCyBLEStack_BLE_SOC_PERIPHERAL.a(ll.o)
                0x00003568                ll_handle_clear_whitelist

i.ll_handle_encrypt_host_data
                0x0000358c       0x36
 i.ll_handle_encrypt_host_data
                0x0000358c       0x36 ..\..\..\..\Documents\PSoC Creator\4.1\Downloads ( 4.1).cylib\BLE_v3_40\Library\gccCyBLEStack_BLE_SOC_PERIPHERAL.a(ll.o)
                0x0000358c                ll_handle_encrypt_host_data

i.ll_handle_host_data_packet
                0x000035c4       0x9c
 i.ll_handle_host_data_packet
                0x000035c4       0x9c ..\..\..\..\Documents\PSoC Creator\4.1\Downloads ( 4.1).cylib\BLE_v3_40\Library\gccCyBLEStack_BLE_SOC_PERIPHERAL.a(ll.o)
                0x000035c4                ll_handle_host_data_packet

i.ll_handle_read_host_channel_map
                0x00003660        0x4
 i.ll_handle_read_host_channel_map
                0x00003660        0x4 ..\..\..\..\Documents\PSoC Creator\4.1\Downloads ( 4.1).cylib\BLE_v3_40\Library\gccCyBLEStack_BLE_SOC_PERIPHERAL.a(ll.o)
                0x00003660                ll_handle_read_host_channel_map

i.ll_handle_remove_device_in_whitelist
                0x00003664       0x38
 i.ll_handle_remove_device_in_whitelist
                0x00003664       0x38 ..\..\..\..\Documents\PSoC Creator\4.1\Downloads ( 4.1).cylib\BLE_v3_40\Library\gccCyBLEStack_BLE_SOC_PERIPHERAL.a(ll.o)
                0x00003664                ll_handle_remove_device_in_whitelist

i.ll_handle_reset
                0x0000369c        0xe
 i.ll_handle_reset
                0x0000369c        0xe ..\..\..\..\Documents\PSoC Creator\4.1\Downloads ( 4.1).cylib\BLE_v3_40\Library\gccCyBLEStack_BLE_SOC_PERIPHERAL.a(ll.o)
                0x0000369c                ll_handle_reset

i.ll_handle_set_random_address
                0x000036aa       0x36
 i.ll_handle_set_random_address
                0x000036aa       0x36 ..\..\..\..\Documents\PSoC Creator\4.1\Downloads ( 4.1).cylib\BLE_v3_40\Library\gccCyBLEStack_BLE_SOC_PERIPHERAL.a(ll.o)
                0x000036aa                ll_handle_set_random_address

i.ll_init       0x000036e0       0x20
 i.ll_init      0x000036e0       0x20 ..\..\..\..\Documents\PSoC Creator\4.1\Downloads ( 4.1).cylib\BLE_v3_40\Library\gccCyBLEStack_BLE_SOC_PERIPHERAL.a(ll.o)
                0x000036e0                ll_init

i.ll_initialize_device_attributes
                0x00003700       0xc0
 i.ll_initialize_device_attributes
                0x00003700       0xc0 ..\..\..\..\Documents\PSoC Creator\4.1\Downloads ( 4.1).cylib\BLE_v3_40\Library\gccCyBLEStack_BLE_SOC_PERIPHERAL.a(ll.o)
                0x00003700                ll_initialize_device_attributes

i.ll_is_pkt_pending
                0x000037c0       0x2a
 i.ll_is_pkt_pending
                0x000037c0       0x2a ..\..\..\..\Documents\PSoC Creator\4.1\Downloads ( 4.1).cylib\BLE_v3_40\Library\gccCyBLEStack_BLE_SOC_PERIPHERAL.a(ll.o)
                0x000037c0                ll_is_pkt_pending

i.ll_is_sent_pkt_pending
                0x000037ea       0x1a
 i.ll_is_sent_pkt_pending
                0x000037ea       0x1a ..\..\..\..\Documents\PSoC Creator\4.1\Downloads ( 4.1).cylib\BLE_v3_40\Library\gccCyBLEStack_BLE_SOC_PERIPHERAL.a(ll.o)
                0x000037ea                ll_is_sent_pkt_pending

i.ll_isr_exit_low_power_mode
                0x00003804       0x16
 i.ll_isr_exit_low_power_mode
                0x00003804       0x16 ..\..\..\..\Documents\PSoC Creator\4.1\Downloads ( 4.1).cylib\BLE_v3_40\Library\gccCyBLEStack_BLE_SOC_PERIPHERAL.a(ll.o)
                0x00003804                ll_isr_exit_low_power_mode

i.ll_load_host_data_packet
                0x0000381a       0x3c
 i.ll_load_host_data_packet
                0x0000381a       0x3c ..\..\..\..\Documents\PSoC Creator\4.1\Downloads ( 4.1).cylib\BLE_v3_40\Library\gccCyBLEStack_BLE_SOC_PERIPHERAL.a(ll.o)
                0x0000381a                ll_load_host_data_packet

i.ll_load_packet_to_fifo
                0x00003858       0xc0
 i.ll_load_packet_to_fifo
                0x00003858       0xc0 ..\..\..\..\Documents\PSoC Creator\4.1\Downloads ( 4.1).cylib\BLE_v3_40\Library\gccCyBLEStack_BLE_SOC_PERIPHERAL.a(ll.o)
                0x00003858                ll_load_packet_to_fifo

i.ll_process_acks
                0x00003918       0x60
 i.ll_process_acks
                0x00003918       0x60 ..\..\..\..\Documents\PSoC Creator\4.1\Downloads ( 4.1).cylib\BLE_v3_40\Library\gccCyBLEStack_BLE_SOC_PERIPHERAL.a(ll.o)
                0x00003918                ll_process_acks

i.ll_reset      0x00003978       0x14
 i.ll_reset     0x00003978       0x14 ..\..\..\..\Documents\PSoC Creator\4.1\Downloads ( 4.1).cylib\BLE_v3_40\Library\gccCyBLEStack_BLE_SOC_PERIPHERAL.a(ll.o)
                0x00003978                ll_reset

i.ll_update_active_features
                0x0000398c       0x58
 i.ll_update_active_features
                0x0000398c       0x58 ..\..\..\..\Documents\PSoC Creator\4.1\Downloads ( 4.1).cylib\BLE_v3_40\Library\gccCyBLEStack_BLE_SOC_PERIPHERAL.a(ll.o)
                0x0000398c                ll_update_active_features

i.ll_update_device_fsm
                0x000039e4        0x8
 i.ll_update_device_fsm
                0x000039e4        0x8 ..\..\..\..\Documents\PSoC Creator\4.1\Downloads ( 4.1).cylib\BLE_v3_40\Library\gccCyBLEStack_BLE_SOC_PERIPHERAL.a(ll.o)
                0x000039e4                ll_update_device_fsm

i.ll_validate_add_device_to_whitelist_params
                0x000039ec       0x14
 i.ll_validate_add_device_to_whitelist_params
                0x000039ec       0x14 ..\..\..\..\Documents\PSoC Creator\4.1\Downloads ( 4.1).cylib\BLE_v3_40\Library\gccCyBLEStack_BLE_SOC_PERIPHERAL.a(ll.o)
                0x000039ec                ll_validate_add_device_to_whitelist_params

i.ll_validate_bd_addr
                0x00003a00       0x1a
 i.ll_validate_bd_addr
                0x00003a00       0x1a ..\..\..\..\Documents\PSoC Creator\4.1\Downloads ( 4.1).cylib\BLE_v3_40\Library\gccCyBLEStack_BLE_SOC_PERIPHERAL.a(ll.o)
                0x00003a00                ll_validate_bd_addr

i.ll_wait_to_exit_dsm
                0x00003a1a       0x2c
 i.ll_wait_to_exit_dsm
                0x00003a1a       0x2c ..\..\..\..\Documents\PSoC Creator\4.1\Downloads ( 4.1).cylib\BLE_v3_40\Library\gccCyBLEStack_BLE_SOC_PERIPHERAL.a(ll.o)

i.pf_le_start_timer
                0x00003a46       0x16
 i.pf_le_start_timer
                0x00003a46       0x16 ..\..\..\..\Documents\PSoC Creator\4.1\Downloads ( 4.1).cylib\BLE_v3_40\Library\gccCyBLEStack_BLE_SOC_PERIPHERAL.a(ll.o)
                0x00003a46                pf_le_start_timer

i.pf_le_stop_timer
                0x00003a5c       0x12
 i.pf_le_stop_timer
                0x00003a5c       0x12 ..\..\..\..\Documents\PSoC Creator\4.1\Downloads ( 4.1).cylib\BLE_v3_40\Library\gccCyBLEStack_BLE_SOC_PERIPHERAL.a(ll.o)
                0x00003a5c                pf_le_stop_timer

i.CyBleControllerIP_TuneAdvEventInterPktSlots
                0x00003a70       0x3c
 i.CyBleControllerIP_TuneAdvEventInterPktSlots
                0x00003a70       0x3c ..\..\..\..\Documents\PSoC Creator\4.1\Downloads ( 4.1).cylib\BLE_v3_40\Library\gccCyBLEStack_BLE_SOC_PERIPHERAL.a(ll_advertiser.o)
                0x00003a70                CyBleControllerIP_TuneAdvEventInterPktSlots

i.ll_adv_is_configured_connection_adv
                0x00003aac       0x1e
 i.ll_adv_is_configured_connection_adv
                0x00003aac       0x1e ..\..\..\..\Documents\PSoC Creator\4.1\Downloads ( 4.1).cylib\BLE_v3_40\Library\gccCyBLEStack_BLE_SOC_PERIPHERAL.a(ll_advertiser.o)
                0x00003aac                ll_adv_is_configured_connection_adv

i.ll_check_random_address_in_use_by_advertiser
                0x00003aca       0x10
 i.ll_check_random_address_in_use_by_advertiser
                0x00003aca       0x10 ..\..\..\..\Documents\PSoC Creator\4.1\Downloads ( 4.1).cylib\BLE_v3_40\Library\gccCyBLEStack_BLE_SOC_PERIPHERAL.a(ll_advertiser.o)
                0x00003aca                ll_check_random_address_in_use_by_advertiser

i.ll_check_whitelist_in_use_by_advertiser
                0x00003ada       0x10
 i.ll_check_whitelist_in_use_by_advertiser
                0x00003ada       0x10 ..\..\..\..\Documents\PSoC Creator\4.1\Downloads ( 4.1).cylib\BLE_v3_40\Library\gccCyBLEStack_BLE_SOC_PERIPHERAL.a(ll_advertiser.o)
                0x00003ada                ll_check_whitelist_in_use_by_advertiser

i.ll_get_adv_data
                0x00003aec        0xc
 i.ll_get_adv_data
                0x00003aec        0xc ..\..\..\..\Documents\PSoC Creator\4.1\Downloads ( 4.1).cylib\BLE_v3_40\Library\gccCyBLEStack_BLE_SOC_PERIPHERAL.a(ll_advertiser.o)
                0x00003aec                ll_get_adv_data

i.ll_get_adv_status
                0x00003af8        0xc
 i.ll_get_adv_status
                0x00003af8        0xc ..\..\..\..\Documents\PSoC Creator\4.1\Downloads ( 4.1).cylib\BLE_v3_40\Library\gccCyBLEStack_BLE_SOC_PERIPHERAL.a(ll_advertiser.o)
                0x00003af8                ll_get_adv_status

i.ll_get_adv_type
                0x00003b04       0x18
 i.ll_get_adv_type
                0x00003b04       0x18 ..\..\..\..\Documents\PSoC Creator\4.1\Downloads ( 4.1).cylib\BLE_v3_40\Library\gccCyBLEStack_BLE_SOC_PERIPHERAL.a(ll_advertiser.o)
                0x00003b04                ll_get_adv_type

i.ll_get_scan_rsp_data
                0x00003b1c        0xc
 i.ll_get_scan_rsp_data
                0x00003b1c        0xc ..\..\..\..\Documents\PSoC Creator\4.1\Downloads ( 4.1).cylib\BLE_v3_40\Library\gccCyBLEStack_BLE_SOC_PERIPHERAL.a(ll_advertiser.o)
                0x00003b1c                ll_get_scan_rsp_data

i.ll_handle_adv_intr
                0x00003b28       0x54
 i.ll_handle_adv_intr
                0x00003b28       0x54 ..\..\..\..\Documents\PSoC Creator\4.1\Downloads ( 4.1).cylib\BLE_v3_40\Library\gccCyBLEStack_BLE_SOC_PERIPHERAL.a(ll_advertiser.o)
                0x00003b28                ll_handle_adv_intr

i.ll_handle_set_adv_data
                0x00003b7c       0x38
 i.ll_handle_set_adv_data
                0x00003b7c       0x38 ..\..\..\..\Documents\PSoC Creator\4.1\Downloads ( 4.1).cylib\BLE_v3_40\Library\gccCyBLEStack_BLE_SOC_PERIPHERAL.a(ll_advertiser.o)
                0x00003b7c                ll_handle_set_adv_data

i.ll_handle_set_adv_parameters
                0x00003bb4       0xa4
 i.ll_handle_set_adv_parameters
                0x00003bb4       0xa4 ..\..\..\..\Documents\PSoC Creator\4.1\Downloads ( 4.1).cylib\BLE_v3_40\Library\gccCyBLEStack_BLE_SOC_PERIPHERAL.a(ll_advertiser.o)
                0x00003bb4                ll_handle_set_adv_parameters

i.ll_handle_set_advertise_enable
                0x00003c58       0x6a
 i.ll_handle_set_advertise_enable
                0x00003c58       0x6a ..\..\..\..\Documents\PSoC Creator\4.1\Downloads ( 4.1).cylib\BLE_v3_40\Library\gccCyBLEStack_BLE_SOC_PERIPHERAL.a(ll_advertiser.o)
                0x00003c58                ll_handle_set_advertise_enable

i.ll_handle_set_scan_resp_data
                0x00003cc4       0x38
 i.ll_handle_set_scan_resp_data
                0x00003cc4       0x38 ..\..\..\..\Documents\PSoC Creator\4.1\Downloads ( 4.1).cylib\BLE_v3_40\Library\gccCyBLEStack_BLE_SOC_PERIPHERAL.a(ll_advertiser.o)
                0x00003cc4                ll_handle_set_scan_resp_data

i.ll_init_advertiser
                0x00003cfc       0x70
 i.ll_init_advertiser
                0x00003cfc       0x70 ..\..\..\..\Documents\PSoC Creator\4.1\Downloads ( 4.1).cylib\BLE_v3_40\Library\gccCyBLEStack_BLE_SOC_PERIPHERAL.a(ll_advertiser.o)
                0x00003cfc                ll_init_advertiser

i.ll_update_adv_data
                0x00003d6c       0x34
 i.ll_update_adv_data
                0x00003d6c       0x34 ..\..\..\..\Documents\PSoC Creator\4.1\Downloads ( 4.1).cylib\BLE_v3_40\Library\gccCyBLEStack_BLE_SOC_PERIPHERAL.a(ll_advertiser.o)
                0x00003d6c                ll_update_adv_data

i.ll_update_scan_rsp_data
                0x00003da0       0x34
 i.ll_update_scan_rsp_data
                0x00003da0       0x34 ..\..\..\..\Documents\PSoC Creator\4.1\Downloads ( 4.1).cylib\BLE_v3_40\Library\gccCyBLEStack_BLE_SOC_PERIPHERAL.a(ll_advertiser.o)
                0x00003da0                ll_update_scan_rsp_data

i.is_le_connection_handle
                0x00003dd4       0x28
 i.is_le_connection_handle
                0x00003dd4       0x28 ..\..\..\..\Documents\PSoC Creator\4.1\Downloads ( 4.1).cylib\BLE_v3_40\Library\gccCyBLEStack_BLE_SOC_PERIPHERAL.a(ll_connection.o)
                0x00003dd4                is_le_connection_handle

i.le_assign_connection_handle
                0x00003dfc       0x28
 i.le_assign_connection_handle
                0x00003dfc       0x28 ..\..\..\..\Documents\PSoC Creator\4.1\Downloads ( 4.1).cylib\BLE_v3_40\Library\gccCyBLEStack_BLE_SOC_PERIPHERAL.a(ll_connection.o)
                0x00003dfc                le_assign_connection_handle

i.le_get_connection_index
                0x00003e24        0x6
 i.le_get_connection_index
                0x00003e24        0x6 ..\..\..\..\Documents\PSoC Creator\4.1\Downloads ( 4.1).cylib\BLE_v3_40\Library\gccCyBLEStack_BLE_SOC_PERIPHERAL.a(ll_connection.o)
                0x00003e24                le_get_connection_index

i.ll_allocate_connection
                0x00003e2c       0x44
 i.ll_allocate_connection
                0x00003e2c       0x44 ..\..\..\..\Documents\PSoC Creator\4.1\Downloads ( 4.1).cylib\BLE_v3_40\Library\gccCyBLEStack_BLE_SOC_PERIPHERAL.a(ll_connection.o)
                0x00003e2c                ll_allocate_connection

i.ll_calculate_and_program_def_win_widen_drift
                0x00003e70       0x14
 i.ll_calculate_and_program_def_win_widen_drift
                0x00003e70       0x14 ..\..\..\..\Documents\PSoC Creator\4.1\Downloads ( 4.1).cylib\BLE_v3_40\Library\gccCyBLEStack_BLE_SOC_PERIPHERAL.a(ll_connection.o)
                0x00003e70                ll_calculate_and_program_def_win_widen_drift

i.ll_calculate_drift
                0x00003e84       0x2c
 i.ll_calculate_drift
                0x00003e84       0x2c ..\..\..\..\Documents\PSoC Creator\4.1\Downloads ( 4.1).cylib\BLE_v3_40\Library\gccCyBLEStack_BLE_SOC_PERIPHERAL.a(ll_connection.o)
                0x00003e84                ll_calculate_drift

i.ll_check_and_decrypt_ll_pdu
                0x00003eb0       0x70
 i.ll_check_and_decrypt_ll_pdu
                0x00003eb0       0x70 ..\..\..\..\Documents\PSoC Creator\4.1\Downloads ( 4.1).cylib\BLE_v3_40\Library\gccCyBLEStack_BLE_SOC_PERIPHERAL.a(ll_connection.o)
                0x00003eb0                ll_check_and_decrypt_ll_pdu

i.ll_check_and_decrypt_packet
                0x00003f20       0x6a
 i.ll_check_and_decrypt_packet
                0x00003f20       0x6a ..\..\..\..\Documents\PSoC Creator\4.1\Downloads ( 4.1).cylib\BLE_v3_40\Library\gccCyBLEStack_BLE_SOC_PERIPHERAL.a(ll_connection.o)
                0x00003f20                ll_check_and_decrypt_packet

i.ll_check_and_encrypt_ll_pdu
                0x00003f8a       0x7c
 i.ll_check_and_encrypt_ll_pdu
                0x00003f8a       0x7c ..\..\..\..\Documents\PSoC Creator\4.1\Downloads ( 4.1).cylib\BLE_v3_40\Library\gccCyBLEStack_BLE_SOC_PERIPHERAL.a(ll_connection.o)
                0x00003f8a                ll_check_and_encrypt_ll_pdu

i.ll_check_and_encrypt_packet
                0x00004006       0x82
 i.ll_check_and_encrypt_packet
                0x00004006       0x82 ..\..\..\..\Documents\PSoC Creator\4.1\Downloads ( 4.1).cylib\BLE_v3_40\Library\gccCyBLEStack_BLE_SOC_PERIPHERAL.a(ll_connection.o)
                0x00004006                ll_check_and_encrypt_packet

i.ll_check_for_allowing_incoming_connection_update
                0x00004088       0x42
 i.ll_check_for_allowing_incoming_connection_update
                0x00004088       0x42 ..\..\..\..\Documents\PSoC Creator\4.1\Downloads ( 4.1).cylib\BLE_v3_40\Library\gccCyBLEStack_BLE_SOC_PERIPHERAL.a(ll_connection.o)
                0x00004088                ll_check_for_allowing_incoming_connection_update

i.ll_check_if_pdu_is_loaded_to_hardware
                0x000040cc       0x1c
 i.ll_check_if_pdu_is_loaded_to_hardware
                0x000040cc       0x1c ..\..\..\..\Documents\PSoC Creator\4.1\Downloads ( 4.1).cylib\BLE_v3_40\Library\gccCyBLEStack_BLE_SOC_PERIPHERAL.a(ll_connection.o)
                0x000040cc                ll_check_if_pdu_is_loaded_to_hardware

i.ll_check_random_address_in_use_by_initiator
                0x000040e8       0x30
 i.ll_check_random_address_in_use_by_initiator
                0x000040e8       0x30 ..\..\..\..\Documents\PSoC Creator\4.1\Downloads ( 4.1).cylib\BLE_v3_40\Library\gccCyBLEStack_BLE_SOC_PERIPHERAL.a(ll_connection.o)
                0x000040e8                ll_check_random_address_in_use_by_initiator

i.ll_check_white_list_in_use_by_initiator
                0x00004118       0x30
 i.ll_check_white_list_in_use_by_initiator
                0x00004118       0x30 ..\..\..\..\Documents\PSoC Creator\4.1\Downloads ( 4.1).cylib\BLE_v3_40\Library\gccCyBLEStack_BLE_SOC_PERIPHERAL.a(ll_connection.o)
                0x00004118                ll_check_white_list_in_use_by_initiator

i.ll_conn_free_enc_txn_buffer
                0x00004148       0x16
 i.ll_conn_free_enc_txn_buffer
                0x00004148       0x16 ..\..\..\..\Documents\PSoC Creator\4.1\Downloads ( 4.1).cylib\BLE_v3_40\Library\gccCyBLEStack_BLE_SOC_PERIPHERAL.a(ll_connection.o)
                0x00004148                ll_conn_free_enc_txn_buffer

i.ll_conn_fsm_update_channel_state
                0x0000415e        0x6
 i.ll_conn_fsm_update_channel_state
                0x0000415e        0x6 ..\..\..\..\Documents\PSoC Creator\4.1\Downloads ( 4.1).cylib\BLE_v3_40\Library\gccCyBLEStack_BLE_SOC_PERIPHERAL.a(ll_connection.o)
                0x0000415e                ll_conn_fsm_update_channel_state

i.ll_conn_fsm_update_conn_update_state
                0x00004164        0x6
 i.ll_conn_fsm_update_conn_update_state
                0x00004164        0x6 ..\..\..\..\Documents\PSoC Creator\4.1\Downloads ( 4.1).cylib\BLE_v3_40\Library\gccCyBLEStack_BLE_SOC_PERIPHERAL.a(ll_connection.o)
                0x00004164                ll_conn_fsm_update_conn_update_state

i.ll_conn_fsm_update_enc_state
                0x0000416a        0x6
 i.ll_conn_fsm_update_enc_state
                0x0000416a        0x6 ..\..\..\..\Documents\PSoC Creator\4.1\Downloads ( 4.1).cylib\BLE_v3_40\Library\gccCyBLEStack_BLE_SOC_PERIPHERAL.a(ll_connection.o)
                0x0000416a                ll_conn_fsm_update_enc_state

i.ll_conn_fsm_update_state
                0x00004170        0x4
 i.ll_conn_fsm_update_state
                0x00004170        0x4 ..\..\..\..\Documents\PSoC Creator\4.1\Downloads ( 4.1).cylib\BLE_v3_40\Library\gccCyBLEStack_BLE_SOC_PERIPHERAL.a(ll_connection.o)
                0x00004170                ll_conn_fsm_update_state

i.ll_conn_handle_data_pdu_from_host_when_data_paused
                0x00004174        0x8
 i.ll_conn_handle_data_pdu_from_host_when_data_paused
                0x00004174        0x8 ..\..\..\..\Documents\PSoC Creator\4.1\Downloads ( 4.1).cylib\BLE_v3_40\Library\gccCyBLEStack_BLE_SOC_PERIPHERAL.a(ll_connection.o)
                0x00004174                ll_conn_handle_data_pdu_from_host_when_data_paused

i.ll_conn_handle_direct_adv_timeout
                0x0000417c       0x2c
 i.ll_conn_handle_direct_adv_timeout
                0x0000417c       0x2c ..\..\..\..\Documents\PSoC Creator\4.1\Downloads ( 4.1).cylib\BLE_v3_40\Library\gccCyBLEStack_BLE_SOC_PERIPHERAL.a(ll_connection.o)
                0x0000417c                ll_conn_handle_direct_adv_timeout

i.ll_conn_handle_ping_timer_expired_interrupt
                0x000041a8       0x1c
 i.ll_conn_handle_ping_timer_expired_interrupt
                0x000041a8       0x1c ..\..\..\..\Documents\PSoC Creator\4.1\Downloads ( 4.1).cylib\BLE_v3_40\Library\gccCyBLEStack_BLE_SOC_PERIPHERAL.a(ll_connection.o)
                0x000041a8                ll_conn_handle_ping_timer_expired_interrupt

i.ll_conn_handle_ping_timer_nearly_expired_interrupt
                0x000041c4       0x20
 i.ll_conn_handle_ping_timer_nearly_expired_interrupt
                0x000041c4       0x20 ..\..\..\..\Documents\PSoC Creator\4.1\Downloads ( 4.1).cylib\BLE_v3_40\Library\gccCyBLEStack_BLE_SOC_PERIPHERAL.a(ll_connection.o)
                0x000041c4                ll_conn_handle_ping_timer_nearly_expired_interrupt

i.ll_conn_handle_stop_connectable_adv
                0x000041e4       0x12
 i.ll_conn_handle_stop_connectable_adv
                0x000041e4       0x12 ..\..\..\..\Documents\PSoC Creator\4.1\Downloads ( 4.1).cylib\BLE_v3_40\Library\gccCyBLEStack_BLE_SOC_PERIPHERAL.a(ll_connection.o)
                0x000041e4                ll_conn_handle_stop_connectable_adv

i.ll_conn_process_pending_transactions
                0x000041f6        0x4
 i.ll_conn_process_pending_transactions
                0x000041f6        0x4 ..\..\..\..\Documents\PSoC Creator\4.1\Downloads ( 4.1).cylib\BLE_v3_40\Library\gccCyBLEStack_BLE_SOC_PERIPHERAL.a(ll_connection.o)
                0x000041f6                ll_conn_process_pending_transactions

i.ll_conn_program_authenticated_payload_timer
                0x000041fc       0x50
 i.ll_conn_program_authenticated_payload_timer
                0x000041fc       0x50 ..\..\..\..\Documents\PSoC Creator\4.1\Downloads ( 4.1).cylib\BLE_v3_40\Library\gccCyBLEStack_BLE_SOC_PERIPHERAL.a(ll_connection.o)
                0x000041fc                ll_conn_program_authenticated_payload_timer

i.ll_conn_read_data_pdu_from_hardware
                0x0000424c       0x20
 i.ll_conn_read_data_pdu_from_hardware
                0x0000424c       0x20 ..\..\..\..\Documents\PSoC Creator\4.1\Downloads ( 4.1).cylib\BLE_v3_40\Library\gccCyBLEStack_BLE_SOC_PERIPHERAL.a(ll_connection.o)
                0x0000424c                ll_conn_read_data_pdu_from_hardware

i.ll_conn_send_ping_req_pdu
                0x0000426c       0x40
 i.ll_conn_send_ping_req_pdu
                0x0000426c       0x40 ..\..\..\..\Documents\PSoC Creator\4.1\Downloads ( 4.1).cylib\BLE_v3_40\Library\gccCyBLEStack_BLE_SOC_PERIPHERAL.a(ll_connection.o)
                0x0000426c                ll_conn_send_ping_req_pdu

i.ll_conn_store_pending_tx_pdu
                0x000042ac       0x1a
 i.ll_conn_store_pending_tx_pdu
                0x000042ac       0x1a ..\..\..\..\Documents\PSoC Creator\4.1\Downloads ( 4.1).cylib\BLE_v3_40\Library\gccCyBLEStack_BLE_SOC_PERIPHERAL.a(ll_connection.o)
                0x000042ac                ll_conn_store_pending_tx_pdu

i.ll_conn_update_rssi
                0x000042c6       0x16
 i.ll_conn_update_rssi
                0x000042c6       0x16 ..\..\..\..\Documents\PSoC Creator\4.1\Downloads ( 4.1).cylib\BLE_v3_40\Library\gccCyBLEStack_BLE_SOC_PERIPHERAL.a(ll_connection.o)
                0x000042c6                ll_conn_update_rssi

i.ll_convert_hci_llid_to_ll_llid_host_to_controller
                0x000042dc        0x8
 i.ll_convert_hci_llid_to_ll_llid_host_to_controller
                0x000042dc        0x8 ..\..\..\..\Documents\PSoC Creator\4.1\Downloads ( 4.1).cylib\BLE_v3_40\Library\gccCyBLEStack_BLE_SOC_PERIPHERAL.a(ll_connection.o)
                0x000042dc                ll_convert_hci_llid_to_ll_llid_host_to_controller

i.ll_convert_ll_llid_to_hci_llid_controller_to_host
                0x000042e4        0x2
 i.ll_convert_ll_llid_to_hci_llid_controller_to_host
                0x000042e4        0x2 ..\..\..\..\Documents\PSoC Creator\4.1\Downloads ( 4.1).cylib\BLE_v3_40\Library\gccCyBLEStack_BLE_SOC_PERIPHERAL.a(ll_connection.o)
                0x000042e4                ll_convert_ll_llid_to_hci_llid_controller_to_host

i.ll_decode_and_program_connect_req
                0x000042e8       0xf4
 i.ll_decode_and_program_connect_req
                0x000042e8       0xf4 ..\..\..\..\Documents\PSoC Creator\4.1\Downloads ( 4.1).cylib\BLE_v3_40\Library\gccCyBLEStack_BLE_SOC_PERIPHERAL.a(ll_connection.o)
                0x000042e8                ll_decode_and_program_connect_req

i.ll_enc_fsm_derive_session_key
                0x000043dc       0x46
 i.ll_enc_fsm_derive_session_key
                0x000043dc       0x46 ..\..\..\..\Documents\PSoC Creator\4.1\Downloads ( 4.1).cylib\BLE_v3_40\Library\gccCyBLEStack_BLE_SOC_PERIPHERAL.a(ll_connection.o)
                0x000043dc                ll_enc_fsm_derive_session_key

i.ll_enc_handle_enc_complete
                0x00004422       0x68
 i.ll_enc_handle_enc_complete
                0x00004422       0x68 ..\..\..\..\Documents\PSoC Creator\4.1\Downloads ( 4.1).cylib\BLE_v3_40\Library\gccCyBLEStack_BLE_SOC_PERIPHERAL.a(ll_connection.o)
                0x00004422                ll_enc_handle_enc_complete

i.ll_enc_handle_enc_failure
                0x0000448c       0xa4
 i.ll_enc_handle_enc_failure
                0x0000448c       0xa4 ..\..\..\..\Documents\PSoC Creator\4.1\Downloads ( 4.1).cylib\BLE_v3_40\Library\gccCyBLEStack_BLE_SOC_PERIPHERAL.a(ll_connection.o)
                0x0000448c                ll_enc_handle_enc_failure

i.ll_enc_handle_ll_reject_pdu_cb
                0x00004530       0x24
 i.ll_enc_handle_ll_reject_pdu_cb
                0x00004530       0x24 ..\..\..\..\Documents\PSoC Creator\4.1\Downloads ( 4.1).cylib\BLE_v3_40\Library\gccCyBLEStack_BLE_SOC_PERIPHERAL.a(ll_connection.o)
                0x00004530                ll_enc_handle_ll_reject_pdu_cb

i.ll_enc_handle_ll_terminate_pdu
                0x00004554       0x16
 i.ll_enc_handle_ll_terminate_pdu
                0x00004554       0x16 ..\..\..\..\Documents\PSoC Creator\4.1\Downloads ( 4.1).cylib\BLE_v3_40\Library\gccCyBLEStack_BLE_SOC_PERIPHERAL.a(ll_connection.o)
                0x00004554                ll_enc_handle_ll_terminate_pdu

i.ll_enc_handle_ll_unknown_resp_pdu_cb
                0x0000456a       0x24
 i.ll_enc_handle_ll_unknown_resp_pdu_cb
                0x0000456a       0x24 ..\..\..\..\Documents\PSoC Creator\4.1\Downloads ( 4.1).cylib\BLE_v3_40\Library\gccCyBLEStack_BLE_SOC_PERIPHERAL.a(ll_connection.o)
                0x0000456a                ll_enc_handle_ll_unknown_resp_pdu_cb

i.ll_enc_handle_slave_await_to_start_cb
                0x00004590       0x80
 i.ll_enc_handle_slave_await_to_start_cb
                0x00004590       0x80 ..\..\..\..\Documents\PSoC Creator\4.1\Downloads ( 4.1).cylib\BLE_v3_40\Library\gccCyBLEStack_BLE_SOC_PERIPHERAL.a(ll_connection.o)
                0x00004590                ll_enc_handle_slave_await_to_start_cb

i.ll_enc_handle_slave_enc_resp_ack_cb
                0x00004610       0x28
 i.ll_enc_handle_slave_enc_resp_ack_cb
                0x00004610       0x28 ..\..\..\..\Documents\PSoC Creator\4.1\Downloads ( 4.1).cylib\BLE_v3_40\Library\gccCyBLEStack_BLE_SOC_PERIPHERAL.a(ll_connection.o)
                0x00004610                ll_enc_handle_slave_enc_resp_ack_cb

i.ll_enc_handle_slave_ltk_neg_reply_cb
                0x00004638       0x60
 i.ll_enc_handle_slave_ltk_neg_reply_cb
                0x00004638       0x60 ..\..\..\..\Documents\PSoC Creator\4.1\Downloads ( 4.1).cylib\BLE_v3_40\Library\gccCyBLEStack_BLE_SOC_PERIPHERAL.a(ll_connection.o)
                0x00004638                ll_enc_handle_slave_ltk_neg_reply_cb

i.ll_enc_handle_slave_pause_enc_req_cb
                0x00004698       0x46
 i.ll_enc_handle_slave_pause_enc_req_cb
                0x00004698       0x46 ..\..\..\..\Documents\PSoC Creator\4.1\Downloads ( 4.1).cylib\BLE_v3_40\Library\gccCyBLEStack_BLE_SOC_PERIPHERAL.a(ll_connection.o)
                0x00004698                ll_enc_handle_slave_pause_enc_req_cb

i.ll_enc_handle_slave_pause_enc_resp_cb
                0x000046de       0x10
 i.ll_enc_handle_slave_pause_enc_resp_cb
                0x000046de       0x10 ..\..\..\..\Documents\PSoC Creator\4.1\Downloads ( 4.1).cylib\BLE_v3_40\Library\gccCyBLEStack_BLE_SOC_PERIPHERAL.a(ll_connection.o)
                0x000046de                ll_enc_handle_slave_pause_enc_resp_cb

i.ll_enc_handle_slave_reject_ind_ack_cb
                0x000046ee       0x22
 i.ll_enc_handle_slave_reject_ind_ack_cb
                0x000046ee       0x22 ..\..\..\..\Documents\PSoC Creator\4.1\Downloads ( 4.1).cylib\BLE_v3_40\Library\gccCyBLEStack_BLE_SOC_PERIPHERAL.a(ll_connection.o)
                0x000046ee                ll_enc_handle_slave_reject_ind_ack_cb

i.ll_enc_handle_slave_start_enc_resp_ack_cb
                0x00004710        0x8
 i.ll_enc_handle_slave_start_enc_resp_ack_cb
                0x00004710        0x8 ..\..\..\..\Documents\PSoC Creator\4.1\Downloads ( 4.1).cylib\BLE_v3_40\Library\gccCyBLEStack_BLE_SOC_PERIPHERAL.a(ll_connection.o)
                0x00004710                ll_enc_handle_slave_start_enc_resp_ack_cb

i.ll_enc_handle_slave_start_enc_resp_cb
                0x00004718       0x34
 i.ll_enc_handle_slave_start_enc_resp_cb
                0x00004718       0x34 ..\..\..\..\Documents\PSoC Creator\4.1\Downloads ( 4.1).cylib\BLE_v3_40\Library\gccCyBLEStack_BLE_SOC_PERIPHERAL.a(ll_connection.o)
                0x00004718                ll_enc_handle_slave_start_enc_resp_cb

i.ll_enc_send_start_encryption_request
                0x0000474c       0x38
 i.ll_enc_send_start_encryption_request
                0x0000474c       0x38 ..\..\..\..\Documents\PSoC Creator\4.1\Downloads ( 4.1).cylib\BLE_v3_40\Library\gccCyBLEStack_BLE_SOC_PERIPHERAL.a(ll_connection.o)
                0x0000474c                ll_enc_send_start_encryption_request

i.ll_extract_pdu_opcode
                0x00004784        0x4
 i.ll_extract_pdu_opcode
                0x00004784        0x4 ..\..\..\..\Documents\PSoC Creator\4.1\Downloads ( 4.1).cylib\BLE_v3_40\Library\gccCyBLEStack_BLE_SOC_PERIPHERAL.a(ll_connection.o)
                0x00004784                ll_extract_pdu_opcode

i.ll_fsm_handle_conn_established_ind
                0x00004788       0x94
 i.ll_fsm_handle_conn_established_ind
                0x00004788       0x94 ..\..\..\..\Documents\PSoC Creator\4.1\Downloads ( 4.1).cylib\BLE_v3_40\Library\gccCyBLEStack_BLE_SOC_PERIPHERAL.a(ll_connection.o)
                0x00004788                ll_fsm_handle_conn_established_ind

i.ll_fsm_handle_conn_failure_ind
                0x0000481c        0xc
 i.ll_fsm_handle_conn_failure_ind
                0x0000481c        0xc ..\..\..\..\Documents\PSoC Creator\4.1\Downloads ( 4.1).cylib\BLE_v3_40\Library\gccCyBLEStack_BLE_SOC_PERIPHERAL.a(ll_connection.o)
                0x0000481c                ll_fsm_handle_conn_failure_ind

i.ll_fsm_handle_disconnecting_state
                0x00004828       0x16
 i.ll_fsm_handle_disconnecting_state
                0x00004828       0x16 ..\..\..\..\Documents\PSoC Creator\4.1\Downloads ( 4.1).cylib\BLE_v3_40\Library\gccCyBLEStack_BLE_SOC_PERIPHERAL.a(ll_connection.o)
                0x00004828                ll_fsm_handle_disconnecting_state

i.ll_fsm_handle_end_of_conn_interval
                0x00004840       0x48
 i.ll_fsm_handle_end_of_conn_interval
                0x00004840       0x48 ..\..\..\..\Documents\PSoC Creator\4.1\Downloads ( 4.1).cylib\BLE_v3_40\Library\gccCyBLEStack_BLE_SOC_PERIPHERAL.a(ll_connection.o)
                0x00004840                ll_fsm_handle_end_of_conn_interval

i.ll_fsm_handle_pdu_response_timeout
                0x00004888       0x20
 i.ll_fsm_handle_pdu_response_timeout
                0x00004888       0x20 ..\..\..\..\Documents\PSoC Creator\4.1\Downloads ( 4.1).cylib\BLE_v3_40\Library\gccCyBLEStack_BLE_SOC_PERIPHERAL.a(ll_connection.o)
                0x00004888                ll_fsm_handle_pdu_response_timeout

i.ll_fsm_handle_sup_timeout_ind
                0x000048a8       0x22
 i.ll_fsm_handle_sup_timeout_ind
                0x000048a8       0x22 ..\..\..\..\Documents\PSoC Creator\4.1\Downloads ( 4.1).cylib\BLE_v3_40\Library\gccCyBLEStack_BLE_SOC_PERIPHERAL.a(ll_connection.o)
                0x000048a8                ll_fsm_handle_sup_timeout_ind

i.ll_fsm_move_to_disconnected_state
                0x000048ca       0xa2
 i.ll_fsm_move_to_disconnected_state
                0x000048ca       0xa2 ..\..\..\..\Documents\PSoC Creator\4.1\Downloads ( 4.1).cylib\BLE_v3_40\Library\gccCyBLEStack_BLE_SOC_PERIPHERAL.a(ll_connection.o)
                0x000048ca                ll_fsm_move_to_disconnected_state

i.ll_generate_connection_complete
                0x0000496c       0x94
 i.ll_generate_connection_complete
                0x0000496c       0x94 ..\..\..\..\Documents\PSoC Creator\4.1\Downloads ( 4.1).cylib\BLE_v3_40\Library\gccCyBLEStack_BLE_SOC_PERIPHERAL.a(ll_connection.o)
                0x0000496c                ll_generate_connection_complete

i.ll_generate_disconnection_complete
                0x00004a00        0xe
 i.ll_generate_disconnection_complete
                0x00004a00        0xe ..\..\..\..\Documents\PSoC Creator\4.1\Downloads ( 4.1).cylib\BLE_v3_40\Library\gccCyBLEStack_BLE_SOC_PERIPHERAL.a(ll_connection.o)
                0x00004a00                ll_generate_disconnection_complete
