Archive member included to satisfy reference by file (symbol)

.\CortexM0\ARM_GCC_541\Debug\UART_to_BLE_peripheral.a(BLE.o)
                              .\CortexM0\ARM_GCC_541\Debug\main.o (CyBle_Start)
.\CortexM0\ARM_GCC_541\Debug\UART_to_BLE_peripheral.a(BLE_gatt.o)
                              .\CortexM0\ARM_GCC_541\Debug\main.o (cyBle_state)
.\CortexM0\ARM_GCC_541\Debug\UART_to_BLE_peripheral.a(BLE_eventHandler.o)
                              .\CortexM0\ARM_GCC_541\Debug\main.o (cyBle_connHandle)
.\CortexM0\ARM_GCC_541\Debug\UART_to_BLE_peripheral.a(BLE_custom.o)
                              .\CortexM0\ARM_GCC_541\Debug\UART_to_BLE_peripheral.a(BLE.o) (CyBle_CustomInit)
.\CortexM0\ARM_GCC_541\Debug\UART_to_BLE_peripheral.a(Conn_LED.o)
                              .\CortexM0\ARM_GCC_541\Debug\app_LED.o (Conn_LED_Write)
.\CortexM0\ARM_GCC_541\Debug\UART_to_BLE_peripheral.a(UART.o)
                              .\CortexM0\ARM_GCC_541\Debug\main.o (UART_Start)
.\CortexM0\ARM_GCC_541\Debug\UART_to_BLE_peripheral.a(UART_SPI_UART.o)
                              .\CortexM0\ARM_GCC_541\Debug\app_UART.o (UART_SpiUartGetRxBufferSize)
.\CortexM0\ARM_GCC_541\Debug\UART_to_BLE_peripheral.a(UART_UART.o)
                              .\CortexM0\ARM_GCC_541\Debug\UART_to_BLE_peripheral.a(UART.o) (UART_UartInit)
.\CortexM0\ARM_GCC_541\Debug\UART_to_BLE_peripheral.a(CyLib.o)
                              .\CortexM0\ARM_GCC_541\Debug\cyfitter_cfg.o (CySysClkWriteImoFreq)
.\CortexM0\ARM_GCC_541\Debug\UART_to_BLE_peripheral.a(CyLFClk.o)
                              .\CortexM0\ARM_GCC_541\Debug\cyfitter_cfg.o (CySysClkWcoStart)
.\CortexM0\ARM_GCC_541\Debug\UART_to_BLE_peripheral.a(CyBootAsmGnu.o)
                              .\CortexM0\ARM_GCC_541\Debug\cyfitter_cfg.o (CyDelayCycles)
.\CortexM0\ARM_GCC_541\Debug\UART_to_BLE_peripheral.a(UART_SPI_UART_INT.o)
                              .\CortexM0\ARM_GCC_541\Debug\UART_to_BLE_peripheral.a(UART_UART.o) (UART_SPI_UART_ISR)
..\..\..\..\..\Documents\PSoC Creator\4.1\Downloads ( 4.1).cylib\BLE_v3_40\Library\gccCyBLEStack_BLE_SOC_PERIPHERAL.a(CyBle.o)
                              .\CortexM0\ARM_GCC_541\Debug\UART_to_BLE_peripheral.a(BLE_eventHandler.o) (CyBle_EnableDefaultDevicePrivacy)
..\..\..\..\..\Documents\PSoC Creator\4.1\Downloads ( 4.1).cylib\BLE_v3_40\Library\gccCyBLEStack_BLE_SOC_PERIPHERAL.a(CyBleStackMgrIP_Interface.o)
                              ..\..\..\..\..\Documents\PSoC Creator\4.1\Downloads ( 4.1).cylib\BLE_v3_40\Library\gccCyBLEStack_BLE_SOC_PERIPHERAL.a(CyBle.o) (CyBleStackMgr_Init)
..\..\..\..\..\Documents\PSoC Creator\4.1\Downloads ( 4.1).cylib\BLE_v3_40\Library\gccCyBLEStack_BLE_SOC_PERIPHERAL.a(BT_os.o)
                              ..\..\..\..\..\Documents\PSoC Creator\4.1\Downloads ( 4.1).cylib\BLE_v3_40\Library\gccCyBLEStack_BLE_SOC_PERIPHERAL.a(CyBleStackMgrIP_Interface.o) (cyBleStackMemoryConfig)
..\..\..\..\..\Documents\PSoC Creator\4.1\Downloads ( 4.1).cylib\BLE_v3_40\Library\gccCyBLEStack_BLE_SOC_PERIPHERAL.a(BT_timer.o)
                              ..\..\..\..\..\Documents\PSoC Creator\4.1\Downloads ( 4.1).cylib\BLE_v3_40\Library\gccCyBLEStack_BLE_SOC_PERIPHERAL.a(CyBleStackMgrIP_Interface.o) (timer_init)
..\..\..\..\..\Documents\PSoC Creator\4.1\Downloads ( 4.1).cylib\BLE_v3_40\Library\gccCyBLEStack_BLE_SOC_PERIPHERAL.a(CyBleStackMgr_StackTaskHandler.o)
                              ..\..\..\..\..\Documents\PSoC Creator\4.1\Downloads ( 4.1).cylib\BLE_v3_40\Library\gccCyBLEStack_BLE_SOC_PERIPHERAL.a(BT_timer.o) (BLE_STACK_TASK_EVT)
..\..\..\..\..\Documents\PSoC Creator\4.1\Downloads ( 4.1).cylib\BLE_v3_40\Library\gccCyBLEStack_BLE_SOC_PERIPHERAL.a(transport_sf.o)
                              ..\..\..\..\..\Documents\PSoC Creator\4.1\Downloads ( 4.1).cylib\BLE_v3_40\Library\gccCyBLEStack_BLE_SOC_PERIPHERAL.a(CyBleStackMgr_StackTaskHandler.o) (hci_soft_transport_notify_data_received)
..\..\..\..\..\Documents\PSoC Creator\4.1\Downloads ( 4.1).cylib\BLE_v3_40\Library\gccCyBLEStack_BLE_SOC_PERIPHERAL.a(CyBleStackMgr_PSoCHal.o)
                              ..\..\..\..\..\Documents\PSoC Creator\4.1\Downloads ( 4.1).cylib\BLE_v3_40\Library\gccCyBLEStack_BLE_SOC_PERIPHERAL.a(BT_timer.o) (CyBleStackMgr_GetTime)
..\..\..\..\..\Documents\PSoC Creator\4.1\Downloads ( 4.1).cylib\BLE_v3_40\Library\gccCyBLEStack_BLE_SOC_PERIPHERAL.a(CyBleStackMgr_BleSSDriver.o)
                              ..\..\..\..\..\Documents\PSoC Creator\4.1\Downloads ( 4.1).cylib\BLE_v3_40\Library\gccCyBLEStack_BLE_SOC_PERIPHERAL.a(CyBleStackMgrIP_Interface.o) (CyBleStackMgr_BleSSInit)
..\..\..\..\..\Documents\PSoC Creator\4.1\Downloads ( 4.1).cylib\BLE_v3_40\Library\gccCyBLEStack_BLE_SOC_PERIPHERAL.a(config_bin.o)
                              ..\..\..\..\..\Documents\PSoC Creator\4.1\Downloads ( 4.1).cylib\BLE_v3_40\Library\gccCyBLEStack_BLE_SOC_PERIPHERAL.a(CyBleStackMgr_PSoCHal.o) (bt_cfg_pdata)
[...]
Memory Configuration

Name             Origin             Length             Attributes
rom              0x00000000         0x00020000         xr
ram              0x20000000         0x00004000         xrw
*default*        0x00000000         0xffffffff

Linker script and memory map

LOAD c:/program files (x86)/cypress/psoc creator/4.1/psoc creator/import/gnu/arm/5.4.1/bin/../lib/gcc/arm-none-eabi/5.4.1/armv6-m/crti.o
LOAD c:/program files (x86)/cypress/psoc creator/4.1/psoc creator/import/gnu/arm/5.4.1/bin/../lib/gcc/arm-none-eabi/5.4.1/armv6-m/crtbegin.o
LOAD c:/program files (x86)/cypress/psoc creator/4.1/psoc creator/import/gnu/arm/5.4.1/bin/../lib/gcc/arm-none-eabi/5.4.1/../../../../arm-none-eabi/lib/armv6-m/crt0.o
START GROUP
LOAD .\CortexM0\ARM_GCC_541\Debug\main.o
LOAD .\CortexM0\ARM_GCC_541\Debug\app_Ble.o
LOAD .\CortexM0\ARM_GCC_541\Debug\app_UART.o
LOAD .\CortexM0\ARM_GCC_541\Debug\app_LED.o
LOAD .\CortexM0\ARM_GCC_541\Debug\cyfitter_cfg.o
LOAD .\CortexM0\ARM_GCC_541\Debug\cymetadata.o
LOAD .\CortexM0\ARM_GCC_541\Debug\Cm0Start.o
LOAD .\CortexM0\ARM_GCC_541\Debug\UART_to_BLE_peripheral.a
LOAD ..\..\..\..\..\Documents\PSoC Creator\4.1\Downloads ( 4.1).cylib\BLE_v3_40\Library\gccCyBLEStack_BLE_SOC_PERIPHERAL.a
LOAD C:\Program Files (x86)\Cypress\PSoC Creator\4.1\PSoC Creator\psoc\content\cycomponentlibrary\CyComponentLibrary.cylib\CortexM0\ARM_GCC_541\Debug\CyComponentLibrary.a
END GROUP
START GROUP
LOAD c:/program files (x86)/cypress/psoc creator/4.1/psoc creator/import/gnu/arm/5.4.1/bin/../lib/gcc/arm-none-eabi/5.4.1/armv6-m\libgcc.a
LOAD c:/program files (x86)/cypress/psoc creator/4.1/psoc creator/import/gnu/arm/5.4.1/bin/../lib/gcc/arm-none-eabi/5.4.1/../../../../arm-none-eabi/lib/armv6-m\libg_nano.a
LOAD c:/program files (x86)/cypress/psoc creator/4.1/psoc creator/import/gnu/arm/5.4.1/bin/../lib/gcc/arm-none-eabi/5.4.1/../../../../arm-none-eabi/lib/armv6-m\libc_nano.a
END GROUP
START GROUP
LOAD c:/program files (x86)/cypress/psoc creator/4.1/psoc creator/import/gnu/arm/5.4.1/bin/../lib/gcc/arm-none-eabi/5.4.1/armv6-m\libgcc.a
LOAD c:/program files (x86)/cypress/psoc creator/4.1/psoc creator/import/gnu/arm/5.4.1/bin/../lib/gcc/arm-none-eabi/5.4.1/../../../../arm-none-eabi/lib/armv6-m\libc_nano.a
END GROUP
LOAD c:/program files (x86)/cypress/psoc creator/4.1/psoc creator/import/gnu/arm/5.4.1/bin/../lib/gcc/arm-none-eabi/5.4.1/armv6-m/crtend.o
LOAD c:/program files (x86)/cypress/psoc creator/4.1/psoc creator/import/gnu/arm/5.4.1/bin/../lib/gcc/arm-none-eabi/5.4.1/armv6-m/crtn.o
START GROUP
LOAD c:/program files (x86)/cypress/psoc creator/4.1/psoc creator/import/gnu/arm/5.4.1/bin/../lib/gcc/arm-none-eabi/5.4.1/armv6-m\libgcc.a
LOAD c:/program files (x86)/cypress/psoc creator/4.1/psoc creator/import/gnu/arm/5.4.1/bin/../lib/gcc/arm-none-eabi/5.4.1/../../../../arm-none-eabi/lib/armv6-m\libc.a
LOAD c:/program files (x86)/cypress/psoc creator/4.1/psoc creator/import/gnu/arm/5.4.1/bin/../lib/gcc/arm-none-eabi/5.4.1/../../../../arm-none-eabi/lib/armv6-m\libnosys.a
END GROUP
                0x00000000                CY_APPL_ORIGIN = 0x0
                0x00000080                CY_FLASH_ROW_SIZE = 0x80
                0x00000001                CY_APPL_NUM = 0x1
                0x00000001                CY_APPL_MAX = 0x1
                0x00000040                CY_METADATA_SIZE = 0x40
                0x00000000                CY_APPL_LOADABLE = 0x0
                0x00000000                CY_CHECKSUM_EXCLUDE_SIZE = ALIGN (0x0, CY_FLASH_ROW_SIZE)
                0x00000000                CY_APP_FOR_STACK_AND_COPIER = 0x0
                [!provide]                PROVIDE (__cy_heap_start, _end)
                0x00000001                PROVIDE (__cy_region_num, ((__cy_regions_end - __cy_regions) / 0x10))
                0x20004000                PROVIDE (__cy_stack, (ORIGIN (ram) + LENGTH (ram)))
                [!provide]                PROVIDE (__cy_heap_end, (__cy_stack - 0x800))

.cybootloader   0x00000000        0x0
 *(.cybootloader)
                0x00000000                appl1_start = CY_APPL_ORIGIN?CY_APPL_ORIGIN:ALIGN (CY_FLASH_ROW_SIZE)
                0x0000ff80                appl2_start = (appl1_start + ALIGN ((((LENGTH (rom) - appl1_start) - (0x2 * CY_FLASH_ROW_SIZE)) / 0x2), CY_FLASH_ROW_SIZE))
                0x00000000                appl_start = (CY_APPL_NUM == 0x1)?appl1_start:appl2_start
                0x00000001                cy_project_type_bootloader = (appl_start == 0x0)?0x1:0x0
                0x00000000                cy_project_type_app_for_stack_and_copier = (CY_APP_FOR_STACK_AND_COPIER == 0x1)?0x1:0x0

.text           0x00000000     0x2404
 CREATE_OBJECT_SYMBOLS
                0x00000000                PROVIDE (__cy_interrupt_vector, RomVectors)
 *(.romvectors)
 .romvectors    0x00000000       0x10 .\CortexM0\ARM_GCC_541\Debug\Cm0Start.o
                0x00000000                RomVectors
                0x00000001                ASSERT ((. != __cy_interrupt_vector), No interrupt vector)
                0x00000001                ASSERT (CY_APPL_ORIGIN?(SIZEOF (.cybootloader) <= CY_APPL_ORIGIN):0x1, Wrong image location)
                0x00000010                PROVIDE (__cy_reset, Reset)
 *(.text.Reset)
 .text.Reset    0x00000010        0x8 .\CortexM0\ARM_GCC_541\Debug\Cm0Start.o
                0x00000010                Reset
                0x00000001                ASSERT ((. != __cy_reset), No reset code)
 *(.psocinit)
 .psocinit      0x00000018      0x1ec .\CortexM0\ARM_GCC_541\Debug\cyfitter_cfg.o
                0x000000f4                cyfitter_cfg
                0x00000204                . = MAX (., 0x100)
 *(.text .text.* .gnu.linkonce.t.*)
 .text          0x00000204       0x60 c:/program files (x86)/cypress/psoc creator/4.1/psoc creator/import/gnu/arm/5.4.1/bin/../lib/gcc/arm-none-eabi/5.4.1/armv6-m/crtbegin.o
 .text.main     0x00000264       0xb0 .\CortexM0\ARM_GCC_541\Debug\main.o
                0x00000264                main
 .text.sendtoble
                0x00000314       0x78 .\CortexM0\ARM_GCC_541\Debug\main.o
                0x00000314                sendtoble
 .text.HandleBleProcessing
                0x0000038c       0x8c .\CortexM0\ARM_GCC_541\Debug\app_Ble.o
                0x0000038c                HandleBleProcessing
 .text.AppCallBack
                0x00000418      0x118 .\CortexM0\ARM_GCC_541\Debug\app_Ble.o
                0x00000418                AppCallBack
 .text.HandleUartTxTraffic
                0x00000530      0x204 .\CortexM0\ARM_GCC_541\Debug\app_UART.o
                0x00000530                HandleUartTxTraffic
 .text.HandleUartRxTraffic
                0x00000734       0x28 .\CortexM0\ARM_GCC_541\Debug\app_UART.o
                0x00000734                HandleUartRxTraffic
 .text.HandleLeds
                0x0000075c       0x64 .\CortexM0\ARM_GCC_541\Debug\app_LED.o
                0x0000075c                HandleLeds
 .text.CYMEMZERO
                0x000007c0       0x20 .\CortexM0\ARM_GCC_541\Debug\cyfitter_cfg.o
 .text.AnalogSetDefault
                0x000007e0       0x28 .\CortexM0\ARM_GCC_541\Debug\cyfitter_cfg.o
 .text.IntDefaultHandler
                0x00000808       0x14 .\CortexM0\ARM_GCC_541\Debug\Cm0Start.o
                0x00000808                IntDefaultHandler
 .text.Start_c  0x0000081c       0x98 .\CortexM0\ARM_GCC_541\Debug\Cm0Start.o
                0x0000081c                Start_c
 .text.initialize_psoc
                0x000008b4       0x70 .\CortexM0\ARM_GCC_541\Debug\Cm0Start.o
                0x000008b4                initialize_psoc
 .text.CyBle_Init
                0x00000924       0x2c .\CortexM0\ARM_GCC_541\Debug\UART_to_BLE_peripheral.a(BLE.o)
                0x00000924                CyBle_Init
 .text.CyBle_ServiceInit
                0x00000950       0x10 .\CortexM0\ARM_GCC_541\Debug\UART_to_BLE_peripheral.a(BLE.o)
                0x00000950                CyBle_ServiceInit
 .text.CyBle_Start
                0x00000960      0x128 .\CortexM0\ARM_GCC_541\Debug\UART_to_BLE_peripheral.a(BLE.o)
                0x00000960                CyBle_Start
 .text.CyBle_GappStartAdvertisement
                0x00000a88       0xd4 .\CortexM0\ARM_GCC_541\Debug\UART_to_BLE_peripheral.a(BLE.o)
                0x00000a88                CyBle_GappStartAdvertisement
 .text.CyBle_ChangeAdDeviceAddress
                0x00000b5c       0x64 .\CortexM0\ARM_GCC_541\Debug\UART_to_BLE_peripheral.a(BLE.o)
                0x00000b5c                CyBle_ChangeAdDeviceAddress
 .text.CyBle_Get16ByPtr
                0x00000bc0       0x28 .\CortexM0\ARM_GCC_541\Debug\UART_to_BLE_peripheral.a(BLE.o)
                0x00000bc0                CyBle_Get16ByPtr
 .text.CyBle_GattsWriteEventHandler
                0x00000be8       0x98 .\CortexM0\ARM_GCC_541\Debug\UART_to_BLE_peripheral.a(BLE_gatt.o)
                0x00000be8                CyBle_GattsWriteEventHandler
 .text.CyBle_WriteReqHandler
                0x00000c80       0x74 .\CortexM0\ARM_GCC_541\Debug\UART_to_BLE_peripheral.a(BLE_eventHandler.o)
 .text.CyBle_ValueConfirmation
                0x00000cf4       0x10 .\CortexM0\ARM_GCC_541\Debug\UART_to_BLE_peripheral.a(BLE_eventHandler.o)
 .text.CyBle_GattDisconnectEventHandler
                0x00000d04       0x1c .\CortexM0\ARM_GCC_541\Debug\UART_to_BLE_peripheral.a(BLE_eventHandler.o)
 .text.CyBle_TimeOutEventHandler
                0x00000d20       0x10 .\CortexM0\ARM_GCC_541\Debug\UART_to_BLE_peripheral.a(BLE_eventHandler.o)
 .text.CyBle_GattConnectReqHandler
                0x00000d30        0xc .\CortexM0\ARM_GCC_541\Debug\UART_to_BLE_peripheral.a(BLE_eventHandler.o)
 .text.CyBle_IsDeviceAddressValid
                0x00000d3c       0x60 .\CortexM0\ARM_GCC_541\Debug\UART_to_BLE_peripheral.a(BLE_eventHandler.o)
                0x00000d3c                CyBle_IsDeviceAddressValid
 .text.CyBle_L2Cap_ConnParamUpdateRspEventHandler
                0x00000d9c       0x14 .\CortexM0\ARM_GCC_541\Debug\UART_to_BLE_peripheral.a(BLE_eventHandler.o)
 .text.CyBle_GapConnUpdateCompleteEventHandler
                0x00000db0       0x10 .\CortexM0\ARM_GCC_541\Debug\UART_to_BLE_peripheral.a(BLE_eventHandler.o)
 .text.CyBle_EventHandler
                0x00000dc0      0x338 .\CortexM0\ARM_GCC_541\Debug\UART_to_BLE_peripheral.a(BLE_eventHandler.o)
                0x00000dc0                CyBle_EventHandler
 .text.CyBle_CustomInit
                0x000010f8        0xc .\CortexM0\ARM_GCC_541\Debug\UART_to_BLE_peripheral.a(BLE_custom.o)
                0x000010f8                CyBle_CustomInit
 .text.Conn_LED_Write
                0x00001104       0x50 .\CortexM0\ARM_GCC_541\Debug\UART_to_BLE_peripheral.a(Conn_LED.o)
                0x00001104                Conn_LED_Write
 .text.UART_Init
                0x00001154       0x10 .\CortexM0\ARM_GCC_541\Debug\UART_to_BLE_peripheral.a(UART.o)
                0x00001154                UART_Init
 .text.UART_Enable
                0x00001164       0x24 .\CortexM0\ARM_GCC_541\Debug\UART_to_BLE_peripheral.a(UART.o)
                0x00001164                UART_Enable
 .text.UART_Start
                0x00001188       0x24 .\CortexM0\ARM_GCC_541\Debug\UART_to_BLE_peripheral.a(UART.o)
                0x00001188                UART_Start
 .text.UART_Stop
                0x000011ac       0x34 .\CortexM0\ARM_GCC_541\Debug\UART_to_BLE_peripheral.a(UART.o)
                0x000011ac                UART_Stop
 .text.UART_ScbEnableIntr
                0x000011e0       0x10 .\CortexM0\ARM_GCC_541\Debug\UART_to_BLE_peripheral.a(UART.o)
 .text.UART_ScbModePostEnable
                0x000011f0       0x10 .\CortexM0\ARM_GCC_541\Debug\UART_to_BLE_peripheral.a(UART.o)
 .text.UART_ScbModeStop
                0x00001200       0x10 .\CortexM0\ARM_GCC_541\Debug\UART_to_BLE_peripheral.a(UART.o)
 .text.UART_SpiUartReadRxData
                0x00001210       0x58 .\CortexM0\ARM_GCC_541\Debug\UART_to_BLE_peripheral.a(UART_SPI_UART.o)
                0x00001210                UART_SpiUartReadRxData
 .text.UART_SpiUartGetRxBufferSize
                0x00001268       0x48 .\CortexM0\ARM_GCC_541\Debug\UART_to_BLE_peripheral.a(UART_SPI_UART.o)
                0x00001268                UART_SpiUartGetRxBufferSize
 .text.UART_SpiUartClearRxBuffer
                0x000012b0       0x60 .\CortexM0\ARM_GCC_541\Debug\UART_to_BLE_peripheral.a(UART_SPI_UART.o)
                0x000012b0                UART_SpiUartClearRxBuffer
 .text.UART_SpiUartWriteTxData
                0x00001310       0xa0 .\CortexM0\ARM_GCC_541\Debug\UART_to_BLE_peripheral.a(UART_SPI_UART.o)
                0x00001310                UART_SpiUartWriteTxData
 .text.UART_SpiUartPutArray
                0x000013b0       0x34 .\CortexM0\ARM_GCC_541\Debug\UART_to_BLE_peripheral.a(UART_SPI_UART.o)
                0x000013b0                UART_SpiUartPutArray
 .text.UART_SpiUartGetTxBufferSize
                0x000013e4       0x48 .\CortexM0\ARM_GCC_541\Debug\UART_to_BLE_peripheral.a(UART_SPI_UART.o)
                0x000013e4                UART_SpiUartGetTxBufferSize
 .text.UART_SpiUartClearTxBuffer
                0x0000142c       0x68 .\CortexM0\ARM_GCC_541\Debug\UART_to_BLE_peripheral.a(UART_SPI_UART.o)
                0x0000142c                UART_SpiUartClearTxBuffer
 .text.UART_UartInit
                0x00001494      0x114 .\CortexM0\ARM_GCC_541\Debug\UART_to_BLE_peripheral.a(UART_UART.o)
                0x00001494                UART_UartInit
 .text.UART_UartPostEnable
                0x000015a8       0x34 .\CortexM0\ARM_GCC_541\Debug\UART_to_BLE_peripheral.a(UART_UART.o)
                0x000015a8                UART_UartPostEnable
 .text.UART_UartStop
                0x000015dc       0x38 .\CortexM0\ARM_GCC_541\Debug\UART_to_BLE_peripheral.a(UART_UART.o)
                0x000015dc                UART_UartStop
 .text.UART_UartGetByte
                0x00001614       0x68 .\CortexM0\ARM_GCC_541\Debug\UART_to_BLE_peripheral.a(UART_UART.o)
                0x00001614                UART_UartGetByte
 .text.UART_UartPutString
                0x0000167c       0x38 .\CortexM0\ARM_GCC_541\Debug\UART_to_BLE_peripheral.a(UART_UART.o)
                0x0000167c                UART_UartPutString
 .text.CySysClkWriteImoFreq
                0x000016b4       0x9c .\CortexM0\ARM_GCC_541\Debug\UART_to_BLE_peripheral.a(CyLib.o)
                0x000016b4                CySysClkWriteImoFreq
 .text.CySysClkEcoStart
                0x00001750       0x74 .\CortexM0\ARM_GCC_541\Debug\UART_to_BLE_peripheral.a(CyLib.o)
                0x00001750                CySysClkEcoStart
 .text.CySysClkEcoReadStatus
                0x000017c4       0x20 .\CortexM0\ARM_GCC_541\Debug\UART_to_BLE_peripheral.a(CyLib.o)
                0x000017c4                CySysClkEcoReadStatus
 .text.CyIntSetVector
                0x000017e4       0x4c .\CortexM0\ARM_GCC_541\Debug\UART_to_BLE_peripheral.a(CyLib.o)
                0x000017e4                CyIntSetVector
 .text.CyIntSetPriority
                0x00001830       0xa8 .\CortexM0\ARM_GCC_541\Debug\UART_to_BLE_peripheral.a(CyLib.o)
                0x00001830                CyIntSetPriority
 .text.CyIntEnable
                0x000018d8       0x2c .\CortexM0\ARM_GCC_541\Debug\UART_to_BLE_peripheral.a(CyLib.o)
                0x000018d8                CyIntEnable
 .text.CyIntDisable
                0x00001904       0x2c .\CortexM0\ARM_GCC_541\Debug\UART_to_BLE_peripheral.a(CyLib.o)
                0x00001904                CyIntDisable
 .text.CyIntClearPending
                0x00001930       0x2c .\CortexM0\ARM_GCC_541\Debug\UART_to_BLE_peripheral.a(CyLib.o)
                0x00001930                CyIntClearPending
 .text.CyHalt   0x0000195c       0x18 .\CortexM0\ARM_GCC_541\Debug\UART_to_BLE_peripheral.a(CyLib.o)
                0x0000195c                CyHalt
 .text.CyDelay  0x00001974       0x4c .\CortexM0\ARM_GCC_541\Debug\UART_to_BLE_peripheral.a(CyLib.o)
                0x00001974                CyDelay
 .text.CyDelayUs
                0x000019c0       0x28 .\CortexM0\ARM_GCC_541\Debug\UART_to_BLE_peripheral.a(CyLib.o)
                0x000019c0                CyDelayUs
 .text.CySysClkWcoSetHighPowerMode
                0x000019e8       0x4c .\CortexM0\ARM_GCC_541\Debug\UART_to_BLE_peripheral.a(CyLFClk.o)
 .text.CySysClkWcoSetLowPowerMode
                0x00001a34       0x4c .\CortexM0\ARM_GCC_541\Debug\UART_to_BLE_peripheral.a(CyLFClk.o)
 .text.CySysClkWcoStart
                0x00001a80       0x20 .\CortexM0\ARM_GCC_541\Debug\UART_to_BLE_peripheral.a(CyLFClk.o)
                0x00001a80                CySysClkWcoStart
 .text.CySysClkWcoSetPowerMode
                0x00001aa0       0x40 .\CortexM0\ARM_GCC_541\Debug\UART_to_BLE_peripheral.a(CyLFClk.o)
                0x00001aa0                CySysClkWcoSetPowerMode
 .text          0x00001ae0       0x20 .\CortexM0\ARM_GCC_541\Debug\UART_to_BLE_peripheral.a(CyBootAsmGnu.o)
                0x00001ae0                CyDelayCycles
                0x00001af2                CyEnterCriticalSection
                0x00001afa                CyExitCriticalSection
 .text.UART_SPI_UART_ISR
                0x00001b00      0x120 .\CortexM0\ARM_GCC_541\Debug\UART_to_BLE_peripheral.a(UART_SPI_UART_INT.o)
                0x00001b00                UART_SPI_UART_ISR
 .text.CyBLE_Bless_LlRegWrite
                0x00001c20       0x20 .\CortexM0\ARM_GCC_541\Debug\UART_to_BLE_peripheral.a(BLE_HAL_PVT.o)
                0x00001c20                CyBLE_Bless_LlRegWrite
 .text.CyBLE_Bless_RfRegWrite
                0x00001c40       0x20 .\CortexM0\ARM_GCC_541\Debug\UART_to_BLE_peripheral.a(BLE_HAL_PVT.o)
                0x00001c40                CyBLE_Bless_RfRegWrite
 .text.CyBLE_BlessDeviceConfig
                0x00001c60      0x194 .\CortexM0\ARM_GCC_541\Debug\UART_to_BLE_peripheral.a(BLE_HAL_PVT.o)
                0x00001c60                CyBLE_BlessDeviceConfig
 .text.CyBleHal_DelayUs
                0x00001df4       0x20 .\CortexM0\ARM_GCC_541\Debug\UART_to_BLE_peripheral.a(BLE_HAL_PVT.o)
                0x00001df4                CyBleHal_DelayUs
 .text.CyBleHal_DelayMs
                0x00001e14       0x18 .\CortexM0\ARM_GCC_541\Debug\UART_to_BLE_peripheral.a(BLE_HAL_PVT.o)
                0x00001e14                CyBleHal_DelayMs
 .text.CyBleHal_EnableGlobalInterrupts
                0x00001e2c       0x10 .\CortexM0\ARM_GCC_541\Debug\UART_to_BLE_peripheral.a(BLE_HAL_PVT.o)
                0x00001e2c                CyBleHal_EnableGlobalInterrupts
 .text.CyBleHal_DisableGlobalInterrupts
                0x00001e3c       0x10 .\CortexM0\ARM_GCC_541\Debug\UART_to_BLE_peripheral.a(BLE_HAL_PVT.o)
                0x00001e3c                CyBleHal_DisableGlobalInterrupts
 .text.CyBle_HalInit
                0x00001e4c       0x20 .\CortexM0\ARM_GCC_541\Debug\UART_to_BLE_peripheral.a(BLE_HAL_PVT.o)
                0x00001e4c                CyBle_HalInit
 .text.CYBLE_BlessStart
                0x00001e6c       0x18 .\CortexM0\ARM_GCC_541\Debug\UART_to_BLE_peripheral.a(BLE_HAL_PVT.o)
                0x00001e6c                CYBLE_BlessStart
 .text.CyBLE_GetIpBlockVersion
                0x00001e84       0x10 .\CortexM0\ARM_GCC_541\Debug\UART_to_BLE_peripheral.a(BLE_HAL_PVT.o)
                0x00001e84                CyBLE_GetIpBlockVersion
 .text.CyBle_Hal_pairing_local_public_key_handler
                0x00001e94       0x14 .\CortexM0\ARM_GCC_541\Debug\UART_to_BLE_peripheral.a(BLE_HAL_PVT.o)
                0x00001e94                CyBle_Hal_pairing_local_public_key_handler
 .text.CyBle_Hal_pairing_remote_key_handler
                0x00001ea8       0x14 .\CortexM0\ARM_GCC_541\Debug\UART_to_BLE_peripheral.a(BLE_HAL_PVT.o)
                0x00001ea8                CyBle_Hal_pairing_remote_key_handler
 .text.CyBle_Hal_pairing_dhkey_handler
                0x00001ebc       0x14 .\CortexM0\ARM_GCC_541\Debug\UART_to_BLE_peripheral.a(BLE_HAL_PVT.o)
                0x00001ebc                CyBle_Hal_pairing_dhkey_handler
 .text.CyBle_Hal_pairing_dhkey_check_handler
                0x00001ed0       0x14 .\CortexM0\ARM_GCC_541\Debug\UART_to_BLE_peripheral.a(BLE_HAL_PVT.o)
                0x00001ed0                CyBle_Hal_pairing_dhkey_check_handler
 .text.CyBle_Hal_pairing_keypress_notification_handler
                0x00001ee4       0x14 .\CortexM0\ARM_GCC_541\Debug\UART_to_BLE_peripheral.a(BLE_HAL_PVT.o)
                0x00001ee4                CyBle_Hal_pairing_keypress_notification_handler
 .text.CyBle_Hal_pairing_rand_handler
                0x00001ef8       0x14 .\CortexM0\ARM_GCC_541\Debug\UART_to_BLE_peripheral.a(BLE_HAL_PVT.o)
                0x00001ef8                CyBle_Hal_pairing_rand_handler
 .text.CyBle_Hal_pairing_confirm_handler
                0x00001f0c       0x14 .\CortexM0\ARM_GCC_541\Debug\UART_to_BLE_peripheral.a(BLE_HAL_PVT.o)
                0x00001f0c                CyBle_Hal_pairing_confirm_handler
 .text.CyBle_Hal_pairing_lr_confirming_handler
                0x00001f20       0x14 .\CortexM0\ARM_GCC_541\Debug\UART_to_BLE_peripheral.a(BLE_HAL_PVT.o)
                0x00001f20                CyBle_Hal_pairing_lr_confirming_handler
 .text.CyBle_Hal_pairing_sc_tbx_local_pubkey_generate_complete
                0x00001f34        0xc .\CortexM0\ARM_GCC_541\Debug\UART_to_BLE_peripheral.a(BLE_HAL_PVT.o)
                0x00001f34                CyBle_Hal_pairing_sc_tbx_local_pubkey_generate_complete
 .text.CyBle_Hal_pairing_sc_tbx_generate_local_P256_public_key
                0x00001f40       0x18 .\CortexM0\ARM_GCC_541\Debug\UART_to_BLE_peripheral.a(BLE_HAL_PVT.o)
                0x00001f40                CyBle_Hal_pairing_sc_tbx_generate_local_P256_public_key
 .text.CyBle_Hal_se_smp_sc_user_passkey_handler
                0x00001f58       0x14 .\CortexM0\ARM_GCC_541\Debug\UART_to_BLE_peripheral.a(BLE_HAL_PVT.o)
                0x00001f58                CyBle_Hal_se_smp_sc_user_passkey_handler
 .text.CyBle_Hal_EccPointMult
                0x00001f6c        0xc .\CortexM0\ARM_GCC_541\Debug\UART_to_BLE_peripheral.a(BLE_HAL_PVT.o)
                0x00001f6c                CyBle_Hal_EccPointMult
 .text.BLE_bless_isr_StartEx
                0x00001f78       0x28 .\CortexM0\ARM_GCC_541\Debug\UART_to_BLE_peripheral.a(BLE_bless_isr.o)
                0x00001f78                BLE_bless_isr_StartEx
 .text.BLE_bless_isr_SetVector
                0x00001fa0       0x1c .\CortexM0\ARM_GCC_541\Debug\UART_to_BLE_peripheral.a(BLE_bless_isr.o)
                0x00001fa0                BLE_bless_isr_SetVector
 .text.BLE_bless_isr_SetPriority
                0x00001fbc       0x50 .\CortexM0\ARM_GCC_541\Debug\UART_to_BLE_peripheral.a(BLE_bless_isr.o)
                0x00001fbc                BLE_bless_isr_SetPriority
 .text.BLE_bless_isr_Enable
                0x0000200c       0x18 .\CortexM0\ARM_GCC_541\Debug\UART_to_BLE_peripheral.a(BLE_bless_isr.o)
                0x0000200c                BLE_bless_isr_Enable
 .text.BLE_bless_isr_Disable
                0x00002024       0x18 .\CortexM0\ARM_GCC_541\Debug\UART_to_BLE_peripheral.a(BLE_bless_isr.o)
                0x00002024                BLE_bless_isr_Disable
 .text.CySysPmSleep
                0x0000203c       0x34 .\CortexM0\ARM_GCC_541\Debug\UART_to_BLE_peripheral.a(cyPm.o)
                0x0000203c                CySysPmSleep
 .text.CyBLE_Bless_Interrupt
                0x00002070       0x10 .\CortexM0\ARM_GCC_541\Debug\UART_to_BLE_peripheral.a(BLE_HAL_INT.o)
                0x00002070                CyBLE_Bless_Interrupt
 .text          0x00002080      0x114 c:/program files (x86)/cypress/psoc creator/4.1/psoc creator/import/gnu/arm/5.4.1/bin/../lib/gcc/arm-none-eabi/5.4.1/armv6-m\libgcc.a(_udivsi3.o)
                0x00002080                __aeabi_uidiv
                0x00002080                __udivsi3
                0x0000218c                __aeabi_uidivmod
 .text          0x00002194      0x1d4 c:/program files (x86)/cypress/psoc creator/4.1/psoc creator/import/gnu/arm/5.4.1/bin/../lib/gcc/arm-none-eabi/5.4.1/armv6-m\libgcc.a(_divsi3.o)
                0x00002194                __divsi3
                0x00002194                __aeabi_idiv
                0x00002360                __aeabi_idivmod
 .text          0x00002368        0x4 c:/program files (x86)/cypress/psoc creator/4.1/psoc creator/import/gnu/arm/5.4.1/bin/../lib/gcc/arm-none-eabi/5.4.1/armv6-m\libgcc.a(_dvmd_tls.o)
                0x00002368                __aeabi_idiv0
                0x00002368                __aeabi_ldiv0
 .text.__errno  0x0000236c        0xc c:/program files (x86)/cypress/psoc creator/4.1/psoc creator/import/gnu/arm/5.4.1/bin/../lib/gcc/arm-none-eabi/5.4.1/../../../../arm-none-eabi/lib/armv6-m\libg_nano.a(lib_a-errno.o)
                0x0000236c                __errno
 .text.__libc_init_array
                0x00002378       0x4c c:/program files (x86)/cypress/psoc creator/4.1/psoc creator/import/gnu/arm/5.4.1/bin/../lib/gcc/arm-none-eabi/5.4.1/../../../../arm-none-eabi/lib/armv6-m\libg_nano.a(lib_a-init.o)
                0x00002378                __libc_init_array
 .text.memcmp   0x000023c4       0x1e c:/program files (x86)/cypress/psoc creator/4.1/psoc creator/import/gnu/arm/5.4.1/bin/../lib/gcc/arm-none-eabi/5.4.1/../../../../arm-none-eabi/lib/armv6-m\libg_nano.a(lib_a-memcmp.o)
                0x000023c4                memcmp
 .text.memcpy   0x000023e2       0x12 c:/program files (x86)/cypress/psoc creator/4.1/psoc creator/import/gnu/arm/5.4.1/bin/../lib/gcc/arm-none-eabi/5.4.1/../../../../arm-none-eabi/lib/armv6-m\libg_nano.a(lib_a-memcpy-stub.o)
                0x000023e2                memcpy
 .text.memset   0x000023f4       0x10 c:/program files (x86)/cypress/psoc creator/4.1/psoc creator/import/gnu/arm/5.4.1/bin/../lib/gcc/arm-none-eabi/5.4.1/../../../../arm-none-eabi/lib/armv6-m\libg_nano.a(lib_a-memset.o)
                0x000023f4                memset
 *(.plt)
 *(.gnu.warning)
 *(.glue_7t)
 .glue_7t       0x00002404        0x0 linker stubs
 *(.glue_7)
 .glue_7        0x00002404        0x0 linker stubs
 *(.vfp11_veneer)
 .vfp11_veneer  0x00002404        0x0 linker stubs
 *(.bootloader)
 *(.ARM.extab* .gnu.linkonce.armextab.*)
 *(.gcc_except_table)

.v4_bx          0x00002404        0x0
 .v4_bx         0x00002404        0x0 linker stubs

.iplt           0x00002404        0x0
 .iplt          0x00002404        0x0 c:/program files (x86)/cypress/psoc creator/4.1/psoc creator/import/gnu/arm/5.4.1/bin/../lib/gcc/arm-none-eabi/5.4.1/armv6-m/crtbegin.o

i.CyBle_ControllerGetFeatureHeapReq
                0x00002404       0x58
 i.CyBle_ControllerGetFeatureHeapReq
                0x00002404       0x58 ..\..\..\..\..\Documents\PSoC Creator\4.1\Downloads ( 4.1).cylib\BLE_v3_40\Library\gccCyBLEStack_BLE_SOC_PERIPHERAL.a(CyBle.o)
                0x00002404                CyBle_ControllerGetFeatureHeapReq

i.CyBle_EnableDefaultDevicePrivacy
                0x0000245c        0x8
 i.CyBle_EnableDefaultDevicePrivacy
                0x0000245c        0x8 ..\..\..\..\..\Documents\PSoC Creator\4.1\Downloads ( 4.1).cylib\BLE_v3_40\Library\gccCyBLEStack_BLE_SOC_PERIPHERAL.a(CyBle.o)
                0x0000245c                CyBle_EnableDefaultDevicePrivacy

i.CyBle_ExitLPM
                0x00002464        0x8
 i.CyBle_ExitLPM
                0x00002464        0x8 ..\..\..\..\..\Documents\PSoC Creator\4.1\Downloads ( 4.1).cylib\BLE_v3_40\Library\gccCyBLEStack_BLE_SOC_PERIPHERAL.a(CyBle.o)
                0x00002464                CyBle_ExitLPM

i.CyBle_ProcessEvents
                0x0000246c        0x8
 i.CyBle_ProcessEvents
                0x0000246c        0x8 ..\..\..\..\..\Documents\PSoC Creator\4.1\Downloads ( 4.1).cylib\BLE_v3_40\Library\gccCyBLEStack_BLE_SOC_PERIPHERAL.a(CyBle.o)
                0x0000246c                CyBle_ProcessEvents

i.CyBle_SetDeviceAddress
                0x00002474       0x24
 i.CyBle_SetDeviceAddress
                0x00002474       0x24 ..\..\..\..\..\Documents\PSoC Creator\4.1\Downloads ( 4.1).cylib\BLE_v3_40\Library\gccCyBLEStack_BLE_SOC_PERIPHERAL.a(CyBle.o)
                0x00002474                CyBle_SetDeviceAddress

i.CyBle_StackGetFeatureConfig
                0x00002498       0x38
 i.CyBle_StackGetFeatureConfig
                0x00002498       0x38 ..\..\..\..\..\Documents\PSoC Creator\4.1\Downloads ( 4.1).cylib\BLE_v3_40\Library\gccCyBLEStack_BLE_SOC_PERIPHERAL.a(CyBle.o)
                0x00002498                CyBle_StackGetFeatureConfig

i.CyBle_StackInit
                0x000024d0      0x154
 i.CyBle_StackInit
                0x000024d0      0x154 ..\..\..\..\..\Documents\PSoC Creator\4.1\Downloads ( 4.1).cylib\BLE_v3_40\Library\gccCyBLEStack_BLE_SOC_PERIPHERAL.a(CyBle.o)
                0x000024d0                CyBle_StackInit

i.CyBle_StackSetFeatureConfig
                0x00002624       0xe8
 i.CyBle_StackSetFeatureConfig
                0x00002624       0xe8 ..\..\..\..\..\Documents\PSoC Creator\4.1\Downloads ( 4.1).cylib\BLE_v3_40\Library\gccCyBLEStack_BLE_SOC_PERIPHERAL.a(CyBle.o)
                0x00002624                CyBle_StackSetFeatureConfig

i.CyBle_StackValidateInputParams
                0x0000270c       0xf4
 i.CyBle_StackValidateInputParams
                0x0000270c       0xf4 ..\..\..\..\..\Documents\PSoC Creator\4.1\Downloads ( 4.1).cylib\BLE_v3_40\Library\gccCyBLEStack_BLE_SOC_PERIPHERAL.a(CyBle.o)

i.__ARM_common_switch8
                0x00002800       0x1a
 i.__ARM_common_switch8
                0x00002800       0x1a ..\..\..\..\..\Documents\PSoC Creator\4.1\Downloads ( 4.1).cylib\BLE_v3_40\Library\gccCyBLEStack_BLE_SOC_PERIPHERAL.a(CyBle.o)
                0x00002800                __ARM_common_switch8

i.CyBleStackMgr_Init
                0x0000281c      0x10c
 i.CyBleStackMgr_Init
                0x0000281c      0x10c ..\..\..\..\..\Documents\PSoC Creator\4.1\Downloads ( 4.1).cylib\BLE_v3_40\Library\gccCyBLEStack_BLE_SOC_PERIPHERAL.a(CyBleStackMgrIP_Interface.o)
                0x0000281c                CyBleStackMgr_Init

i.CyBleStackMgr_ProcessBleEvents
                0x00002928       0x14
 i.CyBleStackMgr_ProcessBleEvents
                0x00002928       0x14 ..\..\..\..\..\Documents\PSoC Creator\4.1\Downloads ( 4.1).cylib\BLE_v3_40\Library\gccCyBLEStack_BLE_SOC_PERIPHERAL.a(CyBleStackMgrIP_Interface.o)
                0x00002928                CyBleStackMgr_ProcessBleEvents

i.CyBle_GetHeapMemory
                0x0000293c       0x28
 i.CyBle_GetHeapMemory
                0x0000293c       0x28 ..\..\..\..\..\Documents\PSoC Creator\4.1\Downloads ( 4.1).cylib\BLE_v3_40\Library\gccCyBLEStack_BLE_SOC_PERIPHERAL.a(CyBleStackMgrIP_Interface.o)
                0x0000293c                CyBle_GetHeapMemory

i.CyBle_GetNumAppBufferPools
                0x00002964        0xc
 i.CyBle_GetNumAppBufferPools
                0x00002964        0xc ..\..\..\..\..\Documents\PSoC Creator\4.1\Downloads ( 4.1).cylib\BLE_v3_40\Library\gccCyBLEStack_BLE_SOC_PERIPHERAL.a(CyBleStackMgrIP_Interface.o)
                0x00002964                CyBle_GetNumAppBufferPools

i.CyBle_HostStackBufferPoolInit
                0x00002970       0xec
 i.CyBle_HostStackBufferPoolInit
                0x00002970       0xec ..\..\..\..\..\Documents\PSoC Creator\4.1\Downloads ( 4.1).cylib\BLE_v3_40\Library\gccCyBLEStack_BLE_SOC_PERIPHERAL.a(CyBleStackMgrIP_Interface.o)

i.ble_stack_idle_task_callback
                0x00002a5c        0x2
 i.ble_stack_idle_task_callback
                0x00002a5c        0x2 ..\..\..\..\..\Documents\PSoC Creator\4.1\Downloads ( 4.1).cylib\BLE_v3_40\Library\gccCyBLEStack_BLE_SOC_PERIPHERAL.a(CyBleStackMgrIP_Interface.o)
                0x00002a5c                ble_stack_idle_task_callback

i.BT_OSFreeBuf  0x00002a60       0x20
 i.BT_OSFreeBuf
                0x00002a60       0x20 ..\..\..\..\..\Documents\PSoC Creator\4.1\Downloads ( 4.1).cylib\BLE_v3_40\Library\gccCyBLEStack_BLE_SOC_PERIPHERAL.a(BT_os.o)
                0x00002a60                BT_OSFreeBuf

i.BT_OSGetBuF   0x00002a80       0x34
 i.BT_OSGetBuF  0x00002a80       0x34 ..\..\..\..\..\Documents\PSoC Creator\4.1\Downloads ( 4.1).cylib\BLE_v3_40\Library\gccCyBLEStack_BLE_SOC_PERIPHERAL.a(BT_os.o)
                0x00002a80                BT_OSGetBuF

i.BT_OSMemCreate
                0x00002ab4       0x3c
 i.BT_OSMemCreate
                0x00002ab4       0x3c ..\..\..\..\..\Documents\PSoC Creator\4.1\Downloads ( 4.1).cylib\BLE_v3_40\Library\gccCyBLEStack_BLE_SOC_PERIPHERAL.a(BT_os.o)
                0x00002ab4                BT_OSMemCreate

i.BT_alloc_mem_ext
                0x00002af0       0x3c
 i.BT_alloc_mem_ext
                0x00002af0       0x3c ..\..\..\..\..\Documents\PSoC Creator\4.1\Downloads ( 4.1).cylib\BLE_v3_40\Library\gccCyBLEStack_BLE_SOC_PERIPHERAL.a(BT_os.o)
                0x00002af0                BT_alloc_mem_ext

i.BT_free_mem   0x00002b2c        0xc
 i.BT_free_mem  0x00002b2c        0xc ..\..\..\..\..\Documents\PSoC Creator\4.1\Downloads ( 4.1).cylib\BLE_v3_40\Library\gccCyBLEStack_BLE_SOC_PERIPHERAL.a(BT_os.o)
                0x00002b2c                BT_free_mem

i.bt_stack_create_buffer_pool
                0x00002b38       0x30
 i.bt_stack_create_buffer_pool
                0x00002b38       0x30 ..\..\..\..\..\Documents\PSoC Creator\4.1\Downloads ( 4.1).cylib\BLE_v3_40\Library\gccCyBLEStack_BLE_SOC_PERIPHERAL.a(BT_os.o)
                0x00002b38                bt_stack_create_buffer_pool

i.BT_start_timer
                0x00002b68       0xa8
 i.BT_start_timer
                0x00002b68       0xa8 ..\..\..\..\..\Documents\PSoC Creator\4.1\Downloads ( 4.1).cylib\BLE_v3_40\Library\gccCyBLEStack_BLE_SOC_PERIPHERAL.a(BT_timer.o)
                0x00002b68                BT_start_timer

i.BT_stop_timer
                0x00002c10       0x64
 i.BT_stop_timer
                0x00002c10       0x64 ..\..\..\..\..\Documents\PSoC Creator\4.1\Downloads ( 4.1).cylib\BLE_v3_40\Library\gccCyBLEStack_BLE_SOC_PERIPHERAL.a(BT_timer.o)
                0x00002c10                BT_stop_timer

i.BT_timer_process_signals
                0x00002c74       0xa4
 i.BT_timer_process_signals
                0x00002c74       0xa4 ..\..\..\..\..\Documents\PSoC Creator\4.1\Downloads ( 4.1).cylib\BLE_v3_40\Library\gccCyBLEStack_BLE_SOC_PERIPHERAL.a(BT_timer.o)
                0x00002c74                BT_timer_process_signals

i.pf_timer_handle_callback
                0x00002d18       0x20
 i.pf_timer_handle_callback
                0x00002d18       0x20 ..\..\..\..\..\Documents\PSoC Creator\4.1\Downloads ( 4.1).cylib\BLE_v3_40\Library\gccCyBLEStack_BLE_SOC_PERIPHERAL.a(BT_timer.o)
                0x00002d18                pf_timer_handle_callback

i.timer_active_entity
                0x00002d38       0x24
 i.timer_active_entity
                0x00002d38       0x24 ..\..\..\..\..\Documents\PSoC Creator\4.1\Downloads ( 4.1).cylib\BLE_v3_40\Library\gccCyBLEStack_BLE_SOC_PERIPHERAL.a(BT_timer.o)
                0x00002d38                timer_active_entity

i.timer_alloc_entity
                0x00002d5c       0x1c
 i.timer_alloc_entity
                0x00002d5c       0x1c ..\..\..\..\..\Documents\PSoC Creator\4.1\Downloads ( 4.1).cylib\BLE_v3_40\Library\gccCyBLEStack_BLE_SOC_PERIPHERAL.a(BT_timer.o)
                0x00002d5c                timer_alloc_entity

i.timer_allocated_entity
                0x00002d78       0x34
 i.timer_allocated_entity
                0x00002d78       0x34 ..\..\..\..\..\Documents\PSoC Creator\4.1\Downloads ( 4.1).cylib\BLE_v3_40\Library\gccCyBLEStack_BLE_SOC_PERIPHERAL.a(BT_timer.o)
                0x00002d78                timer_allocated_entity

i.timer_bt_init
                0x00002dac        0x2
 i.timer_bt_init
                0x00002dac        0x2 ..\..\..\..\..\Documents\PSoC Creator\4.1\Downloads ( 4.1).cylib\BLE_v3_40\Library\gccCyBLEStack_BLE_SOC_PERIPHERAL.a(BT_timer.o)
                0x00002dac                timer_bt_init

i.timer_init    0x00002db0       0x28
 i.timer_init   0x00002db0       0x28 ..\..\..\..\..\Documents\PSoC Creator\4.1\Downloads ( 4.1).cylib\BLE_v3_40\Library\gccCyBLEStack_BLE_SOC_PERIPHERAL.a(BT_timer.o)
                0x00002db0                timer_init

i.timer_update_offsets
                0x00002dd8       0x2c
 i.timer_update_offsets
                0x00002dd8       0x2c ..\..\..\..\..\Documents\PSoC Creator\4.1\Downloads ( 4.1).cylib\BLE_v3_40\Library\gccCyBLEStack_BLE_SOC_PERIPHERAL.a(BT_timer.o)

i.CyBle_CheckBleStackTaskStatus
                0x00002e04        0x4
 i.CyBle_CheckBleStackTaskStatus
                0x00002e04        0x4 ..\..\..\..\..\Documents\PSoC Creator\4.1\Downloads ( 4.1).cylib\BLE_v3_40\Library\gccCyBLEStack_BLE_SOC_PERIPHERAL.a(CyBleStackMgr_StackTaskHandler.o)
                0x00002e04                CyBle_CheckBleStackTaskStatus

i.CyBle_CreateBleStackTask
                0x00002e08       0x2c
 i.CyBle_CreateBleStackTask
                0x00002e08       0x2c ..\..\..\..\..\Documents\PSoC Creator\4.1\Downloads ( 4.1).cylib\BLE_v3_40\Library\gccCyBLEStack_BLE_SOC_PERIPHERAL.a(CyBleStackMgr_StackTaskHandler.o)
                0x00002e08                CyBle_CreateBleStackTask

i.CyBle_SignalBleStackTask
                0x00002e34       0x50
 i.CyBle_SignalBleStackTask
                0x00002e34       0x50 ..\..\..\..\..\Documents\PSoC Creator\4.1\Downloads ( 4.1).cylib\BLE_v3_40\Library\gccCyBLEStack_BLE_SOC_PERIPHERAL.a(CyBleStackMgr_StackTaskHandler.o)
                0x00002e34                CyBle_SignalBleStackTask

i.CyBle_StackTaskHandler
                0x00002e84       0x64
 i.CyBle_StackTaskHandler
                0x00002e84       0x64 ..\..\..\..\..\Documents\PSoC Creator\4.1\Downloads ( 4.1).cylib\BLE_v3_40\Library\gccCyBLEStack_BLE_SOC_PERIPHERAL.a(CyBleStackMgr_StackTaskHandler.o)
                0x00002e84                CyBle_StackTaskHandler

i.hci_soft_transport_notify_data_received
                0x00002ee8        0xc
 i.hci_soft_transport_notify_data_received
                0x00002ee8        0xc ..\..\..\..\..\Documents\PSoC Creator\4.1\Downloads ( 4.1).cylib\BLE_v3_40\Library\gccCyBLEStack_BLE_SOC_PERIPHERAL.a(transport_sf.o)
                0x00002ee8                hci_soft_transport_notify_data_received

i.hci_soft_transport_rx_data
                0x00002ef4       0x40
 i.hci_soft_transport_rx_data
                0x00002ef4       0x40 ..\..\..\..\..\Documents\PSoC Creator\4.1\Downloads ( 4.1).cylib\BLE_v3_40\Library\gccCyBLEStack_BLE_SOC_PERIPHERAL.a(transport_sf.o)
                0x00002ef4                hci_soft_transport_rx_data

i.hci_transport_bt_init
                0x00002f34        0x2
 i.hci_transport_bt_init
                0x00002f34        0x2 ..\..\..\..\..\Documents\PSoC Creator\4.1\Downloads ( 4.1).cylib\BLE_v3_40\Library\gccCyBLEStack_BLE_SOC_PERIPHERAL.a(transport_sf.o)
                0x00002f34                hci_transport_bt_init

i.hci_transport_init
                0x00002f38       0x10
 i.hci_transport_init
                0x00002f38       0x10 ..\..\..\..\..\Documents\PSoC Creator\4.1\Downloads ( 4.1).cylib\BLE_v3_40\Library\gccCyBLEStack_BLE_SOC_PERIPHERAL.a(transport_sf.o)
                0x00002f38                hci_transport_init

i.hci_transport_write_data
                0x00002f48       0xd4
 i.hci_transport_write_data
                0x00002f48       0xd4 ..\..\..\..\..\Documents\PSoC Creator\4.1\Downloads ( 4.1).cylib\BLE_v3_40\Library\gccCyBLEStack_BLE_SOC_PERIPHERAL.a(transport_sf.o)
                0x00002f48                hci_transport_write_data

i.pf_hci_soft_transport_write
                0x0000301c       0x44
 i.pf_hci_soft_transport_write
                0x0000301c       0x44 ..\..\..\..\..\Documents\PSoC Creator\4.1\Downloads ( 4.1).cylib\BLE_v3_40\Library\gccCyBLEStack_BLE_SOC_PERIPHERAL.a(transport_sf.o)
                0x0000301c                pf_hci_soft_transport_write

i.pf_soft_hci_transport_init
                0x00003060        0xc
 i.pf_soft_hci_transport_init
                0x00003060        0xc ..\..\..\..\..\Documents\PSoC Creator\4.1\Downloads ( 4.1).cylib\BLE_v3_40\Library\gccCyBLEStack_BLE_SOC_PERIPHERAL.a(transport_sf.o)
                0x00003060                pf_soft_hci_transport_init

i.CyBleStackMgr_GetTime
                0x0000306c       0x14
 i.CyBleStackMgr_GetTime
                0x0000306c       0x14 ..\..\..\..\..\Documents\PSoC Creator\4.1\Downloads ( 4.1).cylib\BLE_v3_40\Library\gccCyBLEStack_BLE_SOC_PERIPHERAL.a(CyBleStackMgr_PSoCHal.o)
                0x0000306c                CyBleStackMgr_GetTime

i.CyBleStackMgr_HalInit
                0x00003080       0x24
 i.CyBleStackMgr_HalInit
                0x00003080       0x24 ..\..\..\..\..\Documents\PSoC Creator\4.1\Downloads ( 4.1).cylib\BLE_v3_40\Library\gccCyBLEStack_BLE_SOC_PERIPHERAL.a(CyBleStackMgr_PSoCHal.o)
                0x00003080                CyBleStackMgr_HalInit

i.CyBleStackMgr_HalIntrEnable
                0x000030a4        0x8
 i.CyBleStackMgr_HalIntrEnable
                0x000030a4        0x8 ..\..\..\..\..\Documents\PSoC Creator\4.1\Downloads ( 4.1).cylib\BLE_v3_40\Library\gccCyBLEStack_BLE_SOC_PERIPHERAL.a(CyBleStackMgr_PSoCHal.o)
                0x000030a4                CyBleStackMgr_HalIntrEnable

i.CyBleStackMgr_HandleLinkLayerTick
                0x000030ac       0x5c
 i.CyBleStackMgr_HandleLinkLayerTick
                0x000030ac       0x5c ..\..\..\..\..\Documents\PSoC Creator\4.1\Downloads ( 4.1).cylib\BLE_v3_40\Library\gccCyBLEStack_BLE_SOC_PERIPHERAL.a(CyBleStackMgr_PSoCHal.o)
                0x000030ac                CyBleStackMgr_HandleLinkLayerTick

i.CyBleStackMgr_HciPortInit
                0x00003108        0xc
 i.CyBleStackMgr_HciPortInit
                0x00003108        0xc ..\..\..\..\..\Documents\PSoC Creator\4.1\Downloads ( 4.1).cylib\BLE_v3_40\Library\gccCyBLEStack_BLE_SOC_PERIPHERAL.a(CyBleStackMgr_PSoCHal.o)
                0x00003108                CyBleStackMgr_HciPortInit

i.CyBleStackMgr_HciPortReset
                0x00003114        0x2
 i.CyBleStackMgr_HciPortReset
                0x00003114        0x2 ..\..\..\..\..\Documents\PSoC Creator\4.1\Downloads ( 4.1).cylib\BLE_v3_40\Library\gccCyBLEStack_BLE_SOC_PERIPHERAL.a(CyBleStackMgr_PSoCHal.o)
                0x00003114                CyBleStackMgr_HciPortReset

i.CyBleStackMgr_HciPortWrite
                0x00003116        0x8
 i.CyBleStackMgr_HciPortWrite
                0x00003116        0x8 ..\..\..\..\..\Documents\PSoC Creator\4.1\Downloads ( 4.1).cylib\BLE_v3_40\Library\gccCyBLEStack_BLE_SOC_PERIPHERAL.a(CyBleStackMgr_PSoCHal.o)
                0x00003116                CyBleStackMgr_HciPortWrite

i.CyBleStackMgr_ResetLinkLayerTimerEntity
                0x00003120       0x14
 i.CyBleStackMgr_ResetLinkLayerTimerEntity
                0x00003120       0x14 ..\..\..\..\..\Documents\PSoC Creator\4.1\Downloads ( 4.1).cylib\BLE_v3_40\Library\gccCyBLEStack_BLE_SOC_PERIPHERAL.a(CyBleStackMgr_PSoCHal.o)
                0x00003120                CyBleStackMgr_ResetLinkLayerTimerEntity

i.CyBleStackMgr_TimerStart
                0x00003134       0x2c
 i.CyBleStackMgr_TimerStart
                0x00003134       0x2c ..\..\..\..\..\Documents\PSoC Creator\4.1\Downloads ( 4.1).cylib\BLE_v3_40\Library\gccCyBLEStack_BLE_SOC_PERIPHERAL.a(CyBleStackMgr_PSoCHal.o)
                0x00003134                CyBleStackMgr_TimerStart

i.CyBleStackMgr_TimerStop
                0x00003160       0x18
 i.CyBleStackMgr_TimerStop
                0x00003160       0x18 ..\..\..\..\..\Documents\PSoC Creator\4.1\Downloads ( 4.1).cylib\BLE_v3_40\Library\gccCyBLEStack_BLE_SOC_PERIPHERAL.a(CyBleStackMgr_PSoCHal.o)
                0x00003160                CyBleStackMgr_TimerStop

i.CyBleStackMgr_isTimerRunning
                0x00003178       0x10
 i.CyBleStackMgr_isTimerRunning
                0x00003178       0x10 ..\..\..\..\..\Documents\PSoC Creator\4.1\Downloads ( 4.1).cylib\BLE_v3_40\Library\gccCyBLEStack_BLE_SOC_PERIPHERAL.a(CyBleStackMgr_PSoCHal.o)
                0x00003178                CyBleStackMgr_isTimerRunning

i.CyBleAtlantisRadioInit
                0x00003188      0x168
 i.CyBleAtlantisRadioInit
                0x00003188      0x168 ..\..\..\..\..\Documents\PSoC Creator\4.1\Downloads ( 4.1).cylib\BLE_v3_40\Library\gccCyBLEStack_BLE_SOC_PERIPHERAL.a(CyBleStackMgr_BleSSDriver.o)

i.CyBleStackMgr_BleSSFifoRead
                0x000032f0       0x38
 i.CyBleStackMgr_BleSSFifoRead
                0x000032f0       0x38 ..\..\..\..\..\Documents\PSoC Creator\4.1\Downloads ( 4.1).cylib\BLE_v3_40\Library\gccCyBLEStack_BLE_SOC_PERIPHERAL.a(CyBleStackMgr_BleSSDriver.o)
                0x000032f0                CyBleStackMgr_BleSSFifoRead

i.CyBleStackMgr_BleSSFifoWrite
                0x00003328       0x30
 i.CyBleStackMgr_BleSSFifoWrite
                0x00003328       0x30 ..\..\..\..\..\Documents\PSoC Creator\4.1\Downloads ( 4.1).cylib\BLE_v3_40\Library\gccCyBLEStack_BLE_SOC_PERIPHERAL.a(CyBleStackMgr_BleSSDriver.o)
                0x00003328                CyBleStackMgr_BleSSFifoWrite

i.CyBleStackMgr_BleSSInit
                0x00003358       0x50
 i.CyBleStackMgr_BleSSInit
                0x00003358       0x50 ..\..\..\..\..\Documents\PSoC Creator\4.1\Downloads ( 4.1).cylib\BLE_v3_40\Library\gccCyBLEStack_BLE_SOC_PERIPHERAL.a(CyBleStackMgr_BleSSDriver.o)
                0x00003358                CyBleStackMgr_BleSSInit

i.CyBleStackMgr_BleSSMemRead
                0x000033a8       0x32
 i.CyBleStackMgr_BleSSMemRead
                0x000033a8       0x32 ..\..\..\..\..\Documents\PSoC Creator\4.1\Downloads ( 4.1).cylib\BLE_v3_40\Library\gccCyBLEStack_BLE_SOC_PERIPHERAL.a(CyBleStackMgr_BleSSDriver.o)
                0x000033a8                CyBleStackMgr_BleSSMemRead

i.CyBleStackMgr_BleSSMemWrite
                0x000033dc       0x34
 i.CyBleStackMgr_BleSSMemWrite
                0x000033dc       0x34 ..\..\..\..\..\Documents\PSoC Creator\4.1\Downloads ( 4.1).cylib\BLE_v3_40\Library\gccCyBLEStack_BLE_SOC_PERIPHERAL.a(CyBleStackMgr_BleSSDriver.o)
                0x000033dc                CyBleStackMgr_BleSSMemWrite

i.CyBleStackMgr_BleSSMemWriteFields
                0x00003410       0x78
 i.CyBleStackMgr_BleSSMemWriteFields
                0x00003410       0x78 ..\..\..\..\..\Documents\PSoC Creator\4.1\Downloads ( 4.1).cylib\BLE_v3_40\Library\gccCyBLEStack_BLE_SOC_PERIPHERAL.a(CyBleStackMgr_BleSSDriver.o)
                0x00003410                CyBleStackMgr_BleSSMemWriteFields

i.CyBleStackMgr_BleSSRegRead
                0x00003488        0xc
 i.CyBleStackMgr_BleSSRegRead
                0x00003488        0xc ..\..\..\..\..\Documents\PSoC Creator\4.1\Downloads ( 4.1).cylib\BLE_v3_40\Library\gccCyBLEStack_BLE_SOC_PERIPHERAL.a(CyBleStackMgr_BleSSDriver.o)
                0x00003488                CyBleStackMgr_BleSSRegRead

i.CyBleStackMgr_BleSSReset
                0x00003494       0x38
 i.CyBleStackMgr_BleSSReset
                0x00003494       0x38 ..\..\..\..\..\Documents\PSoC Creator\4.1\Downloads ( 4.1).cylib\BLE_v3_40\Library\gccCyBLEStack_BLE_SOC_PERIPHERAL.a(CyBleStackMgr_BleSSDriver.o)
                0x00003494                CyBleStackMgr_BleSSReset

i.CyBleStackMgr_GenericIface
                0x000034cc       0x3c
 i.CyBleStackMgr_GenericIface
                0x000034cc       0x3c ..\..\..\..\..\Documents\PSoC Creator\4.1\Downloads ( 4.1).cylib\BLE_v3_40\Library\gccCyBLEStack_BLE_SOC_PERIPHERAL.a(CyBleStackMgr_BleSSDriver.o)
                0x000034cc                CyBleStackMgr_GenericIface

i.CyBleStackMgr_HandleBleSSIntr
                0x00003508       0xa0
 i.CyBleStackMgr_HandleBleSSIntr
                0x00003508       0xa0 ..\..\..\..\..\Documents\PSoC Creator\4.1\Downloads ( 4.1).cylib\BLE_v3_40\Library\gccCyBLEStack_BLE_SOC_PERIPHERAL.a(CyBleStackMgr_BleSSDriver.o)
                0x00003508                CyBleStackMgr_HandleBleSSIntr

i.CyBleStackMgr_SetClockParam
                0x000035a8       0xb4
 i.CyBleStackMgr_SetClockParam
                0x000035a8       0xb4 ..\..\..\..\..\Documents\PSoC Creator\4.1\Downloads ( 4.1).cylib\BLE_v3_40\Library\gccCyBLEStack_BLE_SOC_PERIPHERAL.a(CyBleStackMgr_BleSSDriver.o)

i.CyBle_ExitDsmMode
                0x0000365c       0x2c
 i.CyBle_ExitDsmMode
                0x0000365c       0x2c ..\..\..\..\..\Documents\PSoC Creator\4.1\Downloads ( 4.1).cylib\BLE_v3_40\Library\gccCyBLEStack_BLE_SOC_PERIPHERAL.a(CyBleStackMgr_BleSSDriver.o)
                0x0000365c                CyBle_ExitDsmMode

i.CyBle_GetBleSsOperationalMode
                0x00003688        0xc
 i.CyBle_GetBleSsOperationalMode
                0x00003688        0xc ..\..\..\..\..\Documents\PSoC Creator\4.1\Downloads ( 4.1).cylib\BLE_v3_40\Library\gccCyBLEStack_BLE_SOC_PERIPHERAL.a(CyBleStackMgr_BleSSDriver.o)
                0x00003688                CyBle_GetBleSsOperationalMode

i.CyBle_GetLpMode
                0x00003694       0x26
 i.CyBle_GetLpMode
                0x00003694       0x26 ..\..\..\..\..\Documents\PSoC Creator\4.1\Downloads ( 4.1).cylib\BLE_v3_40\Library\gccCyBLEStack_BLE_SOC_PERIPHERAL.a(CyBleStackMgr_BleSSDriver.o)
                0x00003694                CyBle_GetLpMode

i.CyBle_GetTxGainMode
                0x000036bc       0x2c
 i.CyBle_GetTxGainMode
                0x000036bc       0x2c ..\..\..\..\..\Documents\PSoC Creator\4.1\Downloads ( 4.1).cylib\BLE_v3_40\Library\gccCyBLEStack_BLE_SOC_PERIPHERAL.a(CyBleStackMgr_BleSSDriver.o)
                0x000036bc                CyBle_GetTxGainMode

i.CyBle_SetBleSsOperationalMode
                0x000036e8       0x20
 i.CyBle_SetBleSsOperationalMode
                0x000036e8       0x20 ..\..\..\..\..\Documents\PSoC Creator\4.1\Downloads ( 4.1).cylib\BLE_v3_40\Library\gccCyBLEStack_BLE_SOC_PERIPHERAL.a(CyBleStackMgr_BleSSDriver.o)
                0x000036e8                CyBle_SetBleSsOperationalMode

i.CyBle_SetEventCloseState
                0x00003708        0xc
 i.CyBle_SetEventCloseState
                0x00003708        0xc ..\..\..\..\..\Documents\PSoC Creator\4.1\Downloads ( 4.1).cylib\BLE_v3_40\Library\gccCyBLEStack_BLE_SOC_PERIPHERAL.a(CyBleStackMgr_BleSSDriver.o)
                0x00003708                CyBle_SetEventCloseState

i.CyBle_SetRxGainMode
                0x00003714       0x20
 i.CyBle_SetRxGainMode
                0x00003714       0x20 ..\..\..\..\..\Documents\PSoC Creator\4.1\Downloads ( 4.1).cylib\BLE_v3_40\Library\gccCyBLEStack_BLE_SOC_PERIPHERAL.a(CyBleStackMgr_BleSSDriver.o)
                0x00003714                CyBle_SetRxGainMode

i.CyBle_SetTxGainMode
                0x00003734       0x38
 i.CyBle_SetTxGainMode
                0x00003734       0x38 ..\..\..\..\..\Documents\PSoC Creator\4.1\Downloads ( 4.1).cylib\BLE_v3_40\Library\gccCyBLEStack_BLE_SOC_PERIPHERAL.a(CyBleStackMgr_BleSSDriver.o)
                0x00003734                CyBle_SetTxGainMode

i.pf_rf_get_abs_rssi
                0x0000376c       0x50
 i.pf_rf_get_abs_rssi
                0x0000376c       0x50 ..\..\..\..\..\Documents\PSoC Creator\4.1\Downloads ( 4.1).cylib\BLE_v3_40\Library\gccCyBLEStack_BLE_SOC_PERIPHERAL.a(CyBleStackMgr_BleSSDriver.o)
                0x0000376c                pf_rf_get_abs_rssi

i.BleStackFlashStorageInit
                0x000037bc       0x84
 i.BleStackFlashStorageInit
                0x000037bc       0x84 ..\..\..\..\..\Documents\PSoC Creator\4.1\Downloads ( 4.1).cylib\BLE_v3_40\Library\gccCyBLEStack_BLE_SOC_PERIPHERAL.a(storage_pl.o)
                0x000037bc                BleStackFlashStorageInit

i.BleStackIsFlashCorrupted
                0x00003840       0x3c
 i.BleStackIsFlashCorrupted
                0x00003840       0x3c ..\..\..\..\..\Documents\PSoC Creator\4.1\Downloads ( 4.1).cylib\BLE_v3_40\Library\gccCyBLEStack_BLE_SOC_PERIPHERAL.a(storage_pl.o)
                0x00003840                BleStackIsFlashCorrupted

i.BleStackWriteToFlashPending
                0x0000387c       0x24
 i.BleStackWriteToFlashPending
                0x0000387c       0x24 ..\..\..\..\..\Documents\PSoC Creator\4.1\Downloads ( 4.1).cylib\BLE_v3_40\Library\gccCyBLEStack_BLE_SOC_PERIPHERAL.a(storage_pl.o)
                0x0000387c                BleStackWriteToFlashPending

i.BleStackWriteToFlashRam
                0x000038a0       0x78
 i.BleStackWriteToFlashRam
                0x000038a0       0x78 ..\..\..\..\..\Documents\PSoC Creator\4.1\Downloads ( 4.1).cylib\BLE_v3_40\Library\gccCyBLEStack_BLE_SOC_PERIPHERAL.a(storage_pl.o)
                0x000038a0                BleStackWriteToFlashRam

i.calc_checksum
                0x00003918       0x1a
 i.calc_checksum
                0x00003918       0x1a ..\..\..\..\..\Documents\PSoC Creator\4.1\Downloads ( 4.1).cylib\BLE_v3_40\Library\gccCyBLEStack_BLE_SOC_PERIPHERAL.a(storage_pl.o)
                0x00003918                calc_checksum

i.storage_bt_init_pl
                0x00003934       0x30
 i.storage_bt_init_pl
                0x00003934       0x30 ..\..\..\..\..\Documents\PSoC Creator\4.1\Downloads ( 4.1).cylib\BLE_v3_40\Library\gccCyBLEStack_BLE_SOC_PERIPHERAL.a(storage_pl.o)
                0x00003934                storage_bt_init_pl

i.storage_close_pl
                0x00003964        0x4
 i.storage_close_pl
                0x00003964        0x4 ..\..\..\..\..\Documents\PSoC Creator\4.1\Downloads ( 4.1).cylib\BLE_v3_40\Library\gccCyBLEStack_BLE_SOC_PERIPHERAL.a(storage_pl.o)
                0x00003964                storage_close_pl

i.storage_open_pl
                0x00003968       0x1c
 i.storage_open_pl
                0x00003968       0x1c ..\..\..\..\..\Documents\PSoC Creator\4.1\Downloads ( 4.1).cylib\BLE_v3_40\Library\gccCyBLEStack_BLE_SOC_PERIPHERAL.a(storage_pl.o)
                0x00003968                storage_open_pl

i.storage_read_pl
                0x00003984       0x28
 i.storage_read_pl
                0x00003984       0x28 ..\..\..\..\..\Documents\PSoC Creator\4.1\Downloads ( 4.1).cylib\BLE_v3_40\Library\gccCyBLEStack_BLE_SOC_PERIPHERAL.a(storage_pl.o)
                0x00003984                storage_read_pl

i.storage_read_signature_pl
                0x000039ac       0x2c
 i.storage_read_signature_pl
                0x000039ac       0x2c ..\..\..\..\..\Documents\PSoC Creator\4.1\Downloads ( 4.1).cylib\BLE_v3_40\Library\gccCyBLEStack_BLE_SOC_PERIPHERAL.a(storage_pl.o)
                0x000039ac                storage_read_signature_pl

i.storage_register_flash_pointer
                0x000039d8       0x20
 i.storage_register_flash_pointer
                0x000039d8       0x20 ..\..\..\..\..\Documents\PSoC Creator\4.1\Downloads ( 4.1).cylib\BLE_v3_40\Library\gccCyBLEStack_BLE_SOC_PERIPHERAL.a(storage_pl.o)
                0x000039d8                storage_register_flash_pointer

i.storage_reset_storage_offset
                0x000039f8       0x10
 i.storage_reset_storage_offset
                0x000039f8       0x10 ..\..\..\..\..\Documents\PSoC Creator\4.1\Downloads ( 4.1).cylib\BLE_v3_40\Library\gccCyBLEStack_BLE_SOC_PERIPHERAL.a(storage_pl.o)

i.storage_write_pl
                0x00003a08       0x24
 i.storage_write_pl
                0x00003a08       0x24 ..\..\..\..\..\Documents\PSoC Creator\4.1\Downloads ( 4.1).cylib\BLE_v3_40\Library\gccCyBLEStack_BLE_SOC_PERIPHERAL.a(storage_pl.o)
                0x00003a08                storage_write_pl

i.storage_write_signature_pl
                0x00003a2c       0x14
 i.storage_write_signature_pl
                0x00003a2c       0x14 ..\..\..\..\..\Documents\PSoC Creator\4.1\Downloads ( 4.1).cylib\BLE_v3_40\Library\gccCyBLEStack_BLE_SOC_PERIPHERAL.a(storage_pl.o)
                0x00003a2c                storage_write_signature_pl

i.OS_init       0x00003a40       0x64
 i.OS_init      0x00003a40       0x64 ..\..\..\..\..\Documents\PSoC Creator\4.1\Downloads ( 4.1).cylib\BLE_v3_40\Library\gccCyBLEStack_BLE_SOC_PERIPHERAL.a(mint_os.o)
                0x00003a40                OS_init

i.mintos_malloc
                0x00003aa4       0x34
 i.mintos_malloc
                0x00003aa4       0x34 ..\..\..\..\..\Documents\PSoC Creator\4.1\Downloads ( 4.1).cylib\BLE_v3_40\Library\gccCyBLEStack_BLE_SOC_PERIPHERAL.a(mint_os.o)
                0x00003aa4                mintos_malloc

i.OS_create_queue
                0x00003ad8       0x64
 i.OS_create_queue
                0x00003ad8       0x64 ..\..\..\..\..\Documents\PSoC Creator\4.1\Downloads ( 4.1).cylib\BLE_v3_40\Library\gccCyBLEStack_BLE_SOC_PERIPHERAL.a(mint_os_queue.o)
                0x00003ad8                OS_create_queue

i.OS_enqueue_item
                0x00003b3c       0x8c
 i.OS_enqueue_item
                0x00003b3c       0x8c ..\..\..\..\..\Documents\PSoC Creator\4.1\Downloads ( 4.1).cylib\BLE_v3_40\Library\gccCyBLEStack_BLE_SOC_PERIPHERAL.a(mint_os_queue.o)
                0x00003b3c                OS_enqueue_item

i.OS_queue_get_num_of_items
                0x00003bc8       0x28
 i.OS_queue_get_num_of_items
                0x00003bc8       0x28 ..\..\..\..\..\Documents\PSoC Creator\4.1\Downloads ( 4.1).cylib\BLE_v3_40\Library\gccCyBLEStack_BLE_SOC_PERIPHERAL.a(mint_os_queue.o)
                0x00003bc8                OS_queue_get_num_of_items

i.OS_queue_mgmt_init
                0x00003bf0       0x40
 i.OS_queue_mgmt_init
                0x00003bf0       0x40 ..\..\..\..\..\Documents\PSoC Creator\4.1\Downloads ( 4.1).cylib\BLE_v3_40\Library\gccCyBLEStack_BLE_SOC_PERIPHERAL.a(mint_os_queue.o)
                0x00003bf0                OS_queue_mgmt_init

i.OS_remove_item
                0x00003c30       0xa0
 i.OS_remove_item
                0x00003c30       0xa0 ..\..\..\..\..\Documents\PSoC Creator\4.1\Downloads ( 4.1).cylib\BLE_v3_40\Library\gccCyBLEStack_BLE_SOC_PERIPHERAL.a(mint_os_queue.o)
                0x00003c30                OS_remove_item

i.OS_create_task
                0x00003cd0       0x88
 i.OS_create_task
                0x00003cd0       0x88 ..\..\..\..\..\Documents\PSoC Creator\4.1\Downloads ( 4.1).cylib\BLE_v3_40\Library\gccCyBLEStack_BLE_SOC_PERIPHERAL.a(mint_os_task.o)
                0x00003cd0                OS_create_task

i.OS_isr_send_signal_to_task
                0x00003d58        0xc
 i.OS_isr_send_signal_to_task
                0x00003d58        0xc ..\..\..\..\..\Documents\PSoC Creator\4.1\Downloads ( 4.1).cylib\BLE_v3_40\Library\gccCyBLEStack_BLE_SOC_PERIPHERAL.a(mint_os_task.o)
                0x00003d58                OS_isr_send_signal_to_task

i.OS_scheduler  0x00003d64       0x64
 i.OS_scheduler
                0x00003d64       0x64 ..\..\..\..\..\Documents\PSoC Creator\4.1\Downloads ( 4.1).cylib\BLE_v3_40\Library\gccCyBLEStack_BLE_SOC_PERIPHERAL.a(mint_os_task.o)
                0x00003d64                OS_scheduler

i.OS_send_signal_to_task
                0x00003dc8        0xc
 i.OS_send_signal_to_task
                0x00003dc8        0xc ..\..\..\..\..\Documents\PSoC Creator\4.1\Downloads ( 4.1).cylib\BLE_v3_40\Library\gccCyBLEStack_BLE_SOC_PERIPHERAL.a(mint_os_task.o)
                0x00003dc8                OS_send_signal_to_task

i.OS_send_signal_to_task_context
                0x00003dd4       0x3c
 i.OS_send_signal_to_task_context
                0x00003dd4       0x3c ..\..\..\..\..\Documents\PSoC Creator\4.1\Downloads ( 4.1).cylib\BLE_v3_40\Library\gccCyBLEStack_BLE_SOC_PERIPHERAL.a(mint_os_task.o)

i.OS_task_mgmt_init
                0x00003e10       0x50
 i.OS_task_mgmt_init
                0x00003e10       0x50 ..\..\..\..\..\Documents\PSoC Creator\4.1\Downloads ( 4.1).cylib\BLE_v3_40\Library\gccCyBLEStack_BLE_SOC_PERIPHERAL.a(mint_os_task.o)
                0x00003e10                OS_task_mgmt_init

i.mint_buf_mgmt_allocate_buffer
                0x00003e60       0x4c
 i.mint_buf_mgmt_allocate_buffer
                0x00003e60       0x4c ..\..\..\..\..\Documents\PSoC Creator\4.1\Downloads ( 4.1).cylib\BLE_v3_40\Library\gccCyBLEStack_BLE_SOC_PERIPHERAL.a(mint_buf_mgmt.o)
                0x00003e60                mint_buf_mgmt_allocate_buffer

i.mint_buf_mgmt_create_pool
                0x00003eac       0xd0
 i.mint_buf_mgmt_create_pool
                0x00003eac       0xd0 ..\..\..\..\..\Documents\PSoC Creator\4.1\Downloads ( 4.1).cylib\BLE_v3_40\Library\gccCyBLEStack_BLE_SOC_PERIPHERAL.a(mint_buf_mgmt.o)
                0x00003eac                mint_buf_mgmt_create_pool

i.mint_buf_mgmt_free_buffer
                0x00003f7c       0xa4
 i.mint_buf_mgmt_free_buffer
                0x00003f7c       0xa4 ..\..\..\..\..\Documents\PSoC Creator\4.1\Downloads ( 4.1).cylib\BLE_v3_40\Library\gccCyBLEStack_BLE_SOC_PERIPHERAL.a(mint_buf_mgmt.o)
                0x00003f7c                mint_buf_mgmt_free_buffer

i.mint_buf_mgmt_init
                0x00004020       0x44
 i.mint_buf_mgmt_init
                0x00004020       0x44 ..\..\..\..\..\Documents\PSoC Creator\4.1\Downloads ( 4.1).cylib\BLE_v3_40\Library\gccCyBLEStack_BLE_SOC_PERIPHERAL.a(mint_buf_mgmt.o)
                0x00004020                mint_buf_mgmt_init

i.mint_buf_mgmt_malloc
                0x00004064       0x28
 i.mint_buf_mgmt_malloc
                0x00004064       0x28 ..\..\..\..\..\Documents\PSoC Creator\4.1\Downloads ( 4.1).cylib\BLE_v3_40\Library\gccCyBLEStack_BLE_SOC_PERIPHERAL.a(mint_buf_mgmt.o)
                0x00004064                mint_buf_mgmt_malloc

i.mint_buf_mgmt_pl_init
                0x0000408c       0x48
 i.mint_buf_mgmt_pl_init
                0x0000408c       0x48 ..\..\..\..\..\Documents\PSoC Creator\4.1\Downloads ( 4.1).cylib\BLE_v3_40\Library\gccCyBLEStack_BLE_SOC_PERIPHERAL.a(mint_buf_mgmt.o)
                0x0000408c                mint_buf_mgmt_pl_init

i.mint_buf_mgmt_reset_pool
                0x000040d4       0x70
 i.mint_buf_mgmt_reset_pool
                0x000040d4       0x70 ..\..\..\..\..\Documents\PSoC Creator\4.1\Downloads ( 4.1).cylib\BLE_v3_40\Library\gccCyBLEStack_BLE_SOC_PERIPHERAL.a(mint_buf_mgmt.o)
                0x000040d4                mint_buf_mgmt_reset_pool

i.mint_buf_mgmt_stack_init
                0x00004144       0x24
 i.mint_buf_mgmt_stack_init
                0x00004144       0x24 ..\..\..\..\..\Documents\PSoC Creator\4.1\Downloads ( 4.1).cylib\BLE_v3_40\Library\gccCyBLEStack_BLE_SOC_PERIPHERAL.a(mint_buf_mgmt.o)
                0x00004144                mint_buf_mgmt_stack_init

i.mint_buf_mgmt_stack_pop
                0x00004168       0x36
 i.mint_buf_mgmt_stack_pop
                0x00004168       0x36 ..\..\..\..\..\Documents\PSoC Creator\4.1\Downloads ( 4.1).cylib\BLE_v3_40\Library\gccCyBLEStack_BLE_SOC_PERIPHERAL.a(mint_buf_mgmt.o)
                0x00004168                mint_buf_mgmt_stack_pop

i.mint_buf_mgmt_stack_push
                0x0000419e       0x36
 i.mint_buf_mgmt_stack_push
                0x0000419e       0x36 ..\..\..\..\..\Documents\PSoC Creator\4.1\Downloads ( 4.1).cylib\BLE_v3_40\Library\gccCyBLEStack_BLE_SOC_PERIPHERAL.a(mint_buf_mgmt.o)
                0x0000419e                mint_buf_mgmt_stack_push

i.mint_buf_mgmt_stack_reset
                0x000041d4       0x1e
 i.mint_buf_mgmt_stack_reset
                0x000041d4       0x1e ..\..\..\..\..\Documents\PSoC Creator\4.1\Downloads ( 4.1).cylib\BLE_v3_40\Library\gccCyBLEStack_BLE_SOC_PERIPHERAL.a(mint_buf_mgmt.o)
                0x000041d4                mint_buf_mgmt_stack_reset

i.mint_buf_mgmt_stack_search_item
                0x000041f2       0x30
 i.mint_buf_mgmt_stack_search_item
                0x000041f2       0x30 ..\..\..\..\..\Documents\PSoC Creator\4.1\Downloads ( 4.1).cylib\BLE_v3_40\Library\gccCyBLEStack_BLE_SOC_PERIPHERAL.a(mint_buf_mgmt.o)
                0x000041f2                mint_buf_mgmt_stack_search_item

i.CyBleControllerIP_GetPingState
                0x00004224        0xc
 i.CyBleControllerIP_GetPingState
                0x00004224        0xc ..\..\..\..\..\Documents\PSoC Creator\4.1\Downloads ( 4.1).cylib\BLE_v3_40\Library\gccCyBLEStack_BLE_SOC_PERIPHERAL.a(CyBleControllerIP_Interface.o)
                0x00004224                CyBleControllerIP_GetPingState

i.CyBleController_AddDeviceToWhiteList
                0x00004230       0x48
 i.CyBleController_AddDeviceToWhiteList
                0x00004230       0x48 ..\..\..\..\..\Documents\PSoC Creator\4.1\Downloads ( 4.1).cylib\BLE_v3_40\Library\gccCyBLEStack_BLE_SOC_PERIPHERAL.a(CyBleControllerIP_Interface.o)
                0x00004230                CyBleController_AddDeviceToWhiteList

i.CyBleController_EnableDefaultDevicePrivacy
                0x00004278        0xc
 i.CyBleController_EnableDefaultDevicePrivacy
                0x00004278        0xc ..\..\..\..\..\Documents\PSoC Creator\4.1\Downloads ( 4.1).cylib\BLE_v3_40\Library\gccCyBLEStack_BLE_SOC_PERIPHERAL.a(CyBleControllerIP_Interface.o)
                0x00004278                CyBleController_EnableDefaultDevicePrivacy

i.CyBleController_ExitLowPowerMode
                0x00004284       0x10
 i.CyBleController_ExitLowPowerMode
                0x00004284       0x10 ..\..\..\..\..\Documents\PSoC Creator\4.1\Downloads ( 4.1).cylib\BLE_v3_40\Library\gccCyBLEStack_BLE_SOC_PERIPHERAL.a(CyBleControllerIP_Interface.o)
                0x00004284                CyBleController_ExitLowPowerMode

i.CyBleController_GetDeviceAddress
                0x00004294       0x22
 i.CyBleController_GetDeviceAddress
                0x00004294       0x22 ..\..\..\..\..\Documents\PSoC Creator\4.1\Downloads ( 4.1).cylib\BLE_v3_40\Library\gccCyBLEStack_BLE_SOC_PERIPHERAL.a(CyBleControllerIP_Interface.o)
                0x00004294                CyBleController_GetDeviceAddress

i.CyBleController_GetDleHeapMemory
                0x000042b6       0x10
 i.CyBleController_GetDleHeapMemory
                0x000042b6       0x10 ..\..\..\..\..\Documents\PSoC Creator\4.1\Downloads ( 4.1).cylib\BLE_v3_40\Library\gccCyBLEStack_BLE_SOC_PERIPHERAL.a(CyBleControllerIP_Interface.o)
                0x000042b6                CyBleController_GetDleHeapMemory

i.CyBleController_GetPrivacyHeapMemory
                0x000042c8       0x1c
 i.CyBleController_GetPrivacyHeapMemory
                0x000042c8       0x1c ..\..\..\..\..\Documents\PSoC Creator\4.1\Downloads ( 4.1).cylib\BLE_v3_40\Library\gccCyBLEStack_BLE_SOC_PERIPHERAL.a(CyBleControllerIP_Interface.o)
                0x000042c8                CyBleController_GetPrivacyHeapMemory

i.CyBleController_Init
                0x000042e4       0x40
 i.CyBleController_Init
                0x000042e4       0x40 ..\..\..\..\..\Documents\PSoC Creator\4.1\Downloads ( 4.1).cylib\BLE_v3_40\Library\gccCyBLEStack_BLE_SOC_PERIPHERAL.a(CyBleControllerIP_Interface.o)
                0x000042e4                CyBleController_Init

i.CyBleController_SetDeviceAddress
                0x00004324       0x2e
 i.CyBleController_SetDeviceAddress
                0x00004324       0x2e ..\..\..\..\..\Documents\PSoC Creator\4.1\Downloads ( 4.1).cylib\BLE_v3_40\Library\gccCyBLEStack_BLE_SOC_PERIPHERAL.a(CyBleControllerIP_Interface.o)
                0x00004324                CyBleController_SetDeviceAddress

i.CyBleController_SetDleParams
                0x00004354       0x1c
 i.CyBleController_SetDleParams
                0x00004354       0x1c ..\..\..\..\..\Documents\PSoC Creator\4.1\Downloads ( 4.1).cylib\BLE_v3_40\Library\gccCyBLEStack_BLE_SOC_PERIPHERAL.a(CyBleControllerIP_Interface.o)
                0x00004354                CyBleController_SetDleParams

i.CyBleController_SetLePrivacyParams
                0x00004370       0x18
 i.CyBleController_SetLePrivacyParams
                0x00004370       0x18 ..\..\..\..\..\Documents\PSoC Creator\4.1\Downloads ( 4.1).cylib\BLE_v3_40\Library\gccCyBLEStack_BLE_SOC_PERIPHERAL.a(CyBleControllerIP_Interface.o)
                0x00004370                CyBleController_SetLePrivacyParams

i.CyBle_GetFirmwareProgrammedDSM
                0x00004388        0xc
 i.CyBle_GetFirmwareProgrammedDSM
                0x00004388        0xc ..\..\..\..\..\Documents\PSoC Creator\4.1\Downloads ( 4.1).cylib\BLE_v3_40\Library\gccCyBLEStack_BLE_SOC_PERIPHERAL.a(CyBleControllerIP_Interface.o)
                0x00004388                CyBle_GetFirmwareProgrammedDSM

i.CyBle_GetTxPowerLevel
                0x00004394       0x54
 i.CyBle_GetTxPowerLevel
                0x00004394       0x54 ..\..\..\..\..\Documents\PSoC Creator\4.1\Downloads ( 4.1).cylib\BLE_v3_40\Library\gccCyBLEStack_BLE_SOC_PERIPHERAL.a(CyBleControllerIP_Interface.o)
                0x00004394                CyBle_GetTxPowerLevel

i.CyBle_SendBlessEvtoAPP
                0x000043e8        0xc
 i.CyBle_SendBlessEvtoAPP
                0x000043e8        0xc ..\..\..\..\..\Documents\PSoC Creator\4.1\Downloads ( 4.1).cylib\BLE_v3_40\Library\gccCyBLEStack_BLE_SOC_PERIPHERAL.a(CyBleControllerIP_Interface.o)
                0x000043e8                CyBle_SendBlessEvtoAPP

i.CyBle_SendEventToApp
                0x000043f4       0x38
 i.CyBle_SendEventToApp
                0x000043f4       0x38 ..\..\..\..\..\Documents\PSoC Creator\4.1\Downloads ( 4.1).cylib\BLE_v3_40\Library\gccCyBLEStack_BLE_SOC_PERIPHERAL.a(CyBleControllerIP_Interface.o)
                0x000043f4                CyBle_SendEventToApp

i.CyBle_SetFirmwareProgrammedDSM
                0x0000442c        0xc
 i.CyBle_SetFirmwareProgrammedDSM
                0x0000442c        0xc ..\..\..\..\..\Documents\PSoC Creator\4.1\Downloads ( 4.1).cylib\BLE_v3_40\Library\gccCyBLEStack_BLE_SOC_PERIPHERAL.a(CyBleControllerIP_Interface.o)
                0x0000442c                CyBle_SetFirmwareProgrammedDSM

i.CyBle_SetTxPowerLevel
                0x00004438       0x88
 i.CyBle_SetTxPowerLevel
                0x00004438       0x88 ..\..\..\..\..\Documents\PSoC Creator\4.1\Downloads ( 4.1).cylib\BLE_v3_40\Library\gccCyBLEStack_BLE_SOC_PERIPHERAL.a(CyBleControllerIP_Interface.o)
                0x00004438                CyBle_SetTxPowerLevel

i.ll_check_and_mark_packet_ready_for_transmission
                0x000044c0       0x44
 i.ll_check_and_mark_packet_ready_for_transmission
                0x000044c0       0x44 ..\..\..\..\..\Documents\PSoC Creator\4.1\Downloads ( 4.1).cylib\BLE_v3_40\Library\gccCyBLEStack_BLE_SOC_PERIPHERAL.a(ll.o)
                0x000044c0                ll_check_and_mark_packet_ready_for_transmission

i.ll_cleanup_pending_data_pdu
                0x00004504       0x44
 i.ll_cleanup_pending_data_pdu
                0x00004504       0x44 ..\..\..\..\..\Documents\PSoC Creator\4.1\Downloads ( 4.1).cylib\BLE_v3_40\Library\gccCyBLEStack_BLE_SOC_PERIPHERAL.a(ll.o)
                0x00004504                ll_cleanup_pending_data_pdu

i.ll_exit_low_power_mode
                0x00004548       0x84
 i.ll_exit_low_power_mode
                0x00004548       0x84 ..\..\..\..\..\Documents\PSoC Creator\4.1\Downloads ( 4.1).cylib\BLE_v3_40\Library\gccCyBLEStack_BLE_SOC_PERIPHERAL.a(ll.o)
                0x00004548                ll_exit_low_power_mode

i.ll_get_ack_status
                0x000045cc       0x44
 i.ll_get_ack_status
                0x000045cc       0x44 ..\..\..\..\..\Documents\PSoC Creator\4.1\Downloads ( 4.1).cylib\BLE_v3_40\Library\gccCyBLEStack_BLE_SOC_PERIPHERAL.a(ll.o)
                0x000045cc                ll_get_ack_status

i.ll_get_adv_ch_tx_power
                0x00004610       0x20
 i.ll_get_adv_ch_tx_power
                0x00004610       0x20 ..\..\..\..\..\Documents\PSoC Creator\4.1\Downloads ( 4.1).cylib\BLE_v3_40\Library\gccCyBLEStack_BLE_SOC_PERIPHERAL.a(ll.o)
                0x00004610                ll_get_adv_ch_tx_power

i.ll_get_data_channel_map
                0x00004630       0x28
 i.ll_get_data_channel_map
                0x00004630       0x28 ..\..\..\..\..\Documents\PSoC Creator\4.1\Downloads ( 4.1).cylib\BLE_v3_40\Library\gccCyBLEStack_BLE_SOC_PERIPHERAL.a(ll.o)
                0x00004630                ll_get_data_channel_map

i.ll_get_max_white_list_size
                0x00004658        0xc
 i.ll_get_max_white_list_size
                0x00004658        0xc ..\..\..\..\..\Documents\PSoC Creator\4.1\Downloads ( 4.1).cylib\BLE_v3_40\Library\gccCyBLEStack_BLE_SOC_PERIPHERAL.a(ll.o)
                0x00004658                ll_get_max_white_list_size

i.ll_get_my_role
                0x00004664        0xc
 i.ll_get_my_role
                0x00004664        0xc ..\..\..\..\..\Documents\PSoC Creator\4.1\Downloads ( 4.1).cylib\BLE_v3_40\Library\gccCyBLEStack_BLE_SOC_PERIPHERAL.a(ll.o)
                0x00004664                ll_get_my_role

i.ll_get_next_available_fifo_for_data_pdu
                0x00004670        0x8
 i.ll_get_next_available_fifo_for_data_pdu
                0x00004670        0x8 ..\..\..\..\..\Documents\PSoC Creator\4.1\Downloads ( 4.1).cylib\BLE_v3_40\Library\gccCyBLEStack_BLE_SOC_PERIPHERAL.a(ll.o)
                0x00004670                ll_get_next_available_fifo_for_data_pdu

i.ll_get_next_available_fifo_for_ll_pdu
                0x00004678       0x2c
 i.ll_get_next_available_fifo_for_ll_pdu
                0x00004678       0x2c ..\..\..\..\..\Documents\PSoC Creator\4.1\Downloads ( 4.1).cylib\BLE_v3_40\Library\gccCyBLEStack_BLE_SOC_PERIPHERAL.a(ll.o)
                0x00004678                ll_get_next_available_fifo_for_ll_pdu

i.ll_get_rssi_value
                0x000046a4       0x26
 i.ll_get_rssi_value
                0x000046a4       0x26 ..\..\..\..\..\Documents\PSoC Creator\4.1\Downloads ( 4.1).cylib\BLE_v3_40\Library\gccCyBLEStack_BLE_SOC_PERIPHERAL.a(ll.o)
                0x000046a4                ll_get_rssi_value

i.ll_get_transmit_power_level
                0x000046cc       0x2c
 i.ll_get_transmit_power_level
                0x000046cc       0x2c ..\..\..\..\..\Documents\PSoC Creator\4.1\Downloads ( 4.1).cylib\BLE_v3_40\Library\gccCyBLEStack_BLE_SOC_PERIPHERAL.a(ll.o)
                0x000046cc                ll_get_transmit_power_level

i.ll_handle_ack_received
                0x000046f8       0x74
 i.ll_handle_ack_received
                0x000046f8       0x74 ..\..\..\..\..\Documents\PSoC Creator\4.1\Downloads ( 4.1).cylib\BLE_v3_40\Library\gccCyBLEStack_BLE_SOC_PERIPHERAL.a(ll.o)
                0x000046f8                ll_handle_ack_received

i.ll_handle_add_device_in_whitelist
                0x0000476c       0x50
 i.ll_handle_add_device_in_whitelist
                0x0000476c       0x50 ..\..\..\..\..\Documents\PSoC Creator\4.1\Downloads ( 4.1).cylib\BLE_v3_40\Library\gccCyBLEStack_BLE_SOC_PERIPHERAL.a(ll.o)
                0x0000476c                ll_handle_add_device_in_whitelist

i.ll_handle_clear_whitelist
                0x000047bc       0x24
 i.ll_handle_clear_whitelist
                0x000047bc       0x24 ..\..\..\..\..\Documents\PSoC Creator\4.1\Downloads ( 4.1).cylib\BLE_v3_40\Library\gccCyBLEStack_BLE_SOC_PERIPHERAL.a(ll.o)
                0x000047bc                ll_handle_clear_whitelist

i.ll_handle_encrypt_host_data
                0x000047e0       0x36
 i.ll_handle_encrypt_host_data
                0x000047e0       0x36 ..\..\..\..\..\Documents\PSoC Creator\4.1\Downloads ( 4.1).cylib\BLE_v3_40\Library\gccCyBLEStack_BLE_SOC_PERIPHERAL.a(ll.o)
                0x000047e0                ll_handle_encrypt_host_data

i.ll_handle_host_data_packet
                0x00004818       0x9c
 i.ll_handle_host_data_packet
                0x00004818       0x9c ..\..\..\..\..\Documents\PSoC Creator\4.1\Downloads ( 4.1).cylib\BLE_v3_40\Library\gccCyBLEStack_BLE_SOC_PERIPHERAL.a(ll.o)
                0x00004818                ll_handle_host_data_packet

i.ll_handle_read_host_channel_map
                0x000048b4        0x4
 i.ll_handle_read_host_channel_map
                0x000048b4        0x4 ..\..\..\..\..\Documents\PSoC Creator\4.1\Downloads ( 4.1).cylib\BLE_v3_40\Library\gccCyBLEStack_BLE_SOC_PERIPHERAL.a(ll.o)
                0x000048b4                ll_handle_read_host_channel_map

i.ll_handle_remove_device_in_whitelist
                0x000048b8       0x38
 i.ll_handle_remove_device_in_whitelist
                0x000048b8       0x38 ..\..\..\..\..\Documents\PSoC Creator\4.1\Downloads ( 4.1).cylib\BLE_v3_40\Library\gccCyBLEStack_BLE_SOC_PERIPHERAL.a(ll.o)
                0x000048b8                ll_handle_remove_device_in_whitelist

i.ll_handle_reset
                0x000048f0        0xe
 i.ll_handle_reset
                0x000048f0        0xe ..\..\..\..\..\Documents\PSoC Creator\4.1\Downloads ( 4.1).cylib\BLE_v3_40\Library\gccCyBLEStack_BLE_SOC_PERIPHERAL.a(ll.o)
                0x000048f0                ll_handle_reset

i.ll_handle_set_random_address
                0x000048fe       0x36
 i.ll_handle_set_random_address
                0x000048fe       0x36 ..\..\..\..\..\Documents\PSoC Creator\4.1\Downloads ( 4.1).cylib\BLE_v3_40\Library\gccCyBLEStack_BLE_SOC_PERIPHERAL.a(ll.o)
                0x000048fe                ll_handle_set_random_address

i.ll_init       0x00004934       0x20
 i.ll_init      0x00004934       0x20 ..\..\..\..\..\Documents\PSoC Creator\4.1\Downloads ( 4.1).cylib\BLE_v3_40\Library\gccCyBLEStack_BLE_SOC_PERIPHERAL.a(ll.o)
                0x00004934                ll_init

i.ll_initialize_device_attributes
                0x00004954       0xc0
 i.ll_initialize_device_attributes
                0x00004954       0xc0 ..\..\..\..\..\Documents\PSoC Creator\4.1\Downloads ( 4.1).cylib\BLE_v3_40\Library\gccCyBLEStack_BLE_SOC_PERIPHERAL.a(ll.o)
                0x00004954                ll_initialize_device_attributes

i.ll_is_pkt_pending
                0x00004a14       0x2a
 i.ll_is_pkt_pending
                0x00004a14       0x2a ..\..\..\..\..\Documents\PSoC Creator\4.1\Downloads ( 4.1).cylib\BLE_v3_40\Library\gccCyBLEStack_BLE_SOC_PERIPHERAL.a(ll.o)
                0x00004a14                ll_is_pkt_pending

i.ll_is_sent_pkt_pending
                0x00004a3e       0x1a
 i.ll_is_sent_pkt_pending
                0x00004a3e       0x1a ..\..\..\..\..\Documents\PSoC Creator\4.1\Downloads ( 4.1).cylib\BLE_v3_40\Library\gccCyBLEStack_BLE_SOC_PERIPHERAL.a(ll.o)
                0x00004a3e                ll_is_sent_pkt_pending

i.ll_isr_exit_low_power_mode
                0x00004a58       0x16
 i.ll_isr_exit_low_power_mode
                0x00004a58       0x16 ..\..\..\..\..\Documents\PSoC Creator\4.1\Downloads ( 4.1).cylib\BLE_v3_40\Library\gccCyBLEStack_BLE_SOC_PERIPHERAL.a(ll.o)
                0x00004a58                ll_isr_exit_low_power_mode

i.ll_load_host_data_packet
                0x00004a6e       0x3c
 i.ll_load_host_data_packet
                0x00004a6e       0x3c ..\..\..\..\..\Documents\PSoC Creator\4.1\Downloads ( 4.1).cylib\BLE_v3_40\Library\gccCyBLEStack_BLE_SOC_PERIPHERAL.a(ll.o)
                0x00004a6e                ll_load_host_data_packet

i.ll_load_packet_to_fifo
                0x00004aac       0xc0
 i.ll_load_packet_to_fifo
                0x00004aac       0xc0 ..\..\..\..\..\Documents\PSoC Creator\4.1\Downloads ( 4.1).cylib\BLE_v3_40\Library\gccCyBLEStack_BLE_SOC_PERIPHERAL.a(ll.o)
                0x00004aac                ll_load_packet_to_fifo

i.ll_process_acks
                0x00004b6c       0x60
 i.ll_process_acks
                0x00004b6c       0x60 ..\..\..\..\..\Documents\PSoC Creator\4.1\Downloads ( 4.1).cylib\BLE_v3_40\Library\gccCyBLEStack_BLE_SOC_PERIPHERAL.a(ll.o)
                0x00004b6c                ll_process_acks

i.ll_reset      0x00004bcc       0x14
 i.ll_reset     0x00004bcc       0x14 ..\..\..\..\..\Documents\PSoC Creator\4.1\Downloads ( 4.1).cylib\BLE_v3_40\Library\gccCyBLEStack_BLE_SOC_PERIPHERAL.a(ll.o)
                0x00004bcc                ll_reset

i.ll_update_active_features
                0x00004be0       0x58
 i.ll_update_active_features
                0x00004be0       0x58 ..\..\..\..\..\Documents\PSoC Creator\4.1\Downloads ( 4.1).cylib\BLE_v3_40\Library\gccCyBLEStack_BLE_SOC_PERIPHERAL.a(ll.o)
                0x00004be0                ll_update_active_features

i.ll_update_device_fsm
                0x00004c38        0x8
 i.ll_update_device_fsm
                0x00004c38        0x8 ..\..\..\..\..\Documents\PSoC Creator\4.1\Downloads ( 4.1).cylib\BLE_v3_40\Library\gccCyBLEStack_BLE_SOC_PERIPHERAL.a(ll.o)
                0x00004c38                ll_update_device_fsm

i.ll_validate_add_device_to_whitelist_params
                0x00004c40       0x14
 i.ll_validate_add_device_to_whitelist_params
                0x00004c40       0x14 ..\..\..\..\..\Documents\PSoC Creator\4.1\Downloads ( 4.1).cylib\BLE_v3_40\Library\gccCyBLEStack_BLE_SOC_PERIPHERAL.a(ll.o)
                0x00004c40                ll_validate_add_device_to_whitelist_params

i.ll_validate_bd_addr
                0x00004c54       0x1a
 i.ll_validate_bd_addr
                0x00004c54       0x1a ..\..\..\..\..\Documents\PSoC Creator\4.1\Downloads ( 4.1).cylib\BLE_v3_40\Library\gccCyBLEStack_BLE_SOC_PERIPHERAL.a(ll.o)
                0x00004c54                ll_validate_bd_addr

i.ll_wait_to_exit_dsm
                0x00004c6e       0x2c
 i.ll_wait_to_exit_dsm
                0x00004c6e       0x2c ..\..\..\..\..\Documents\PSoC Creator\4.1\Downloads ( 4.1).cylib\BLE_v3_40\Library\gccCyBLEStack_BLE_SOC_PERIPHERAL.a(ll.o)

i.pf_le_start_timer
                0x00004c9a       0x16
 i.pf_le_start_timer
                0x00004c9a       0x16 ..\..\..\..\..\Documents\PSoC Creator\4.1\Downloads ( 4.1).cylib\BLE_v3_40\Library\gccCyBLEStack_BLE_SOC_PERIPHERAL.a(ll.o)
                0x00004c9a                pf_le_start_timer

i.pf_le_stop_timer
                0x00004cb0       0x12
 i.pf_le_stop_timer
                0x00004cb0       0x12 ..\..\..\..\..\Documents\PSoC Creator\4.1\Downloads ( 4.1).cylib\BLE_v3_40\Library\gccCyBLEStack_BLE_SOC_PERIPHERAL.a(ll.o)
                0x00004cb0                pf_le_stop_timer

i.CyBleControllerIP_TuneAdvEventInterPktSlots
                0x00004cc4       0x3c
 i.CyBleControllerIP_TuneAdvEventInterPktSlots
                0x00004cc4       0x3c ..\..\..\..\..\Documents\PSoC Creator\4.1\Downloads ( 4.1).cylib\BLE_v3_40\Library\gccCyBLEStack_BLE_SOC_PERIPHERAL.a(ll_advertiser.o)
                0x00004cc4                CyBleControllerIP_TuneAdvEventInterPktSlots

i.ll_adv_is_configured_connection_adv
                0x00004d00       0x1e
 i.ll_adv_is_configured_connection_adv
                0x00004d00       0x1e ..\..\..\..\..\Documents\PSoC Creator\4.1\Downloads ( 4.1).cylib\BLE_v3_40\Library\gccCyBLEStack_BLE_SOC_PERIPHERAL.a(ll_advertiser.o)
                0x00004d00                ll_adv_is_configured_connection_adv

i.ll_check_random_address_in_use_by_advertiser
                0x00004d1e       0x10
 i.ll_check_random_address_in_use_by_advertiser
                0x00004d1e       0x10 ..\..\..\..\..\Documents\PSoC Creator\4.1\Downloads ( 4.1).cylib\BLE_v3_40\Library\gccCyBLEStack_BLE_SOC_PERIPHERAL.a(ll_advertiser.o)
                0x00004d1e                ll_check_random_address_in_use_by_advertiser

i.ll_check_whitelist_in_use_by_advertiser
                0x00004d2e       0x10
 i.ll_check_whitelist_in_use_by_advertiser
                0x00004d2e       0x10 ..\..\..\..\..\Documents\PSoC Creator\4.1\Downloads ( 4.1).cylib\BLE_v3_40\Library\gccCyBLEStack_BLE_SOC_PERIPHERAL.a(ll_advertiser.o)
                0x00004d2e                ll_check_whitelist_in_use_by_advertiser

i.ll_get_adv_data
                0x00004d40        0xc
 i.ll_get_adv_data
                0x00004d40        0xc ..\..\..\..\..\Documents\PSoC Creator\4.1\Downloads ( 4.1).cylib\BLE_v3_40\Library\gccCyBLEStack_BLE_SOC_PERIPHERAL.a(ll_advertiser.o)
                0x00004d40                ll_get_adv_data

i.ll_get_adv_status
                0x00004d4c        0xc
 i.ll_get_adv_status
                0x00004d4c        0xc ..\..\..\..\..\Documents\PSoC Creator\4.1\Downloads ( 4.1).cylib\BLE_v3_40\Library\gccCyBLEStack_BLE_SOC_PERIPHERAL.a(ll_advertiser.o)
                0x00004d4c                ll_get_adv_status

i.ll_get_adv_type
                0x00004d58       0x18
 i.ll_get_adv_type
                0x00004d58       0x18 ..\..\..\..\..\Documents\PSoC Creator\4.1\Downloads ( 4.1).cylib\BLE_v3_40\Library\gccCyBLEStack_BLE_SOC_PERIPHERAL.a(ll_advertiser.o)
                0x00004d58                ll_get_adv_type

i.ll_get_scan_rsp_data
                0x00004d70        0xc
 i.ll_get_scan_rsp_data
                0x00004d70        0xc ..\..\..\..\..\Documents\PSoC Creator\4.1\Downloads ( 4.1).cylib\BLE_v3_40\Library\gccCyBLEStack_BLE_SOC_PERIPHERAL.a(ll_advertiser.o)
                0x00004d70                ll_get_scan_rsp_data

i.ll_handle_adv_intr
                0x00004d7c       0x54
 i.ll_handle_adv_intr
                0x00004d7c       0x54 ..\..\..\..\..\Documents\PSoC Creator\4.1\Downloads ( 4.1).cylib\BLE_v3_40\Library\gccCyBLEStack_BLE_SOC_PERIPHERAL.a(ll_advertiser.o)
                0x00004d7c                ll_handle_adv_intr

i.ll_handle_set_adv_data
                0x00004dd0       0x38
 i.ll_handle_set_adv_data
                0x00004dd0       0x38 ..\..\..\..\..\Documents\PSoC Creator\4.1\Downloads ( 4.1).cylib\BLE_v3_40\Library\gccCyBLEStack_BLE_SOC_PERIPHERAL.a(ll_advertiser.o)
                0x00004dd0                ll_handle_set_adv_data

i.ll_handle_set_adv_parameters
                0x00004e08       0xa4
 i.ll_handle_set_adv_parameters
                0x00004e08       0xa4 ..\..\..\..\..\Documents\PSoC Creator\4.1\Downloads ( 4.1).cylib\BLE_v3_40\Library\gccCyBLEStack_BLE_SOC_PERIPHERAL.a(ll_advertiser.o)
                0x00004e08                ll_handle_set_adv_parameters

i.ll_handle_set_advertise_enable
                0x00004eac       0x6a
 i.ll_handle_set_advertise_enable
                0x00004eac       0x6a ..\..\..\..\..\Documents\PSoC Creator\4.1\Downloads ( 4.1).cylib\BLE_v3_40\Library\gccCyBLEStack_BLE_SOC_PERIPHERAL.a(ll_advertiser.o)
                0x00004eac                ll_handle_set_advertise_enable

i.ll_handle_set_scan_resp_data
                0x00004f18       0x38
 i.ll_handle_set_scan_resp_data
                0x00004f18       0x38 ..\..\..\..\..\Documents\PSoC Creator\4.1\Downloads ( 4.1).cylib\BLE_v3_40\Library\gccCyBLEStack_BLE_SOC_PERIPHERAL.a(ll_advertiser.o)
                0x00004f18                ll_handle_set_scan_resp_data

i.ll_init_advertiser
                0x00004f50       0x70
 i.ll_init_advertiser
                0x00004f50       0x70 ..\..\..\..\..\Documents\PSoC Creator\4.1\Downloads ( 4.1).cylib\BLE_v3_40\Library\gccCyBLEStack_BLE_SOC_PERIPHERAL.a(ll_advertiser.o)
                0x00004f50                ll_init_advertiser

i.ll_update_adv_data
                0x00004fc0       0x34
 i.ll_update_adv_data
                0x00004fc0       0x34 ..\..\..\..\..\Documents\PSoC Creator\4.1\Downloads ( 4.1).cylib\BLE_v3_40\Library\gccCyBLEStack_BLE_SOC_PERIPHERAL.a(ll_advertiser.o)
                0x00004fc0                ll_update_adv_data

i.ll_update_scan_rsp_data
                0x00004ff4       0x34
 i.ll_update_scan_rsp_data
                0x00004ff4       0x34 ..\..\..\..\..\Documents\PSoC Creator\4.1\Downloads ( 4.1).cylib\BLE_v3_40\Library\gccCyBLEStack_BLE_SOC_PERIPHERAL.a(ll_advertiser.o)
                0x00004ff4                ll_update_scan_rsp_data

i.is_le_connection_handle
                0x00005028       0x28
 i.is_le_connection_handle
                0x00005028       0x28 ..\..\..\..\..\Documents\PSoC Creator\4.1\Downloads ( 4.1).cylib\BLE_v3_40\Library\gccCyBLEStack_BLE_SOC_PERIPHERAL.a(ll_connection.o)
                0x00005028                is_le_connection_handle

i.le_assign_connection_handle
                0x00005050       0x28
 i.le_assign_connection_handle
                0x00005050       0x28 ..\..\..\..\..\Documents\PSoC Creator\4.1\Downloads ( 4.1).cylib\BLE_v3_40\Library\gccCyBLEStack_BLE_SOC_PERIPHERAL.a(ll_connection.o)
                0x00005050                le_assign_connection_handle

i.le_get_connection_index
                0x00005078        0x6
 i.le_get_connection_index
                0x00005078        0x6 ..\..\..\..\..\Documents\PSoC Creator\4.1\Downloads ( 4.1).cylib\BLE_v3_40\Library\gccCyBLEStack_BLE_SOC_PERIPHERAL.a(ll_connection.o)
                0x00005078                le_get_connection_index

i.ll_allocate_connection
                0x00005080       0x44
 i.ll_allocate_connection
                0x00005080       0x44 ..\..\..\..\..\Documents\PSoC Creator\4.1\Downloads ( 4.1).cylib\BLE_v3_40\Library\gccCyBLEStack_BLE_SOC_PERIPHERAL.a(ll_connection.o)
                0x00005080                ll_allocate_connection

i.ll_calculate_and_program_def_win_widen_drift
                0x000050c4       0x14
 i.ll_calculate_and_program_def_win_widen_drift
                0x000050c4       0x14 ..\..\..\..\..\Documents\PSoC Creator\4.1\Downloads ( 4.1).cylib\BLE_v3_40\Library\gccCyBLEStack_BLE_SOC_PERIPHERAL.a(ll_connection.o)
                0x000050c4                ll_calculate_and_program_def_win_widen_drift

i.ll_calculate_drift
                0x000050d8       0x2c
 i.ll_calculate_drift
                0x000050d8       0x2c ..\..\..\..\..\Documents\PSoC Creator\4.1\Downloads ( 4.1).cylib\BLE_v3_40\Library\gccCyBLEStack_BLE_SOC_PERIPHERAL.a(ll_connection.o)
                0x000050d8                ll_calculate_drift

i.ll_check_and_decrypt_ll_pdu
                0x00005104       0x70
 i.ll_check_and_decrypt_ll_pdu
                0x00005104       0x70 ..\..\..\..\..\Documents\PSoC Creator\4.1\Downloads ( 4.1).cylib\BLE_v3_40\Library\gccCyBLEStack_BLE_SOC_PERIPHERAL.a(ll_connection.o)
                0x00005104                ll_check_and_decrypt_ll_pdu

i.ll_check_and_decrypt_packet
                0x00005174       0x6a
 i.ll_check_and_decrypt_packet
                0x00005174       0x6a ..\..\..\..\..\Documents\PSoC Creator\4.1\Downloads ( 4.1).cylib\BLE_v3_40\Library\gccCyBLEStack_BLE_SOC_PERIPHERAL.a(ll_connection.o)
                0x00005174                ll_check_and_decrypt_packet

i.ll_check_and_encrypt_ll_pdu
                0x000051de       0x7c
 i.ll_check_and_encrypt_ll_pdu
                0x000051de       0x7c ..\..\..\..\..\Documents\PSoC Creator\4.1\Downloads ( 4.1).cylib\BLE_v3_40\Library\gccCyBLEStack_BLE_SOC_PERIPHERAL.a(ll_connection.o)
                0x000051de                ll_check_and_encrypt_ll_pdu

i.ll_check_and_encrypt_packet
                0x0000525a       0x82
 i.ll_check_and_encrypt_packet
                0x0000525a       0x82 ..\..\..\..\..\Documents\PSoC Creator\4.1\Downloads ( 4.1).cylib\BLE_v3_40\Library\gccCyBLEStack_BLE_SOC_PERIPHERAL.a(ll_connection.o)
                0x0000525a                ll_check_and_encrypt_packet

i.ll_check_for_allowing_incoming_connection_update
                0x000052dc       0x42
 i.ll_check_for_allowing_incoming_connection_update
                0x000052dc       0x42 ..\..\..\..\..\Documents\PSoC Creator\4.1\Downloads ( 4.1).cylib\BLE_v3_40\Library\gccCyBLEStack_BLE_SOC_PERIPHERAL.a(ll_connection.o)
                0x000052dc                ll_check_for_allowing_incoming_connection_update

i.ll_check_if_pdu_is_loaded_to_hardware
                0x00005320       0x1c
 i.ll_check_if_pdu_is_loaded_to_hardware
                0x00005320       0x1c ..\..\..\..\..\Documents\PSoC Creator\4.1\Downloads ( 4.1).cylib\BLE_v3_40\Library\gccCyBLEStack_BLE_SOC_PERIPHERAL.a(ll_connection.o)
                0x00005320                ll_check_if_pdu_is_loaded_to_hardware

i.ll_check_random_address_in_use_by_initiator
                0x0000533c       0x30
 i.ll_check_random_address_in_use_by_initiator
                0x0000533c       0x30 ..\..\..\..\..\Documents\PSoC Creator\4.1\Downloads ( 4.1).cylib\BLE_v3_40\Library\gccCyBLEStack_BLE_SOC_PERIPHERAL.a(ll_connection.o)
                0x0000533c                ll_check_random_address_in_use_by_initiator

i.ll_check_white_list_in_use_by_initiator
                0x0000536c       0x30
 i.ll_check_white_list_in_use_by_initiator
                0x0000536c       0x30 ..\..\..\..\..\Documents\PSoC Creator\4.1\Downloads ( 4.1).cylib\BLE_v3_40\Library\gccCyBLEStack_BLE_SOC_PERIPHERAL.a(ll_connection.o)
                0x0000536c                ll_check_white_list_in_use_by_initiator

i.ll_conn_free_enc_txn_buffer
                0x0000539c       0x16
 i.ll_conn_free_enc_txn_buffer
                0x0000539c       0x16 ..\..\..\..\..\Documents\PSoC Creator\4.1\Downloads ( 4.1).cylib\BLE_v3_40\Library\gccCyBLEStack_BLE_SOC_PERIPHERAL.a(ll_connection.o)
                0x0000539c                ll_conn_free_enc_txn_buffer

i.ll_conn_fsm_update_channel_state
                0x000053b2        0x6
 i.ll_conn_fsm_update_channel_state
                0x000053b2        0x6 ..\..\..\..\..\Documents\PSoC Creator\4.1\Downloads ( 4.1).cylib\BLE_v3_40\Library\gccCyBLEStack_BLE_SOC_PERIPHERAL.a(ll_connection.o)
                0x000053b2                ll_conn_fsm_update_channel_state

i.ll_conn_fsm_update_conn_update_state
                0x000053b8        0x6
 i.ll_conn_fsm_update_conn_update_state
                0x000053b8        0x6 ..\..\..\..\..\Documents\PSoC Creator\4.1\Downloads ( 4.1).cylib\BLE_v3_40\Library\gccCyBLEStack_BLE_SOC_PERIPHERAL.a(ll_connection.o)
                0x000053b8                ll_conn_fsm_update_conn_update_state

i.ll_conn_fsm_update_enc_state
                0x000053be        0x6
 i.ll_conn_fsm_update_enc_state
                0x000053be        0x6 ..\..\..\..\..\Documents\PSoC Creator\4.1\Downloads ( 4.1).cylib\BLE_v3_40\Library\gccCyBLEStack_BLE_SOC_PERIPHERAL.a(ll_connection.o)
                0x000053be                ll_conn_fsm_update_enc_state

i.ll_conn_fsm_update_state
                0x000053c4        0x4
 i.ll_conn_fsm_update_state
                0x000053c4        0x4 ..\..\..\..\..\Documents\PSoC Creator\4.1\Downloads ( 4.1).cylib\BLE_v3_40\Library\gccCyBLEStack_BLE_SOC_PERIPHERAL.a(ll_connection.o)
                0x000053c4                ll_conn_fsm_update_state

i.ll_conn_handle_data_pdu_from_host_when_data_paused
                0x000053c8        0x8
 i.ll_conn_handle_data_pdu_from_host_when_data_paused
                0x000053c8        0x8 ..\..\..\..\..\Documents\PSoC Creator\4.1\Downloads ( 4.1).cylib\BLE_v3_40\Library\gccCyBLEStack_BLE_SOC_PERIPHERAL.a(ll_connection.o)
                0x000053c8                ll_conn_handle_data_pdu_from_host_when_data_paused

i.ll_conn_handle_direct_adv_timeout
                0x000053d0       0x2c
 i.ll_conn_handle_direct_adv_timeout
                0x000053d0       0x2c ..\..\..\..\..\Documents\PSoC Creator\4.1\Downloads ( 4.1).cylib\BLE_v3_40\Library\gccCyBLEStack_BLE_SOC_PERIPHERAL.a(ll_connection.o)
                0x000053d0                ll_conn_handle_direct_adv_timeout

i.ll_conn_handle_ping_timer_expired_interrupt
                0x000053fc       0x1c
 i.ll_conn_handle_ping_timer_expired_interrupt
                0x000053fc       0x1c ..\..\..\..\..\Documents\PSoC Creator\4.1\Downloads ( 4.1).cylib\BLE_v3_40\Library\gccCyBLEStack_BLE_SOC_PERIPHERAL.a(ll_connection.o)